18:15:51 **** Incremental Build of configuration Debug for project COMPLEXCALC ****
make -j8 all 
arm-none-eabi-size  COMPLEXCALC.elf 
   text	   data	    bss	    dec	    hex	filename
  50472	    628	   2244	  53344	   d060	COMPLEXCALC.elf
Finished building: default.size.stdout
 
18:15:54 **** Incremental Build of configuration Debug for project COMPLEXCALC ****
make -j8 all 
arm-none-eabi-size  COMPLEXCALC.elf 
   text	   data	    bss	    dec	    hex	filename
  50472	    628	   2244	  53344	   d060	COMPLEXCALC.elf
Finished building: default.size.stdout
 
