Component: Arm Compiler for Embedded 6.23 Tool: armlink [5f102400]

==============================================================================

Section Cross References

    main.o(.text.main) refers to tecmat4x4.o(.text.confRCC) for confRCC
    main.o(.text.main) refers to tecmat4x4.o(.text.confGPIO) for confGPIO
    main.o(.text.main) refers to main.o(.bss.buffer) for buffer
    main.o(.text.main) refers to main.o(.bss.level) for level
    main.o(.text.main) refers to tecmat4x4.o(.text.gotKey) for gotKey
    main.o(.text.main) refers to main.o(.text.readPad) for readPad
    main.o(.text.main) refers to strtol.o(.text) for strtol
    main.o(.text.main) refers to main.o(.bss.matSize) for matSize
    main.o(.text.main) refers to main.o(.bss.index) for index
    main.o(.text.main) refers to strtod.o(i.__hardfp_strtod) for __hardfp_strtod
    main.o(.text.main) refers to main.o(.bss.A) for A
    main.o(.text.main) refers to d2f.o(x$fpl$d2f) for __aeabi_d2f
    main.o(.text.main) refers to main.o(.bss.b) for b
    main.o(.text.main) refers to main.o(.bss.x) for x
    main.o(.text.main) refers to complexgj.o(.text.solve_complex_system) for solve_complex_system
    main.o(.ARM.exidx.text.main) refers to main.o(.text.main) for [Anonymous Symbol]
    main.o(.text.readPad) refers to main.o(.bss.level) for level
    main.o(.text.readPad) refers to main.o(.bss.buffer) for buffer
    main.o(.text.readPad) refers to main.o(.bss.index) for index
    main.o(.ARM.exidx.text.readPad) refers to main.o(.text.readPad) for [Anonymous Symbol]
    tecmat4x4.o(.text.gotKey) refers to tecmat4x4.o(.data.rowPins) for rowPins
    tecmat4x4.o(.text.gotKey) refers to tecmat4x4.o(.bss.toggle_Altern) for toggle_Altern
    tecmat4x4.o(.text.gotKey) refers to tecmat4x4.o(.rodata.str1.1) for .L.str.22
    tecmat4x4.o(.text.gotKey) refers to tecmat4x4.o(.data.keyPolling) for keyPolling
    tecmat4x4.o(.text.gotKey) refers to tecmat4x4.o(.data.keyHexa) for keyHexa
    tecmat4x4.o(.text.gotKey) refers to tecmat4x4.o(.data.keyHexaAltern) for keyHexaAltern
    tecmat4x4.o(.ARM.exidx.text.gotKey) refers to tecmat4x4.o(.text.gotKey) for [Anonymous Symbol]
    tecmat4x4.o(.ARM.exidx.text.confRCC) refers to tecmat4x4.o(.text.confRCC) for [Anonymous Symbol]
    tecmat4x4.o(.ARM.exidx.text.confGPIO) refers to tecmat4x4.o(.text.confGPIO) for [Anonymous Symbol]
    tecmat4x4.o(.data.keyHexa) refers to tecmat4x4.o(.rodata.str1.1) for [Anonymous Symbol]
    tecmat4x4.o(.data.keyHexaAltern) refers to tecmat4x4.o(.rodata.str1.1) for [Anonymous Symbol]
    complexgj.o(.text.solve_complex_system) refers to complexgj.o(.text.swap_rows) for swap_rows
    complexgj.o(.text.solve_complex_system) refers to complexgj.o(.text.c_div) for c_div
    complexgj.o(.text.solve_complex_system) refers to complexgj.o(.text.c_mul) for c_mul
    complexgj.o(.text.solve_complex_system) refers to complexgj.o(.text.c_sub) for c_sub
    complexgj.o(.text.solve_complex_system) refers to complexgj.o(.text.c_add) for c_add
    complexgj.o(.ARM.exidx.text.solve_complex_system) refers to complexgj.o(.text.solve_complex_system) for [Anonymous Symbol]
    complexgj.o(.ARM.exidx.text.swap_rows) refers to complexgj.o(.text.swap_rows) for [Anonymous Symbol]
    complexgj.o(.ARM.exidx.text.c_div) refers to complexgj.o(.text.c_div) for [Anonymous Symbol]
    complexgj.o(.ARM.exidx.text.c_sub) refers to complexgj.o(.text.c_sub) for [Anonymous Symbol]
    complexgj.o(.ARM.exidx.text.c_mul) refers to complexgj.o(.text.c_mul) for [Anonymous Symbol]
    complexgj.o(.ARM.exidx.text.c_add) refers to complexgj.o(.text.c_add) for [Anonymous Symbol]
    complexgj.o(.ARM.exidx.text.itoa_simple) refers to complexgj.o(.text.itoa_simple) for [Anonymous Symbol]
    complexgj.o(.text.ftoa_for_oled) refers to complexgj.o(.text.itoa_simple) for itoa_simple
    complexgj.o(.ARM.exidx.text.ftoa_for_oled) refers to complexgj.o(.text.ftoa_for_oled) for [Anonymous Symbol]
    startup_stm32f411xe.o(STACK) refers (Special) to heapauxi.o(.text) for __use_two_region_memory
    startup_stm32f411xe.o(HEAP) refers (Special) to heapauxi.o(.text) for __use_two_region_memory
    startup_stm32f411xe.o(RESET) refers (Special) to heapauxi.o(.text) for __use_two_region_memory
    startup_stm32f411xe.o(RESET) refers to startup_stm32f411xe.o(STACK) for __initial_sp
    startup_stm32f411xe.o(RESET) refers to startup_stm32f411xe.o(.text) for Reset_Handler
    startup_stm32f411xe.o(.text) refers (Special) to heapauxi.o(.text) for __use_two_region_memory
    startup_stm32f411xe.o(.text) refers to system_stm32f4xx.o(.text.SystemInit) for SystemInit
    startup_stm32f411xe.o(.text) refers to __main.o(!!!main) for __main
    startup_stm32f411xe.o(.text) refers to startup_stm32f411xe.o(HEAP) for Heap_Mem
    startup_stm32f411xe.o(.text) refers to startup_stm32f411xe.o(STACK) for Stack_Mem
    system_stm32f4xx.o(.ARM.exidx.text.SystemInit) refers to system_stm32f4xx.o(.text.SystemInit) for [Anonymous Symbol]
[...]
    __printf_flags_wp.o(.text) refers to __printf_flags_wp.o(.constdata) for .constdata
    __printf_ss_wp.o(.text) refers to scanf_fp.o(i._is_digit) for _is_digit
    __printf_ss_wp.o(.text) refers to _printf_percent.o(.ARM.Collect$$_printf_percent$$00000000) for _printf_percent
    __printf_flags_ss_wp.o(.text) refers to scanf_fp.o(i._is_digit) for _is_digit
    __printf_flags_ss_wp.o(.text) refers to _printf_percent.o(.ARM.Collect$$_printf_percent$$00000000) for _printf_percent
    __printf_flags_ss_wp.o(.text) refers to __printf_flags_ss_wp.o(.constdata) for .constdata
    _printf_percent.o(.ARM.Collect$$_printf_percent$$00000000) refers (Special) to _printf_percent_end.o(.ARM.Collect$$_printf_percent$$00000017) for _printf_percent_end
    scanf_hexfp.o(.text) refers to _chval.o(.text) for _chval
    scanf_hexfp.o(.text) refers to llshl.o(.text) for __aeabi_llsl
    scanf_hexfp.o(.text) refers to ldexp.o(i.__support_ldexp) for __support_ldexp
    scanf_hexfp.o(.text) refers to narrow.o(i.__mathlib_narrow) for __mathlib_narrow
    btod_accurate_common.o(.text) refers to llushr.o(.text) for __aeabi_llsr
    _get_argv_nomalloc.o(.text) refers (Special) to hrguard.o(.text) for __heap_region$guard
    _get_argv_nomalloc.o(.text) refers to defsig_rtmem_outer.o(.text) for __rt_SIGRTMEM
    _get_argv_nomalloc.o(.text) refers to sys_command.o(.text) for _sys_command_string
    deqf.o(x$fpl$deqf) refers (Special) to usenofp.o(x$fpl$usenofp) for __I$use$fp
    deqf.o(x$fpl$deqf) refers to dnaninf.o(x$fpl$dnaninf) for __fpl_dnaninf
    deqf.o(x$fpl$deqf) refers to dcmpi.o(x$fpl$dcmpinf) for __fpl_dcmp_Inf
    drleqf.o(x$fpl$drleqf) refers (Special) to usenofp.o(x$fpl$usenofp) for __I$use$fp
    drleqf.o(x$fpl$drleqf) refers to dleqf.o(x$fpl$dleqf) for __fpl_dcmple_InfNaN
    frexp.o(i.__hardfp_frexp) refers (Special) to usenofp.o(x$fpl$usenofp) for __I$use$fp
    frexp.o(i.__hardfp_frexp) refers to dmul.o(x$fpl$dmul) for __aeabi_dmul
    frexp.o(i.__softfp_frexp) refers (Special) to usenofp.o(x$fpl$usenofp) for __I$use$fp
    frexp.o(i.__softfp_frexp) refers to dmul.o(x$fpl$dmul) for __aeabi_dmul
    frexp.o(i.frexp) refers (Special) to usenofp.o(x$fpl$usenofp) for __I$use$fp
    frexp.o(i.frexp) refers to dmul.o(x$fpl$dmul) for __aeabi_dmul
    sys_command.o(.text) refers (Special) to use_no_semi.o(.text) for __I$use$semihosting
    sys_command.o(.text) refers (Special) to indicate_semi.o(.text) for __semihosting_library_function
    sys_exit.o(.text) refers (Special) to use_no_semi.o(.text) for __I$use$semihosting
    sys_exit.o(.text) refers (Special) to indicate_semi.o(.text) for __semihosting_library_function
    sys_command_hlt.o(.text) refers (Special) to use_no_semi.o(.text) for __I$use$semihosting
    sys_command_hlt.o(.text) refers (Special) to indicate_semi.o(.text) for __semihosting_library_function
    sys_exit_hlt.o(.text) refers (Special) to use_no_semi.o(.text) for __I$use$semihosting
    sys_exit_hlt.o(.text) refers (Special) to indicate_semi.o(.text) for __semihosting_library_function
    defsig_rtmem_outer.o(.text) refers to defsig_rtmem_inner.o(.text) for __rt_SIGRTMEM_inner
    defsig_rtmem_outer.o(.text) refers to defsig_exit.o(.text) for __sig_exit
    defsig_rtmem_formal.o(.text) refers to rt_raise.o(.text) for __rt_raise
    libshutdown.o(.ARM.Collect$$libshutdown$$00000000) refers (Special) to libshutdown2.o(.ARM.Collect$$libshutdown$$00000002) for __rt_lib_shutdown_cpp_1
    libshutdown.o(.ARM.Collect$$libshutdown$$00000000) refers (Special) to libshutdown2.o(.ARM.Collect$$libshutdown$$00000007) for __rt_lib_shutdown_fp_trap_1
    libshutdown.o(.ARM.Collect$$libshutdown$$00000000) refers (Special) to libshutdown2.o(.ARM.Collect$$libshutdown$$0000000F) for __rt_lib_shutdown_heap_1
    libshutdown.o(.ARM.Collect$$libshutdown$$00000000) refers (Special) to libshutdown2.o(.ARM.Collect$$libshutdown$$00000010) for __rt_lib_shutdown_return
    libshutdown.o(.ARM.Collect$$libshutdown$$00000000) refers (Special) to libshutdown2.o(.ARM.Collect$$libshutdown$$0000000A) for __rt_lib_shutdown_signal_1
    libshutdown.o(.ARM.Collect$$libshutdown$$00000000) refers (Special) to libshutdown2.o(.ARM.Collect$$libshutdown$$00000004) for __rt_lib_shutdown_stdio_1
    libshutdown.o(.ARM.Collect$$libshutdown$$00000000) refers (Special) to libshutdown2.o(.ARM.Collect$$libshutdown$$0000000C) for __rt_lib_shutdown_user_alloc_1
    dcmpi.o(x$fpl$dcmpinf) refers (Special) to usenofp.o(x$fpl$usenofp) for __I$use$fp
    dleqf.o(x$fpl$dleqf) refers (Special) to usenofp.o(x$fpl$usenofp) for __I$use$fp
    dleqf.o(x$fpl$dleqf) refers to dnaninf.o(x$fpl$dnaninf) for __fpl_dnaninf
    dleqf.o(x$fpl$dleqf) refers to dcmpi.o(x$fpl$dcmpinf) for __fpl_dcmp_Inf
    dmul.o(x$fpl$dmul) refers (Special) to usenofp.o(x$fpl$usenofp) for __I$use$fp
    dmul.o(x$fpl$dmul) refers to dretinf.o(x$fpl$dretinf) for __fpl_dretinf
    dmul.o(x$fpl$dmul) refers to dnaninf.o(x$fpl$dnaninf) for __fpl_dnaninf
    ldexp.o(i.__hardfp_ldexp) refers (Special) to usenofp.o(x$fpl$usenofp) for __I$use$fp
    ldexp.o(i.__hardfp_ldexp) refers to deqf.o(x$fpl$deqf) for __aeabi_cdcmpeq
    ldexp.o(i.__hardfp_ldexp) refers to scalbn.o(x$fpl$scalbn) for __ARM_scalbn
    ldexp.o(i.__hardfp_ldexp) refers to _rserrno.o(.text) for __set_errno
    ldexp.o(i.__hardfp_ldexp) refers to dunder.o(i.__mathlib_dbl_underflow) for __mathlib_dbl_underflow
    ldexp.o(i.__hardfp_ldexp) refers to dunder.o(i.__mathlib_dbl_overflow) for __mathlib_dbl_overflow
    ldexp.o(i.__softfp_ldexp) refers (Special) to usenofp.o(x$fpl$usenofp) for __I$use$fp
    ldexp.o(i.__softfp_ldexp) refers to ldexp.o(i.__hardfp_ldexp) for __hardfp_ldexp
    ldexp.o(i.__support_ldexp) refers (Special) to usenofp.o(x$fpl$usenofp) for __I$use$fp
    ldexp.o(i.__support_ldexp) refers to ldexp.o(i.__hardfp_ldexp) for __hardfp_ldexp
    ldexp.o(i.ldexp) refers (Special) to usenofp.o(x$fpl$usenofp) for __I$use$fp
    ldexp.o(i.ldexp) refers to ldexp.o(i.__hardfp_ldexp) for __hardfp_ldexp
    rt_raise.o(.text) refers to __raise.o(.text) for __raise
    rt_raise.o(.text) refers to sys_exit.o(.text) for _sys_exit
    defsig_exit.o(.text) refers to sys_exit.o(.text) for _sys_exit
    defsig_rtmem_inner.o(.text) refers to defsig_general.o(.text) for __default_signal_display
    dretinf.o(x$fpl$dretinf) refers (Special) to usenofp.o(x$fpl$usenofp) for __I$use$fp
    scalbn.o(x$fpl$scalbn) refers (Special) to usenofp.o(x$fpl$usenofp) for __I$use$fp
    scalbn.o(x$fpl$scalbn) refers to dcheck1.o(x$fpl$dcheck1) for __fpl_dcheck_NaN1
    dunder.o(i.__mathlib_dbl_divzero) refers to ddiv.o(x$fpl$ddiv) for __aeabi_ddiv
    dunder.o(i.__mathlib_dbl_infnan) refers to daddsub_clz.o(x$fpl$dadd) for __aeabi_dadd
    dunder.o(i.__mathlib_dbl_infnan2) refers to daddsub_clz.o(x$fpl$dadd) for __aeabi_dadd
    dunder.o(i.__mathlib_dbl_invalid) refers to ddiv.o(x$fpl$ddiv) for __aeabi_ddiv
    dunder.o(i.__mathlib_dbl_overflow) refers to dmul.o(x$fpl$dmul) for __aeabi_dmul
    dunder.o(i.__mathlib_dbl_posinfnan) refers to dmul.o(x$fpl$dmul) for __aeabi_dmul
    dunder.o(i.__mathlib_dbl_underflow) refers to dmul.o(x$fpl$dmul) for __aeabi_dmul
    __raise.o(.text) refers to defsig.o(CL$$defsig) for __default_signal_handler
    defsig_general.o(.text) refers to sys_wrch.o(.text) for _ttywrch
    daddsub_clz.o(x$fpl$dadd) refers (Special) to usenofp.o(x$fpl$usenofp) for __I$use$fp
    daddsub_clz.o(x$fpl$dadd) refers to daddsub_clz.o(x$fpl$dsub) for _dsub1
    daddsub_clz.o(x$fpl$dadd) refers to dretinf.o(x$fpl$dretinf) for __fpl_dretinf
    daddsub_clz.o(x$fpl$dadd) refers to dnaninf.o(x$fpl$dnaninf) for __fpl_dnaninf
    daddsub_clz.o(x$fpl$drsb) refers (Special) to usenofp.o(x$fpl$usenofp) for __I$use$fp
    daddsub_clz.o(x$fpl$drsb) refers to daddsub_clz.o(x$fpl$dadd) for _dadd1
    daddsub_clz.o(x$fpl$drsb) refers to daddsub_clz.o(x$fpl$dsub) for _dsub1
    daddsub_clz.o(x$fpl$dsub) refers (Special) to usenofp.o(x$fpl$usenofp) for __I$use$fp
    daddsub_clz.o(x$fpl$dsub) refers to daddsub_clz.o(x$fpl$dadd) for _dadd1
    daddsub_clz.o(x$fpl$dsub) refers to dnaninf.o(x$fpl$dnaninf) for __fpl_dnaninf
    dcheck1.o(x$fpl$dcheck1) refers (Special) to usenofp.o(x$fpl$usenofp) for __I$use$fp
    dcheck1.o(x$fpl$dcheck1) refers to retnan.o(x$fpl$retnan) for __fpl_return_NaN
    ddiv.o(x$fpl$drdiv) refers (Special) to usenofp.o(x$fpl$usenofp) for __I$use$fp
    ddiv.o(x$fpl$drdiv) refers to ddiv.o(x$fpl$ddiv) for ddiv_entry
    ddiv.o(x$fpl$ddiv) refers (Special) to usenofp.o(x$fpl$usenofp) for __I$use$fp
    ddiv.o(x$fpl$ddiv) refers to dretinf.o(x$fpl$dretinf) for __fpl_dretinf
    ddiv.o(x$fpl$ddiv) refers to dnaninf.o(x$fpl$dnaninf) for __fpl_dnaninf
    sys_wrch.o(.text) refers (Special) to use_no_semi.o(.text) for __I$use$semihosting
    sys_wrch.o(.text) refers (Special) to indicate_semi.o(.text) for __semihosting_library_function
    sys_wrch_hlt.o(.text) refers (Special) to use_no_semi.o(.text) for __I$use$semihosting
    sys_wrch_hlt.o(.text) refers (Special) to indicate_semi.o(.text) for __semihosting_library_function
    defsig.o(CL$$defsig) refers to defsig_rtmem_inner.o(.text) for __rt_SIGRTMEM_inner
    retnan.o(x$fpl$retnan) refers (Special) to usenofp.o(x$fpl$usenofp) for __I$use$fp
    retnan.o(x$fpl$retnan) refers to trapv.o(x$fpl$trapveneer) for __fpl_cmpreturn
    defsig_abrt_inner.o(.text) refers to defsig_general.o(.text) for __default_signal_display
    defsig_fpe_inner.o(.text) refers to defsig_general.o(.text) for __default_signal_display
    defsig_rtred_inner.o(.text) refers to defsig_general.o(.text) for __default_signal_display
    defsig_stak_inner.o(.text) refers to defsig_general.o(.text) for __default_signal_display
    defsig_pvfn_inner.o(.text) refers to defsig_general.o(.text) for __default_signal_display
    defsig_cppl_inner.o(.text) refers to defsig_general.o(.text) for __default_signal_display
    defsig_segv_inner.o(.text) refers to defsig_general.o(.text) for __default_signal_display
    defsig_other.o(.text) refers to defsig_general.o(.text) for __default_signal_display
    trapv.o(x$fpl$trapveneer) refers (Special) to usenofp.o(x$fpl$usenofp) for __I$use$fp
    scanf_fp.o(i._is_digit) refers (Special) to usenofp.o(x$fpl$usenofp) for __I$use$fp
    scanf_fp.o(i._is_digit) refers (Special) to lc_numeric_c.o(locale$$code) for _get_lc_numeric


==============================================================================

Removing Unused input sections from the image.

    Removing main.o(.text), (0 bytes).
    Removing main.o(.ARM.exidx.text.main), (8 bytes).
    Removing main.o(.ARM.exidx.text.readPad), (8 bytes).
    Removing main.o(.ARM.use_no_argv), (4 bytes).
    Removing tecmat4x4.o(.text), (0 bytes).
    Removing tecmat4x4.o(.ARM.exidx.text.gotKey), (8 bytes).
    Removing tecmat4x4.o(.ARM.exidx.text.confRCC), (8 bytes).
    Removing tecmat4x4.o(.ARM.exidx.text.confGPIO), (8 bytes).
    Removing complexgj.o(.text), (0 bytes).
    Removing complexgj.o(.ARM.exidx.text.solve_complex_system), (8 bytes).
    Removing complexgj.o(.ARM.exidx.text.swap_rows), (8 bytes).
    Removing complexgj.o(.ARM.exidx.text.c_div), (8 bytes).
    Removing complexgj.o(.ARM.exidx.text.c_sub), (8 bytes).
    Removing complexgj.o(.ARM.exidx.text.c_mul), (8 bytes).
    Removing complexgj.o(.ARM.exidx.text.c_add), (8 bytes).
    Removing complexgj.o(.text.itoa_simple), (190 bytes).
    Removing complexgj.o(.ARM.exidx.text.itoa_simple), (8 bytes).
    Removing complexgj.o(.text.ftoa_for_oled), (230 bytes).
    Removing complexgj.o(.ARM.exidx.text.ftoa_for_oled), (8 bytes).
    Removing system_stm32f4xx.o(.text), (0 bytes).
    Removing system_stm32f4xx.o(.ARM.exidx.text.SystemInit), (8 bytes).
    Removing system_stm32f4xx.o(.text.SystemCoreClockUpdate), (302 bytes).
    Removing system_stm32f4xx.o(.ARM.exidx.text.SystemCoreClockUpdate), (8 bytes).
    Removing system_stm32f4xx.o(.data.SystemCoreClock), (4 bytes).
    Removing system_stm32f4xx.o(.rodata.AHBPrescTable), (16 bytes).
    Removing system_stm32f4xx.o(.rodata.APBPrescTable), (8 bytes).

26 unused section(s) (total 874 bytes) removed from the image.

==============================================================================

Image Symbol Table

    Local Symbols

    Symbol Name                              Value     Ov Type        Size  Object(Section)

    ../clib/angel/boardlib.s                 0x00000000   Number         0  boardinit1.o ABSOLUTE
    ../clib/angel/boardlib.s                 0x00000000   Number         0  boardinit2.o ABSOLUTE
    ../clib/angel/boardlib.s                 0x00000000   Number         0  boardinit3.o ABSOLUTE
    ../clib/angel/boardlib.s                 0x00000000   Number         0  boardshut.o ABSOLUTE
    ../clib/angel/handlers.s                 0x00000000   Number         0  __scatter_copy.o ABSOLUTE
    ../clib/angel/handlers.s                 0x00000000   Number         0  __scatter_zi.o ABSOLUTE
    ../clib/angel/kernel.s                   0x00000000   Number         0  __rtentry.o ABSOLUTE
    ../clib/angel/kernel.s                   0x00000000   Number         0  __rtentry2.o ABSOLUTE
    ../clib/angel/kernel.s                   0x00000000   Number         0  __rtentry4.o ABSOLUTE
    ../clib/angel/kernel.s                   0x00000000   Number         0  rtexit.o ABSOLUTE
    ../clib/angel/kernel.s                   0x00000000   Number         0  rtexit2.o ABSOLUTE
    ../clib/angel/rt.s                       0x00000000   Number         0  rt_ctype_table.o ABSOLUTE
    ../clib/angel/rt.s                       0x00000000   Number         0  rt_errno_addr.o ABSOLUTE
    ../clib/angel/rt.s                       0x00000000   Number         0  rt_errno_addr_intlibspace.o ABSOLUTE
    ../clib/angel/rt.s                       0x00000000   Number         0  rt_locale.o ABSOLUTE
    ../clib/angel/rt.s                       0x00000000   Number         0  rt_locale_intlibspace.o ABSOLUTE
    ../clib/angel/rt.s                       0x00000000   Number         0  rt_raise.o ABSOLUTE
    ../clib/angel/scatter.s                  0x00000000   Number         0  __scatter.o ABSOLUTE
    ../clib/angel/startup.s                  0x00000000   Number         0  __main.o ABSOLUTE
    ../clib/angel/sys.s                      0x00000000   Number         0  libspace.o ABSOLUTE
    ../clib/angel/sys.s                      0x00000000   Number         0  sys_stackheap_outer.o ABSOLUTE
    ../clib/angel/sys.s                      0x00000000   Number         0  use_no_semi.o ABSOLUTE
    ../clib/angel/sys.s                      0x00000000   Number         0  indicate_semi.o ABSOLUTE
    ../clib/angel/sysapp.c                   0x00000000   Number         0  sys_command.o ABSOLUTE
    ../clib/angel/sysapp.c                   0x00000000   Number         0  sys_exit.o ABSOLUTE
    ../clib/angel/sysapp.c                   0x00000000   Number         0  sys_command_hlt.o ABSOLUTE
    ../clib/angel/sysapp.c                   0x00000000   Number         0  sys_exit_hlt.o ABSOLUTE
    ../clib/angel/sysapp.c                   0x00000000   Number         0  sys_wrch.o ABSOLUTE
    ../clib/angel/sysapp.c                   0x00000000   Number         0  sys_wrch_hlt.o ABSOLUTE
    ../clib/armsys.c                         0x00000000   Number         0  argv_veneer.o ABSOLUTE
    ../clib/armsys.c                         0x00000000   Number         0  argv_veneer.o ABSOLUTE
    ../clib/armsys.c                         0x00000000   Number         0  _get_argv_nomalloc.o ABSOLUTE
    ../clib/armsys.c                         0x00000000   Number         0  no_argv.o ABSOLUTE
    ../clib/bigflt.c                         0x00000000   Number         0  bigflt0.o ABSOLUTE
    ../clib/btod.s                           0x00000000   Number         0  btod.o ABSOLUTE
    ../clib/btod_accurate.c                  0x00000000   Number         0  dtob_accurate.o ABSOLUTE
    ../clib/btod_accurate.c                  0x00000000   Number         0  btod_accurate_common.o ABSOLUTE
    ../clib/ctype.c                          0x00000000   Number         0  isspace.o ABSOLUTE
    ../clib/fenv.c                           0x00000000   Number         0  _rserrno.o ABSOLUTE
    ../clib/heapalloc.c                      0x00000000   Number         0  hrguard.o ABSOLUTE
    ../clib/heapaux.c                        0x00000000   Number         0  heapauxi.o ABSOLUTE
    ../clib/libinit.s                        0x00000000   Number         0  libinit.o ABSOLUTE
    ../clib/libinit.s                        0x00000000   Number         0  libinit2.o ABSOLUTE
    ../clib/libinit.s                        0x00000000   Number         0  libshutdown.o ABSOLUTE
    ../clib/libinit.s                        0x00000000   Number         0  libshutdown2.o ABSOLUTE
    ../clib/locale.s                         0x00000000   Number         0  lc_ctype_c.o ABSOLUTE
    ../clib/locale.s                         0x00000000   Number         0  lc_numeric_c.o ABSOLUTE
    ../clib/longlong.s                       0x00000000   Number         0  llshl.o ABSOLUTE
    ../clib/longlong.s                       0x00000000   Number         0  llushr.o ABSOLUTE
    ../clib/memcpset.s                       0x00000000   Number         0  strcmpv7em.o ABSOLUTE
    ../clib/printf.c                         0x00000000   Number         0  __printf_wp.o ABSOLUTE
    ../clib/printf.c                         0x00000000   Number         0  __printf.o ABSOLUTE
    ../clib/printf.c                         0x00000000   Number         0  __printf_flags.o ABSOLUTE
    ../clib/printf.c                         0x00000000   Number         0  __printf_ss.o ABSOLUTE
    ../clib/printf.c                         0x00000000   Number         0  __printf_flags_ss.o ABSOLUTE
    ../clib/printf.c                         0x00000000   Number         0  __printf_flags_wp.o ABSOLUTE
    ../clib/printf.c                         0x00000000   Number         0  __printf_ss_wp.o ABSOLUTE
    ../clib/printf.c                         0x00000000   Number         0  __printf_flags_ss_wp.o ABSOLUTE
    ../clib/printf_percent.s                 0x00000000   Number         0  _printf_percent.o ABSOLUTE
    ../clib/printf_percent.s                 0x00000000   Number         0  _printf_percent_end.o ABSOLUTE
    ../clib/scanf.c                          0x00000000   Number         0  strtol.o ABSOLUTE
    ../clib/scanf.c                          0x00000000   Number         0  _strtoul.o ABSOLUTE
    ../clib/scanf.c                          0x00000000   Number         0  strtod.o ABSOLUTE
    ../clib/scanf.c                          0x00000000   Number         0  _chval.o ABSOLUTE
    ../clib/scanf.c                          0x00000000   Number         0  _sgetc.o ABSOLUTE
    ../clib/scanf.c                          0x00000000   Number         0  scanf_fp.o ABSOLUTE
    ../clib/scanf.c                          0x00000000   Number         0  scanf_fp_accurate.o ABSOLUTE
    ../clib/scanf.c                          0x00000000   Number         0  scanf_hexfp.o ABSOLUTE
    ../clib/scanf.c                          0x00000000   Number         0  scanf_infnan.o ABSOLUTE
    ../clib/signal.c                         0x00000000   Number         0  defsig_rtmem_outer.o ABSOLUTE
    ../clib/signal.c                         0x00000000   Number         0  defsig_rtmem_formal.o ABSOLUTE
    ../clib/signal.c                         0x00000000   Number         0  defsig_exit.o ABSOLUTE
    ../clib/signal.c                         0x00000000   Number         0  defsig_rtmem_inner.o ABSOLUTE
    ../clib/signal.c                         0x00000000   Number         0  __raise.o ABSOLUTE
    ../clib/signal.c                         0x00000000   Number         0  defsig_general.o ABSOLUTE
    ../clib/signal.c                         0x00000000   Number         0  defsig_abrt_inner.o ABSOLUTE
    ../clib/signal.c                         0x00000000   Number         0  defsig_fpe_inner.o ABSOLUTE
    ../clib/signal.c                         0x00000000   Number         0  defsig_rtred_inner.o ABSOLUTE
    ../clib/signal.c                         0x00000000   Number         0  defsig_stak_inner.o ABSOLUTE
    ../clib/signal.c                         0x00000000   Number         0  defsig_pvfn_inner.o ABSOLUTE
    ../clib/signal.c                         0x00000000   Number         0  defsig_cppl_inner.o ABSOLUTE
    ../clib/signal.c                         0x00000000   Number         0  defsig_segv_inner.o ABSOLUTE
    ../clib/signal.c                         0x00000000   Number         0  defsig_other.o ABSOLUTE
    ../clib/signal.s                         0x00000000   Number         0  defsig.o ABSOLUTE
    ../clib/stdlib.c                         0x00000000   Number         0  exit.o ABSOLUTE
    ../clib/string.c                         0x00000000   Number         0  strlen.o ABSOLUTE
    ../fplib/d2f.s                           0x00000000   Number         0  d2f.o ABSOLUTE
    ../fplib/daddsub.s                       0x00000000   Number         0  daddsub_clz.o ABSOLUTE
    ../fplib/dcheck1.s                       0x00000000   Number         0  dcheck1.o ABSOLUTE
    ../fplib/dcmpi.s                         0x00000000   Number         0  dcmpi.o ABSOLUTE
    ../fplib/ddiv.s                          0x00000000   Number         0  ddiv.o ABSOLUTE
    ../fplib/deqf.s                          0x00000000   Number         0  deqf.o ABSOLUTE
    ../fplib/dleqf.s                         0x00000000   Number         0  dleqf.o ABSOLUTE
    ../fplib/dmul.s                          0x00000000   Number         0  dmul.o ABSOLUTE
    ../fplib/dnaninf.s                       0x00000000   Number         0  dnaninf.o ABSOLUTE
    ../fplib/dretinf.s                       0x00000000   Number         0  dretinf.o ABSOLUTE
    ../fplib/drleqf.s                        0x00000000   Number         0  drleqf.o ABSOLUTE
    ../fplib/fpconst.s                       0x00000000   Number         0  fpconst.o ABSOLUTE
    ../fplib/fpinit.s                        0x00000000   Number         0  fpinit.o ABSOLUTE
    ../fplib/fretinf.s                       0x00000000   Number         0  fretinf.o ABSOLUTE
    ../fplib/istatus.s                       0x00000000   Number         0  istatus.o ABSOLUTE
    ../fplib/retnan.s                        0x00000000   Number         0  retnan.o ABSOLUTE
    ../fplib/scalbn.s                        0x00000000   Number         0  scalbn.o ABSOLUTE
    ../fplib/scanf1.s                        0x00000000   Number         0  scanf1.o ABSOLUTE
    ../fplib/scanf2.s                        0x00000000   Number         0  scanf2.o ABSOLUTE
    ../fplib/scanf2a.s                       0x00000000   Number         0  scanf2a.o ABSOLUTE
    ../fplib/scanf2b.s                       0x00000000   Number         0  scanf2b.o ABSOLUTE
    ../fplib/trapv.s                         0x00000000   Number         0  trapv.o ABSOLUTE
    ../fplib/usenofp.s                       0x00000000   Number         0  usenofp.o ABSOLUTE
    ../mathlib/dunder.c                      0x00000000   Number         0  dunder.o ABSOLUTE
    ../mathlib/frexp.c                       0x00000000   Number         0  frexp.o ABSOLUTE
    ../mathlib/ldexp.c                       0x00000000   Number         0  ldexp.o ABSOLUTE
    ../mathlib/narrow.c                      0x00000000   Number         0  narrow.o ABSOLUTE
    ../mathlib/strtod.c                      0x00000000   Number         0  strtod.o ABSOLUTE
    ComplexGJ.c                              0x00000000   Number         0  complexgj.o ABSOLUTE
    RTE/Device/STM32F411CEUx/startup_stm32f411xe.s 0x00000000   Number         0  startup_stm32f411xe.o ABSOLUTE
    dc.s                                     0x00000000   Number         0  dc.o ABSOLUTE
    main.c                                   0x00000000   Number         0  main.o ABSOLUTE
    system_stm32f4xx.c                       0x00000000   Number         0  system_stm32f4xx.o ABSOLUTE
    tecmat4x4.c                              0x00000000   Number         0  tecmat4x4.o ABSOLUTE
    RESET                                    0x08000000   Section      408  startup_stm32f411xe.o(RESET)
    !!!main                                  0x08000198   Section        8  __main.o(!!!main)
    !!!scatter                               0x080001a0   Section       92  __scatter.o(!!!scatter)
    !!handler_copy                           0x080001fc   Section       26  __scatter_copy.o(!!handler_copy)
    !!handler_null                           0x08000218   Section        2  __scatter.o(!!handler_null)
    !!handler_zi                             0x0800021c   Section       28  __scatter_zi.o(!!handler_zi)
    .ARM.Collect$$libinit$$00000000          0x08000238   Section        2  libinit.o(.ARM.Collect$$libinit$$00000000)
    .ARM.Collect$$libinit$$00000001          0x0800023a   Section        4  libinit2.o(.ARM.Collect$$libinit$$00000001)
    .ARM.Collect$$libinit$$00000004          0x0800023e   Section        0  libinit2.o(.ARM.Collect$$libinit$$00000004)
    .ARM.Collect$$libinit$$00000006          0x0800023e   Section        0  libinit2.o(.ARM.Collect$$libinit$$00000006)
    .ARM.Collect$$libinit$$0000000C          0x0800023e   Section        0  libinit2.o(.ARM.Collect$$libinit$$0000000C)
    .ARM.Collect$$libinit$$0000000E          0x0800023e   Section        0  libinit2.o(.ARM.Collect$$libinit$$0000000E)
    .ARM.Collect$$libinit$$00000010          0x0800023e   Section        0  libinit2.o(.ARM.Collect$$libinit$$00000010)
    .ARM.Collect$$libinit$$00000011          0x0800023e   Section        6  libinit2.o(.ARM.Collect$$libinit$$00000011)
    .ARM.Collect$$libinit$$00000013          0x08000244   Section        0  libinit2.o(.ARM.Collect$$libinit$$00000013)
    .ARM.Collect$$libinit$$00000014          0x08000244   Section       12  libinit2.o(.ARM.Collect$$libinit$$00000014)
    .ARM.Collect$$libinit$$00000015          0x08000250   Section        0  libinit2.o(.ARM.Collect$$libinit$$00000015)
    .ARM.Collect$$libinit$$00000017          0x08000250   Section        0  libinit2.o(.ARM.Collect$$libinit$$00000017)
    .ARM.Collect$$libinit$$00000018          0x08000250   Section       10  libinit2.o(.ARM.Collect$$libinit$$00000018)
    .ARM.Collect$$libinit$$00000019          0x0800025a   Section        0  libinit2.o(.ARM.Collect$$libinit$$00000019)
    .ARM.Collect$$libinit$$0000001B          0x0800025a   Section        0  libinit2.o(.ARM.Collect$$libinit$$0000001B)
    .ARM.Collect$$libinit$$0000001D          0x0800025a   Section        0  libinit2.o(.ARM.Collect$$libinit$$0000001D)
    .ARM.Collect$$libinit$$0000001F          0x0800025a   Section        0  libinit2.o(.ARM.Collect$$libinit$$0000001F)
    .ARM.Collect$$libinit$$00000021          0x0800025a   Section        0  libinit2.o(.ARM.Collect$$libinit$$00000021)
    .ARM.Collect$$libinit$$00000023          0x0800025a   Section        0  libinit2.o(.ARM.Collect$$libinit$$00000023)
    .ARM.Collect$$libinit$$00000025          0x0800025a   Section        0  libinit2.o(.ARM.Collect$$libinit$$00000025)
    .ARM.Collect$$libinit$$00000027          0x0800025a   Section        0  libinit2.o(.ARM.Collect$$libinit$$00000027)
    .ARM.Collect$$libinit$$0000002E          0x0800025a   Section        0  libinit2.o(.ARM.Collect$$libinit$$0000002E)
    .ARM.Collect$$libinit$$00000030          0x0800025a   Section        0  libinit2.o(.ARM.Collect$$libinit$$00000030)
    .ARM.Collect$$libinit$$00000032          0x0800025a   Section        0  libinit2.o(.ARM.Collect$$libinit$$00000032)
    .ARM.Collect$$libinit$$00000034          0x0800025a   Section        0  libinit2.o(.ARM.Collect$$libinit$$00000034)
    .ARM.Collect$$libinit$$00000035          0x0800025a   Section        2  libinit2.o(.ARM.Collect$$libinit$$00000035)
    .ARM.Collect$$libshutdown$$00000000      0x0800025c   Section        2  libshutdown.o(.ARM.Collect$$libshutdown$$00000000)
    .ARM.Collect$$libshutdown$$00000002      0x0800025e   Section        0  libshutdown2.o(.ARM.Collect$$libshutdown$$00000002)
    .ARM.Collect$$libshutdown$$00000004      0x0800025e   Section        0  libshutdown2.o(.ARM.Collect$$libshutdown$$00000004)
    .ARM.Collect$$libshutdown$$00000007      0x0800025e   Section        0  libshutdown2.o(.ARM.Collect$$libshutdown$$00000007)
    .ARM.Collect$$libshutdown$$0000000A      0x0800025e   Section        0  libshutdown2.o(.ARM.Collect$$libshutdown$$0000000A)
    .ARM.Collect$$libshutdown$$0000000C      0x0800025e   Section        0  libshutdown2.o(.ARM.Collect$$libshutdown$$0000000C)
    .ARM.Collect$$libshutdown$$0000000F      0x0800025e   Section        0  libshutdown2.o(.ARM.Collect$$libshutdown$$0000000F)
    .ARM.Collect$$libshutdown$$00000010      0x0800025e   Section        2  libshutdown2.o(.ARM.Collect$$libshutdown$$00000010)
    .ARM.Collect$$rtentry$$00000000          0x08000260   Section        0  __rtentry.o(.ARM.Collect$$rtentry$$00000000)
    .ARM.Collect$$rtentry$$00000002          0x08000260   Section        0  __rtentry2.o(.ARM.Collect$$rtentry$$00000002)
    .ARM.Collect$$rtentry$$00000004          0x08000260   Section        6  __rtentry4.o(.ARM.Collect$$rtentry$$00000004)
    .ARM.Collect$$rtentry$$00000009          0x08000266   Section        0  __rtentry2.o(.ARM.Collect$$rtentry$$00000009)
    .ARM.Collect$$rtentry$$0000000A          0x08000266   Section        4  __rtentry2.o(.ARM.Collect$$rtentry$$0000000A)
    .ARM.Collect$$rtentry$$0000000C          0x0800026a   Section        0  __rtentry2.o(.ARM.Collect$$rtentry$$0000000C)
    .ARM.Collect$$rtentry$$0000000D          0x0800026a   Section        8  __rtentry2.o(.ARM.Collect$$rtentry$$0000000D)
    .ARM.Collect$$rtexit$$00000000           0x08000272   Section        2  rtexit.o(.ARM.Collect$$rtexit$$00000000)
    .ARM.Collect$$rtexit$$00000002           0x08000274   Section        0  rtexit2.o(.ARM.Collect$$rtexit$$00000002)
    .ARM.Collect$$rtexit$$00000003           0x08000274   Section        4  rtexit2.o(.ARM.Collect$$rtexit$$00000003)
    .ARM.Collect$$rtexit$$00000004           0x08000278   Section        6  rtexit2.o(.ARM.Collect$$rtexit$$00000004)
    $v0                                      0x08000280   Number         0  startup_stm32f411xe.o(.text)
    .text                                    0x08000280   Section       64  startup_stm32f411xe.o(.text)
    .text                                    0x080002c0   Section        0  strtol.o(.text)
    .text                                    0x08000330   Section        0  heapauxi.o(.text)
    .text                                    0x08000338   Section       16  rt_ctype_table.o(.text)
    .text                                    0x08000348   Section        8  rt_errno_addr_intlibspace.o(.text)
    .text                                    0x08000350   Section        0  _strtoul.o(.text)
    _local_sscanf                            0x080003f1   Thumb Code    68  strtod.o(.text)
    .text                                    0x080003f0   Section        0  strtod.o(.text)
    .text                                    0x080004a0   Section        8  libspace.o(.text)
    .text                                    0x080004a8   Section        8  rt_locale_intlibspace.o(.text)
    .text                                    0x080004b0   Section        0  isspace.o(.text)
    .text                                    0x080004c2   Section        0  _chval.o(.text)
    .text                                    0x080004de   Section        0  _sgetc.o(.text)
    .text                                    0x0800051e   Section       74  sys_stackheap_outer.o(.text)
    _fp_value                                0x08000569   Thumb Code   588  scanf_fp.o(.text)
    .text                                    0x08000568   Section        0  scanf_fp.o(.text)
    .text                                    0x08000a60   Section        0  exit.o(.text)
    .text                                    0x08000a78   Section      124  strcmpv7em.o(.text)
    .text                                    0x08000af4   Section       38  llshl.o(.text)
    .text                                    0x08000b1c   Section        0  bigflt0.o(.text)
    .text                                    0x08000c00   Section        0  _rserrno.o(.text)
    .text                                    0x08000c18   Section        0  scanf_hexfp.o(.text)
    .text                                    0x08000f38   Section        0  scanf_infnan.o(.text)
    .text                                    0x0800106c   Section        0  sys_exit.o(.text)
    .text                                    0x08001078   Section        2  use_no_semi.o(.text)
    .text                                    0x0800107a   Section        0  indicate_semi.o(.text)
    [Anonymous Symbol]                       0x0800107c   Section        0  system_stm32f4xx.o(.text.SystemInit)
    c_add                                    0x08001091   Thumb Code    62  complexgj.o(.text.c_add)
    [Anonymous Symbol]                       0x08001090   Section        0  complexgj.o(.text.c_add)
    c_div                                    0x080010d1   Thumb Code   134  complexgj.o(.text.c_div)
    [Anonymous Symbol]                       0x080010d0   Section        0  complexgj.o(.text.c_div)
    c_mul                                    0x08001159   Thumb Code    94  complexgj.o(.text.c_mul)
    [Anonymous Symbol]                       0x08001158   Section        0  complexgj.o(.text.c_mul)
    c_sub                                    0x080011b9   Thumb Code    62  complexgj.o(.text.c_sub)
    [Anonymous Symbol]                       0x080011b8   Section        0  complexgj.o(.text.c_sub)
    [Anonymous Symbol]                       0x080011f8   Section        0  tecmat4x4.o(.text.confGPIO)
    [Anonymous Symbol]                       0x0800121c   Section        0  tecmat4x4.o(.text.confRCC)
    [Anonymous Symbol]                       0x08001230   Section        0  tecmat4x4.o(.text.gotKey)
    [Anonymous Symbol]                       0x08001388   Section        0  main.o(.text.main)
    [Anonymous Symbol]                       0x080016f4   Section        0  main.o(.text.readPad)
    [Anonymous Symbol]                       0x08001844   Section        0  complexgj.o(.text.solve_complex_system)
    swap_rows                                0x08001b95   Thumb Code   198  complexgj.o(.text.swap_rows)
    [Anonymous Symbol]                       0x08001b94   Section        0  complexgj.o(.text.swap_rows)
    CL$$btod_div_common                      0x08001c5c   Section      824  btod.o(CL$$btod_div_common)
    CL$$btod_e2d                             0x08001f94   Section      132  btod.o(CL$$btod_e2d)
    CL$$btod_e2e                             0x08002018   Section      220  btod.o(CL$$btod_e2e)
    CL$$btod_ediv                            0x080020f4   Section       42  btod.o(CL$$btod_ediv)
    CL$$btod_edivd                           0x0800211e   Section       42  btod.o(CL$$btod_edivd)
    CL$$btod_emul                            0x08002148   Section       42  btod.o(CL$$btod_emul)
    CL$$btod_emuld                           0x08002172   Section       42  btod.o(CL$$btod_emuld)
    CL$$btod_mult_common                     0x0800219c   Section      580  btod.o(CL$$btod_mult_common)
    i.__hardfp___mathlib_tofloat             0x080023e0   Section        0  narrow.o(i.__hardfp___mathlib_tofloat)
    i.__hardfp_ldexp                         0x080024d8   Section        0  ldexp.o(i.__hardfp_ldexp)
    i.__hardfp_strtod                        0x080025a8   Section        0  strtod.o(i.__hardfp_strtod)
    i.__mathlib_dbl_overflow                 0x080025d0   Section        0  dunder.o(i.__mathlib_dbl_overflow)
    i.__mathlib_dbl_underflow                0x080025f0   Section        0  dunder.o(i.__mathlib_dbl_underflow)
    i.__mathlib_narrow                       0x08002610   Section        0  narrow.o(i.__mathlib_narrow)
    i.__support_ldexp                        0x08002622   Section        0  ldexp.o(i.__support_ldexp)
    i._is_digit                              0x08002636   Section        0  scanf_fp.o(i._is_digit)
    i.frexp                                  0x08002648   Section        0  frexp.o(i.frexp)
    locale$$code                             0x080026d4   Section       44  lc_ctype_c.o(locale$$code)
    locale$$code                             0x08002700   Section       44  lc_numeric_c.o(locale$$code)
    $v0                                      0x0800272c   Number         0  d2f.o(x$fpl$d2f)
    x$fpl$d2f                                0x0800272c   Section       98  d2f.o(x$fpl$d2f)
    $v0                                      0x08002790   Number         0  dcheck1.o(x$fpl$dcheck1)
    x$fpl$dcheck1                            0x08002790   Section       16  dcheck1.o(x$fpl$dcheck1)
    $v0                                      0x080027a0   Number         0  dcmpi.o(x$fpl$dcmpinf)
    x$fpl$dcmpinf                            0x080027a0   Section       24  dcmpi.o(x$fpl$dcmpinf)
    $v0                                      0x080027b8   Number         0  deqf.o(x$fpl$deqf)
    x$fpl$deqf                               0x080027b8   Section      120  deqf.o(x$fpl$deqf)
    $v0                                      0x08002830   Number         0  dleqf.o(x$fpl$dleqf)
    x$fpl$dleqf                              0x08002830   Section      120  dleqf.o(x$fpl$dleqf)
    $v0                                      0x080028a8   Number         0  dmul.o(x$fpl$dmul)
    x$fpl$dmul                               0x080028a8   Section      340  dmul.o(x$fpl$dmul)
    $v0                                      0x080029fc   Number         0  dnaninf.o(x$fpl$dnaninf)
    x$fpl$dnaninf                            0x080029fc   Section      156  dnaninf.o(x$fpl$dnaninf)
    $v0                                      0x08002a98   Number         0  dretinf.o(x$fpl$dretinf)
    x$fpl$dretinf                            0x08002a98   Section       12  dretinf.o(x$fpl$dretinf)
    $v0                                      0x08002aa4   Number         0  drleqf.o(x$fpl$drleqf)
    x$fpl$drleqf                             0x08002aa4   Section      108  drleqf.o(x$fpl$drleqf)
    $v0                                      0x08002b10   Number         0  fpinit.o(x$fpl$fpinit)
    x$fpl$fpinit                             0x08002b10   Section       26  fpinit.o(x$fpl$fpinit)
    $v0                                      0x08002b2a   Number         0  fretinf.o(x$fpl$fretinf)
    x$fpl$fretinf                            0x08002b2a   Section       10  fretinf.o(x$fpl$fretinf)
    $v0                                      0x08002b34   Number         0  istatus.o(x$fpl$ieeestatus)
    x$fpl$ieeestatus                         0x08002b34   Section        6  istatus.o(x$fpl$ieeestatus)
    $v0                                      0x08002b3a   Number         0  retnan.o(x$fpl$retnan)
    x$fpl$retnan                             0x08002b3a   Section      100  retnan.o(x$fpl$retnan)
    $v0                                      0x08002b9e   Number         0  scalbn.o(x$fpl$scalbn)
    x$fpl$scalbn                             0x08002b9e   Section       92  scalbn.o(x$fpl$scalbn)
    $v0                                      0x08002bfa   Number         0  scanf1.o(x$fpl$scanf1)
    x$fpl$scanf1                             0x08002bfa   Section        4  scanf1.o(x$fpl$scanf1)
    $v0                                      0x08002bfe   Number         0  scanf2.o(x$fpl$scanf2)
    x$fpl$scanf2                             0x08002bfe   Section        8  scanf2.o(x$fpl$scanf2)
    $v0                                      0x08002c06   Number         0  trapv.o(x$fpl$trapveneer)
    x$fpl$trapveneer                         0x08002c06   Section       48  trapv.o(x$fpl$trapveneer)
    x$fpl$usenofp                            0x08002c36   Section        0  usenofp.o(x$fpl$usenofp)
    tenpwrs_x                                0x08002c38   Data          60  bigflt0.o(.constdata)
    .constdata                               0x08002c38   Section      148  bigflt0.o(.constdata)
    tenpwrs_i                                0x08002c74   Data          64  bigflt0.o(.constdata)
    [Anonymous Symbol]                       0x08002ccc   Section        0  tecmat4x4.o(.rodata.str1.1)
    .L.str.22                                0x08002cee   Data           2  tecmat4x4.o(.rodata.str1.1)
    c$$dinf                                  0x08002d1c   Section        8  fpconst.o(c$$dinf)
    c$$dmax                                  0x08002d24   Section        8  fpconst.o(c$$dmax)
    locale$$data                             0x08002d2c   Section      272  lc_ctype_c.o(locale$$data)
    __lcctype_c_name                         0x08002d30   Data           2  lc_ctype_c.o(locale$$data)
    __lcctype_c_start                        0x08002d38   Data           0  lc_ctype_c.o(locale$$data)
    __lcctype_c_end                          0x08002e3c   Data           0  lc_ctype_c.o(locale$$data)
    locale$$data                             0x08002e3c   Section       28  lc_numeric_c.o(locale$$data)
    __lcnum_c_name                           0x08002e40   Data           2  lc_numeric_c.o(locale$$data)
    __lcnum_c_start                          0x08002e48   Data           0  lc_numeric_c.o(locale$$data)
    __lcnum_c_point                          0x08002e54   Data           0  lc_numeric_c.o(locale$$data)
    __lcnum_c_thousands                      0x08002e56   Data           0  lc_numeric_c.o(locale$$data)
    __lcnum_c_grouping                       0x08002e57   Data           0  lc_numeric_c.o(locale$$data)
    __lcnum_c_end                            0x08002e58   Data           0  lc_numeric_c.o(locale$$data)
    .bss                                     0x20000098   Section       96  libspace.o(.bss)
    Heap_Mem                                 0x200001d0   Data         512  startup_stm32f411xe.o(HEAP)
    HEAP                                     0x200001d0   Section      512  startup_stm32f411xe.o(HEAP)
    Stack_Mem                                0x200003d0   Data        1024  startup_stm32f411xe.o(STACK)
    STACK                                    0x200003d0   Section     1024  startup_stm32f411xe.o(STACK)
    __initial_sp                             0x200007d0   Data           0  startup_stm32f411xe.o(STACK)

    Global Symbols

    Symbol Name                              Value     Ov Type        Size  Object(Section)

    BuildAttributes$$THM_ISAv4$E$P$D$K$B$S$7EM$VFPi3$EXTD16$VFPS$VFMA$PE$A:L22UL41UL21$X:L11$S22US41US21$IEEE1$IW$~IW$USESV6$~STKCKD$USESV7$~SHL$OTIME$ROPI$IEEEX$EBA8$UX$STANDARDLIB$REQ8$PRES8$EABIv2 0x00000000   Number         0  anon$$obj.o ABSOLUTE
    __ARM_exceptions_init                     - Undefined Weak Reference
    __alloca_initialize                       - Undefined Weak Reference
    __arm_preinit_                            - Undefined Weak Reference
    __arm_relocate_pie_                       - Undefined Weak Reference
    __cpp_initialize__aeabi_                  - Undefined Weak Reference
    __cxa_finalize                            - Undefined Weak Reference
    __sigvec_lookup                           - Undefined Weak Reference
    _atexit_init                              - Undefined Weak Reference
    _call_atexit_fns                          - Undefined Weak Reference
    _clock_init                               - Undefined Weak Reference
    _fp_trap_init                             - Undefined Weak Reference
    _fp_trap_shutdown                         - Undefined Weak Reference
    _get_lc_collate                           - Undefined Weak Reference
    _get_lc_monetary                          - Undefined Weak Reference
    _get_lc_time                              - Undefined Weak Reference
    _getenv_init                              - Undefined Weak Reference
    _handle_redirection                       - Undefined Weak Reference
    _init_alloc                               - Undefined Weak Reference
    _init_user_alloc                          - Undefined Weak Reference
    _initio                                   - Undefined Weak Reference
    _rand_init                                - Undefined Weak Reference
    _signal_finish                            - Undefined Weak Reference
    _signal_init                              - Undefined Weak Reference
    _terminate_alloc                          - Undefined Weak Reference
    _terminate_user_alloc                     - Undefined Weak Reference
    _terminateio                              - Undefined Weak Reference
    __Vectors_Size                           0x00000198   Number         0  startup_stm32f411xe.o ABSOLUTE
    __Vectors                                0x08000000   Data           4  startup_stm32f411xe.o(RESET)
    __Vectors_End                            0x08000198   Data           0  startup_stm32f411xe.o(RESET)
    __main                                   0x08000199   Thumb Code     8  __main.o(!!!main)
    __scatterload                            0x080001a1   Thumb Code     0  __scatter.o(!!!scatter)
    __scatterload_rt2                        0x080001a1   Thumb Code    84  __scatter.o(!!!scatter)
    __scatterload_rt2_thumb_only             0x080001a1   Thumb Code     0  __scatter.o(!!!scatter)
    __scatterload_loop                       0x080001ab   Thumb Code     0  __scatter.o(!!!scatter)
    __scatterload_copy                       0x080001fd   Thumb Code    26  __scatter_copy.o(!!handler_copy)
    __scatterload_null                       0x08000219   Thumb Code     2  __scatter.o(!!handler_null)
    __scatterload_zeroinit                   0x0800021d   Thumb Code    28  __scatter_zi.o(!!handler_zi)
    __rt_lib_init                            0x08000239   Thumb Code     0  libinit.o(.ARM.Collect$$libinit$$00000000)
    __rt_lib_init_fp_1                       0x0800023b   Thumb Code     0  libinit2.o(.ARM.Collect$$libinit$$00000001)
    __rt_lib_init_heap_1                     0x0800023f   Thumb Code     0  libinit2.o(.ARM.Collect$$libinit$$0000000C)
    __rt_lib_init_lc_common                  0x0800023f   Thumb Code     0  libinit2.o(.ARM.Collect$$libinit$$00000011)
    __rt_lib_init_preinit_1                  0x0800023f   Thumb Code     0  libinit2.o(.ARM.Collect$$libinit$$00000006)
    __rt_lib_init_rand_1                     0x0800023f   Thumb Code     0  libinit2.o(.ARM.Collect$$libinit$$00000010)
    __rt_lib_init_relocate_pie_1             0x0800023f   Thumb Code     0  libinit2.o(.ARM.Collect$$libinit$$00000004)
    __rt_lib_init_user_alloc_1               0x0800023f   Thumb Code     0  libinit2.o(.ARM.Collect$$libinit$$0000000E)
    __rt_lib_init_lc_collate_1               0x08000245   Thumb Code     0  libinit2.o(.ARM.Collect$$libinit$$00000013)
    __rt_lib_init_lc_ctype_2                 0x08000245   Thumb Code     0  libinit2.o(.ARM.Collect$$libinit$$00000014)
    __rt_lib_init_lc_ctype_1                 0x08000251   Thumb Code     0  libinit2.o(.ARM.Collect$$libinit$$00000015)
    __rt_lib_init_lc_monetary_1              0x08000251   Thumb Code     0  libinit2.o(.ARM.Collect$$libinit$$00000017)
    __rt_lib_init_lc_numeric_2               0x08000251   Thumb Code     0  libinit2.o(.ARM.Collect$$libinit$$00000018)
    __rt_lib_init_alloca_1                   0x0800025b   Thumb Code     0  libinit2.o(.ARM.Collect$$libinit$$00000030)
    __rt_lib_init_argv_1                     0x0800025b   Thumb Code     0  libinit2.o(.ARM.Collect$$libinit$$0000002E)
    __rt_lib_init_atexit_1                   0x0800025b   Thumb Code     0  libinit2.o(.ARM.Collect$$libinit$$0000001D)
    __rt_lib_init_clock_1                    0x0800025b   Thumb Code     0  libinit2.o(.ARM.Collect$$libinit$$00000023)
    __rt_lib_init_cpp_1                      0x0800025b   Thumb Code     0  libinit2.o(.ARM.Collect$$libinit$$00000034)
    __rt_lib_init_exceptions_1               0x0800025b   Thumb Code     0  libinit2.o(.ARM.Collect$$libinit$$00000032)
    __rt_lib_init_fp_trap_1                  0x0800025b   Thumb Code     0  libinit2.o(.ARM.Collect$$libinit$$00000021)
    __rt_lib_init_getenv_1                   0x0800025b   Thumb Code     0  libinit2.o(.ARM.Collect$$libinit$$00000025)
    __rt_lib_init_lc_numeric_1               0x0800025b   Thumb Code     0  libinit2.o(.ARM.Collect$$libinit$$00000019)
    __rt_lib_init_lc_time_1                  0x0800025b   Thumb Code     0  libinit2.o(.ARM.Collect$$libinit$$0000001B)
    __rt_lib_init_return                     0x0800025b   Thumb Code     0  libinit2.o(.ARM.Collect$$libinit$$00000035)
    __rt_lib_init_signal_1                   0x0800025b   Thumb Code     0  libinit2.o(.ARM.Collect$$libinit$$0000001F)
    __rt_lib_init_stdio_1                    0x0800025b   Thumb Code     0  libinit2.o(.ARM.Collect$$libinit$$00000027)
    __rt_lib_shutdown                        0x0800025d   Thumb Code     0  libshutdown.o(.ARM.Collect$$libshutdown$$00000000)
    __rt_lib_shutdown_cpp_1                  0x0800025f   Thumb Code     0  libshutdown2.o(.ARM.Collect$$libshutdown$$00000002)
    __rt_lib_shutdown_fp_trap_1              0x0800025f   Thumb Code     0  libshutdown2.o(.ARM.Collect$$libshutdown$$00000007)
    __rt_lib_shutdown_heap_1                 0x0800025f   Thumb Code     0  libshutdown2.o(.ARM.Collect$$libshutdown$$0000000F)
    __rt_lib_shutdown_return                 0x0800025f   Thumb Code     0  libshutdown2.o(.ARM.Collect$$libshutdown$$00000010)
    __rt_lib_shutdown_signal_1               0x0800025f   Thumb Code     0  libshutdown2.o(.ARM.Collect$$libshutdown$$0000000A)
    __rt_lib_shutdown_stdio_1                0x0800025f   Thumb Code     0  libshutdown2.o(.ARM.Collect$$libshutdown$$00000004)
    __rt_lib_shutdown_user_alloc_1           0x0800025f   Thumb Code     0  libshutdown2.o(.ARM.Collect$$libshutdown$$0000000C)
    __rt_entry                               0x08000261   Thumb Code     0  __rtentry.o(.ARM.Collect$$rtentry$$00000000)
    __rt_entry_presh_1                       0x08000261   Thumb Code     0  __rtentry2.o(.ARM.Collect$$rtentry$$00000002)
    __rt_entry_sh                            0x08000261   Thumb Code     0  __rtentry4.o(.ARM.Collect$$rtentry$$00000004)
    __rt_entry_li                            0x08000267   Thumb Code     0  __rtentry2.o(.ARM.Collect$$rtentry$$0000000A)
    __rt_entry_postsh_1                      0x08000267   Thumb Code     0  __rtentry2.o(.ARM.Collect$$rtentry$$00000009)
    __rt_entry_main                          0x0800026b   Thumb Code     0  __rtentry2.o(.ARM.Collect$$rtentry$$0000000D)
    __rt_entry_postli_1                      0x0800026b   Thumb Code     0  __rtentry2.o(.ARM.Collect$$rtentry$$0000000C)
    __rt_exit                                0x08000273   Thumb Code     0  rtexit.o(.ARM.Collect$$rtexit$$00000000)
    __rt_exit_ls                             0x08000275   Thumb Code     0  rtexit2.o(.ARM.Collect$$rtexit$$00000003)
    __rt_exit_prels_1                        0x08000275   Thumb Code     0  rtexit2.o(.ARM.Collect$$rtexit$$00000002)
    __rt_exit_exit                           0x08000279   Thumb Code     0  rtexit2.o(.ARM.Collect$$rtexit$$00000004)
    Reset_Handler                            0x08000281   Thumb Code     8  startup_stm32f411xe.o(.text)
    NMI_Handler                              0x08000289   Thumb Code     2  startup_stm32f411xe.o(.text)
    HardFault_Handler                        0x0800028b   Thumb Code     2  startup_stm32f411xe.o(.text)
    MemManage_Handler                        0x0800028d   Thumb Code     2  startup_stm32f411xe.o(.text)
    BusFault_Handler                         0x0800028f   Thumb Code     2  startup_stm32f411xe.o(.text)
    UsageFault_Handler                       0x08000291   Thumb Code     2  startup_stm32f411xe.o(.text)
    SVC_Handler                              0x08000293   Thumb Code     2  startup_stm32f411xe.o(.text)
    DebugMon_Handler                         0x08000295   Thumb Code     2  startup_stm32f411xe.o(.text)
    PendSV_Handler                           0x08000297   Thumb Code     2  startup_stm32f411xe.o(.text)
    SysTick_Handler                          0x08000299   Thumb Code     2  startup_stm32f411xe.o(.text)
    ADC_IRQHandler                           0x0800029b   Thumb Code     0  startup_stm32f411xe.o(.text)
    DMA1_Stream0_IRQHandler                  0x0800029b   Thumb Code     0  startup_stm32f411xe.o(.text)
    DMA1_Stream1_IRQHandler                  0x0800029b   Thumb Code     0  startup_stm32f411xe.o(.text)
    DMA1_Stream2_IRQHandler                  0x0800029b   Thumb Code     0  startup_stm32f411xe.o(.text)
    DMA1_Stream3_IRQHandler                  0x0800029b   Thumb Code     0  startup_stm32f411xe.o(.text)
    DMA1_Stream4_IRQHandler                  0x0800029b   Thumb Code     0  startup_stm32f411xe.o(.text)
    DMA1_Stream5_IRQHandler                  0x0800029b   Thumb Code     0  startup_stm32f411xe.o(.text)
    DMA1_Stream6_IRQHandler                  0x0800029b   Thumb Code     0  startup_stm32f411xe.o(.text)
    DMA1_Stream7_IRQHandler                  0x0800029b   Thumb Code     0  startup_stm32f411xe.o(.text)
    DMA2_Stream0_IRQHandler                  0x0800029b   Thumb Code     0  startup_stm32f411xe.o(.text)
    DMA2_Stream1_IRQHandler                  0x0800029b   Thumb Code     0  startup_stm32f411xe.o(.text)
    DMA2_Stream2_IRQHandler                  0x0800029b   Thumb Code     0  startup_stm32f411xe.o(.text)
    DMA2_Stream3_IRQHandler                  0x0800029b   Thumb Code     0  startup_stm32f411xe.o(.text)
    DMA2_Stream4_IRQHandler                  0x0800029b   Thumb Code     0  startup_stm32f411xe.o(.text)
    DMA2_Stream5_IRQHandler                  0x0800029b   Thumb Code     0  startup_stm32f411xe.o(.text)
    DMA2_Stream6_IRQHandler                  0x0800029b   Thumb Code     0  startup_stm32f411xe.o(.text)
    DMA2_Stream7_IRQHandler                  0x0800029b   Thumb Code     0  startup_stm32f411xe.o(.text)
    EXTI0_IRQHandler                         0x0800029b   Thumb Code     0  startup_stm32f411xe.o(.text)
    EXTI15_10_IRQHandler                     0x0800029b   Thumb Code     0  startup_stm32f411xe.o(.text)
    EXTI1_IRQHandler                         0x0800029b   Thumb Code     0  startup_stm32f411xe.o(.text)
    EXTI2_IRQHandler                         0x0800029b   Thumb Code     0  startup_stm32f411xe.o(.text)
    EXTI3_IRQHandler                         0x0800029b   Thumb Code     0  startup_stm32f411xe.o(.text)
    EXTI4_IRQHandler                         0x0800029b   Thumb Code     0  startup_stm32f411xe.o(.text)
    EXTI9_5_IRQHandler                       0x0800029b   Thumb Code     0  startup_stm32f411xe.o(.text)
    FLASH_IRQHandler                         0x0800029b   Thumb Code     0  startup_stm32f411xe.o(.text)
    FPU_IRQHandler                           0x0800029b   Thumb Code     0  startup_stm32f411xe.o(.text)
    I2C1_ER_IRQHandler                       0x0800029b   Thumb Code     0  startup_stm32f411xe.o(.text)
    I2C1_EV_IRQHandler                       0x0800029b   Thumb Code     0  startup_stm32f411xe.o(.text)
    I2C2_ER_IRQHandler                       0x0800029b   Thumb Code     0  startup_stm32f411xe.o(.text)
    I2C2_EV_IRQHandler                       0x0800029b   Thumb Code     0  startup_stm32f411xe.o(.text)
    I2C3_ER_IRQHandler                       0x0800029b   Thumb Code     0  startup_stm32f411xe.o(.text)
    I2C3_EV_IRQHandler                       0x0800029b   Thumb Code     0  startup_stm32f411xe.o(.text)
    OTG_FS_IRQHandler                        0x0800029b   Thumb Code     0  startup_stm32f411xe.o(.text)
    OTG_FS_WKUP_IRQHandler                   0x0800029b   Thumb Code     0  startup_stm32f411xe.o(.text)
    PVD_IRQHandler                           0x0800029b   Thumb Code     0  startup_stm32f411xe.o(.text)
    RCC_IRQHandler                           0x0800029b   Thumb Code     0  startup_stm32f411xe.o(.text)
    RTC_Alarm_IRQHandler                     0x0800029b   Thumb Code     0  startup_stm32f411xe.o(.text)
    RTC_WKUP_IRQHandler                      0x0800029b   Thumb Code     0  startup_stm32f411xe.o(.text)
    SDIO_IRQHandler                          0x0800029b   Thumb Code     0  startup_stm32f411xe.o(.text)
    SPI1_IRQHandler                          0x0800029b   Thumb Code     0  startup_stm32f411xe.o(.text)
    SPI2_IRQHandler                          0x0800029b   Thumb Code     0  startup_stm32f411xe.o(.text)
    SPI3_IRQHandler                          0x0800029b   Thumb Code     0  startup_stm32f411xe.o(.text)
    SPI4_IRQHandler                          0x0800029b   Thumb Code     0  startup_stm32f411xe.o(.text)
    SPI5_IRQHandler                          0x0800029b   Thumb Code     0  startup_stm32f411xe.o(.text)
    TAMP_STAMP_IRQHandler                    0x0800029b   Thumb Code     0  startup_stm32f411xe.o(.text)
    TIM1_BRK_TIM9_IRQHandler                 0x0800029b   Thumb Code     0  startup_stm32f411xe.o(.text)
    TIM1_CC_IRQHandler                       0x0800029b   Thumb Code     0  startup_stm32f411xe.o(.text)
    TIM1_TRG_COM_TIM11_IRQHandler            0x0800029b   Thumb Code     0  startup_stm32f411xe.o(.text)
    TIM1_UP_TIM10_IRQHandler                 0x0800029b   Thumb Code     0  startup_stm32f411xe.o(.text)
    TIM2_IRQHandler                          0x0800029b   Thumb Code     0  startup_stm32f411xe.o(.text)
    TIM3_IRQHandler                          0x0800029b   Thumb Code     0  startup_stm32f411xe.o(.text)
    TIM4_IRQHandler                          0x0800029b   Thumb Code     0  startup_stm32f411xe.o(.text)
    TIM5_IRQHandler                          0x0800029b   Thumb Code     0  startup_stm32f411xe.o(.text)
    USART1_IRQHandler                        0x0800029b   Thumb Code     0  startup_stm32f411xe.o(.text)
    USART2_IRQHandler                        0x0800029b   Thumb Code     0  startup_stm32f411xe.o(.text)
    USART6_IRQHandler                        0x0800029b   Thumb Code     0  startup_stm32f411xe.o(.text)
    WWDG_IRQHandler                          0x0800029b   Thumb Code     0  startup_stm32f411xe.o(.text)
    __user_initial_stackheap                 0x0800029d   Thumb Code     0  startup_stm32f411xe.o(.text)
    strtol                                   0x080002c1   Thumb Code   112  strtol.o(.text)
    __use_two_region_memory                  0x08000331   Thumb Code     2  heapauxi.o(.text)
    __rt_heap_escrow$2region                 0x08000333   Thumb Code     2  heapauxi.o(.text)
    __rt_heap_expand$2region                 0x08000335   Thumb Code     2  heapauxi.o(.text)
    __rt_ctype_table                         0x08000339   Thumb Code    16  rt_ctype_table.o(.text)
    __aeabi_errno_addr                       0x08000349   Thumb Code     8  rt_errno_addr_intlibspace.o(.text)
    __errno$intlibspace                      0x08000349   Thumb Code     0  rt_errno_addr_intlibspace.o(.text)
    __rt_errno_addr$intlibspace              0x08000349   Thumb Code     0  rt_errno_addr_intlibspace.o(.text)
    _strtoul                                 0x08000351   Thumb Code   158  _strtoul.o(.text)
    __strtod_int                             0x08000435   Thumb Code    94  strtod.o(.text)
    __user_libspace                          0x080004a1   Thumb Code     8  libspace.o(.text)
    __user_perproc_libspace                  0x080004a1   Thumb Code     0  libspace.o(.text)
    __user_perthread_libspace                0x080004a1   Thumb Code     0  libspace.o(.text)
    __rt_locale                              0x080004a9   Thumb Code     8  rt_locale_intlibspace.o(.text)
    isspace                                  0x080004b1   Thumb Code    18  isspace.o(.text)
    _chval                                   0x080004c3   Thumb Code    28  _chval.o(.text)
    _sgetc                                   0x080004df   Thumb Code    30  _sgetc.o(.text)
    _sbackspace                              0x080004fd   Thumb Code    34  _sgetc.o(.text)
    __user_setup_stackheap                   0x0800051f   Thumb Code    74  sys_stackheap_outer.o(.text)
    _scanf_really_real                       0x080007b5   Thumb Code   684  scanf_fp.o(.text)
    exit                                     0x08000a61   Thumb Code    18  exit.o(.text)
    strcmp                                   0x08000a79   Thumb Code   124  strcmpv7em.o(.text)
    __aeabi_llsl                             0x08000af5   Thumb Code     0  llshl.o(.text)
    _ll_shift_l                              0x08000af5   Thumb Code    38  llshl.o(.text)
    _btod_etento                             0x08000b1d   Thumb Code   224  bigflt0.o(.text)
    __read_errno                             0x08000c01   Thumb Code    10  _rserrno.o(.text)
    __set_errno                              0x08000c0b   Thumb Code    12  _rserrno.o(.text)
    _scanf_really_hex_real                   0x08000c19   Thumb Code   786  scanf_hexfp.o(.text)
    _scanf_really_infnan                     0x08000f39   Thumb Code   292  scanf_infnan.o(.text)
    _sys_exit                                0x0800106d   Thumb Code     8  sys_exit.o(.text)
    __I$use$semihosting                      0x08001079   Thumb Code     0  use_no_semi.o(.text)
    __use_no_semihosting_swi                 0x08001079   Thumb Code     2  use_no_semi.o(.text)
    __semihosting_library_function           0x0800107b   Thumb Code     0  indicate_semi.o(.text)
    SystemInit                               0x0800107d   Thumb Code    18  system_stm32f4xx.o(.text.SystemInit)
    confGPIO                                 0x080011f9   Thumb Code    34  tecmat4x4.o(.text.confGPIO)
    confRCC                                  0x0800121d   Thumb Code    18  tecmat4x4.o(.text.confRCC)
    gotKey                                   0x08001231   Thumb Code   344  tecmat4x4.o(.text.gotKey)
    main                                     0x08001389   Thumb Code   876  main.o(.text.main)
    readPad                                  0x080016f5   Thumb Code   336  main.o(.text.readPad)
    solve_complex_system                     0x08001845   Thumb Code   844  complexgj.o(.text.solve_complex_system)
    __btod_div_common                        0x08001c5d   Thumb Code   696  btod.o(CL$$btod_div_common)
    _e2d                                     0x08001f95   Thumb Code   122  btod.o(CL$$btod_e2d)
    _e2e                                     0x08002019   Thumb Code   220  btod.o(CL$$btod_e2e)
    _btod_ediv                               0x080020f5   Thumb Code    42  btod.o(CL$$btod_ediv)
    _btod_edivd                              0x0800211f   Thumb Code    42  btod.o(CL$$btod_edivd)
    _btod_emul                               0x08002149   Thumb Code    42  btod.o(CL$$btod_emul)
    _btod_emuld                              0x08002173   Thumb Code    42  btod.o(CL$$btod_emuld)
    __btod_mult_common                       0x0800219d   Thumb Code   580  btod.o(CL$$btod_mult_common)
    __hardfp___mathlib_tofloat               0x080023e1   Thumb Code   232  narrow.o(i.__hardfp___mathlib_tofloat)
    __hardfp_ldexp                           0x080024d9   Thumb Code   200  ldexp.o(i.__hardfp_ldexp)
    __hardfp_strtod                          0x080025a9   Thumb Code    32  strtod.o(i.__hardfp_strtod)
    __mathlib_dbl_overflow                   0x080025d1   Thumb Code    24  dunder.o(i.__mathlib_dbl_overflow)
    __mathlib_dbl_underflow                  0x080025f1   Thumb Code    24  dunder.o(i.__mathlib_dbl_underflow)
    __mathlib_narrow                         0x08002611   Thumb Code    18  narrow.o(i.__mathlib_narrow)
    __support_ldexp                          0x08002623   Thumb Code    20  ldexp.o(i.__support_ldexp)
    _is_digit                                0x08002637   Thumb Code    14  scanf_fp.o(i._is_digit)
    frexp                                    0x08002649   Thumb Code   118  frexp.o(i.frexp)
    _get_lc_ctype                            0x080026d5   Thumb Code    44  lc_ctype_c.o(locale$$code)
    _get_lc_numeric                          0x08002701   Thumb Code    44  lc_numeric_c.o(locale$$code)
    __aeabi_d2f                              0x0800272d   Thumb Code     0  d2f.o(x$fpl$d2f)
    _d2f                                     0x0800272d   Thumb Code    98  d2f.o(x$fpl$d2f)
    __fpl_dcheck_NaN1                        0x08002791   Thumb Code    10  dcheck1.o(x$fpl$dcheck1)
    __fpl_dcmp_Inf                           0x080027a1   Thumb Code    24  dcmpi.o(x$fpl$dcmpinf)
    __aeabi_cdcmpeq                          0x080027b9   Thumb Code     0  deqf.o(x$fpl$deqf)
    _dcmpeq                                  0x080027b9   Thumb Code   120  deqf.o(x$fpl$deqf)
    __aeabi_cdcmple                          0x08002831   Thumb Code     0  dleqf.o(x$fpl$dleqf)
    _dcmple                                  0x08002831   Thumb Code   120  dleqf.o(x$fpl$dleqf)
    __fpl_dcmple_InfNaN                      0x08002893   Thumb Code     0  dleqf.o(x$fpl$dleqf)
    __aeabi_dmul                             0x080028a9   Thumb Code     0  dmul.o(x$fpl$dmul)
    _dmul                                    0x080028a9   Thumb Code   332  dmul.o(x$fpl$dmul)
    __fpl_dnaninf                            0x080029fd   Thumb Code   156  dnaninf.o(x$fpl$dnaninf)
    __fpl_dretinf                            0x08002a99   Thumb Code    12  dretinf.o(x$fpl$dretinf)
    __aeabi_cdrcmple                         0x08002aa5   Thumb Code     0  drleqf.o(x$fpl$drleqf)
    _drcmple                                 0x08002aa5   Thumb Code   108  drleqf.o(x$fpl$drleqf)
    _fp_init                                 0x08002b11   Thumb Code    26  fpinit.o(x$fpl$fpinit)
    __fplib_config_fpu_vfp                   0x08002b29   Thumb Code     0  fpinit.o(x$fpl$fpinit)
    __fplib_config_pureend_doubles           0x08002b29   Thumb Code     0  fpinit.o(x$fpl$fpinit)
    __fpl_fretinf                            0x08002b2b   Thumb Code    10  fretinf.o(x$fpl$fretinf)
    __ieee_status                            0x08002b35   Thumb Code     6  istatus.o(x$fpl$ieeestatus)
    __fpl_return_NaN                         0x08002b3b   Thumb Code   100  retnan.o(x$fpl$retnan)
    __ARM_scalbn                             0x08002b9f   Thumb Code    92  scalbn.o(x$fpl$scalbn)
    _scanf_real                              0x08002bfb   Thumb Code     4  scanf1.o(x$fpl$scanf1)
    _scanf_hex_real                          0x08002bff   Thumb Code     4  scanf2.o(x$fpl$scanf2)
    _scanf_infnan                            0x08002c03   Thumb Code     4  scanf2.o(x$fpl$scanf2)
    __fpl_cmpreturn                          0x08002c07   Thumb Code    48  trapv.o(x$fpl$trapveneer)
    __I$use$fp                               0x08002c36   Number         0  usenofp.o(x$fpl$usenofp)
    Region$$Table$$Base                      0x08002cfc   Number         0  anon$$obj.o(Region$$Table)
    Region$$Table$$Limit                     0x08002d1c   Number         0  anon$$obj.o(Region$$Table)
    __aeabi_HUGE_VAL                         0x08002d1c   Data           0  fpconst.o(c$$dinf)
    __aeabi_HUGE_VALL                        0x08002d1c   Data           0  fpconst.o(c$$dinf)
    __aeabi_INFINITY                         0x08002d1c   Data           0  fpconst.o(c$$dinf)
    __dInf                                   0x08002d1c   Data           0  fpconst.o(c$$dinf)
    __huge_val                               0x08002d1c   Data           0  fpconst.o(c$$dinf)
    __dbl_max                                0x08002d24   Data           0  fpconst.o(c$$dmax)
    __ctype                                  0x08002d39   Data           0  lc_ctype_c.o(locale$$data)
    keyHexa                                  0x20000000   Data          64  tecmat4x4.o(.data.keyHexa)
    keyHexaAltern                            0x20000040   Data          64  tecmat4x4.o(.data.keyHexaAltern)
    keyPolling                               0x20000080   Data          16  tecmat4x4.o(.data.keyPolling)
    rowPins                                  0x20000090   Data           4  tecmat4x4.o(.data.rowPins)
    __libspace_start                         0x20000098   Data          96  libspace.o(.bss)
    A                                        0x200000f8   Data         128  main.o(.bss.A)
    __temporary_stack_top$libspace           0x200000f8   Data           0  libspace.o(.bss)
    b                                        0x20000178   Data          32  main.o(.bss.b)
    buffer                                   0x20000198   Data          16  main.o(.bss.buffer)
    index                                    0x200001a8   Data           1  main.o(.bss.index)
    level                                    0x200001a9   Data           1  main.o(.bss.level)
    matSize                                  0x200001aa   Data           1  main.o(.bss.matSize)
    toggle_Altern                            0x200001ab   Data           1  tecmat4x4.o(.bss.toggle_Altern)
    x                                        0x200001ac   Data          32  main.o(.bss.x)



==============================================================================

Memory Map of the image

  Image Entry point : 0x08000281

  Load Region LR_1 (Base: 0x08000000, Size: 0x00002eec, Max: 0xffffffff, ABSOLUTE)

    Execution Region ER_RO (Exec base: 0x08000000, Load base: 0x08000000, Size: 0x00002e58, Max: 0xffffffff, ABSOLUTE)

    Exec Addr    Load Addr    Size         Type   Attr      Idx    E Section Name        Object

    0x08000000   0x08000000   0x00000198   Data   RO           64    RESET               startup_stm32f411xe.o
    0x08000198   0x08000198   0x00000008   Code   RO           91  * !!!main             c_w.l(__main.o)
    0x080001a0   0x080001a0   0x0000005c   Code   RO          449    !!!scatter          c_w.l(__scatter.o)
    0x080001fc   0x080001fc   0x0000001a   Code   RO          453    !!handler_copy      c_w.l(__scatter_copy.o)
    0x08000216   0x08000216   0x00000002   PAD
    0x08000218   0x08000218   0x00000002   Code   RO          450    !!handler_null      c_w.l(__scatter.o)
    0x0800021a   0x0800021a   0x00000002   PAD
    0x0800021c   0x0800021c   0x0000001c   Code   RO          455    !!handler_zi        c_w.l(__scatter_zi.o)
    0x08000238   0x08000238   0x00000002   Code   RO          172    .ARM.Collect$$libinit$$00000000  c_w.l(libinit.o)
    0x0800023a   0x0800023a   0x00000004   Code   RO          173    .ARM.Collect$$libinit$$00000001  c_w.l(libinit2.o)
    0x0800023e   0x0800023e   0x00000000   Code   RO          176    .ARM.Collect$$libinit$$00000004  c_w.l(libinit2.o)
    0x0800023e   0x0800023e   0x00000000   Code   RO          178    .ARM.Collect$$libinit$$00000006  c_w.l(libinit2.o)
    0x0800023e   0x0800023e   0x00000000   Code   RO          181    .ARM.Collect$$libinit$$0000000C  c_w.l(libinit2.o)
    0x0800023e   0x0800023e   0x00000000   Code   RO          183    .ARM.Collect$$libinit$$0000000E  c_w.l(libinit2.o)
    0x0800023e   0x0800023e   0x00000000   Code   RO          185    .ARM.Collect$$libinit$$00000010  c_w.l(libinit2.o)
    0x0800023e   0x0800023e   0x00000006   Code   RO          186    .ARM.Collect$$libinit$$00000011  c_w.l(libinit2.o)
    0x08000244   0x08000244   0x00000000   Code   RO          188    .ARM.Collect$$libinit$$00000013  c_w.l(libinit2.o)
    0x08000244   0x08000244   0x0000000c   Code   RO          189    .ARM.Collect$$libinit$$00000014  c_w.l(libinit2.o)
    0x08000250   0x08000250   0x00000000   Code   RO          190    .ARM.Collect$$libinit$$00000015  c_w.l(libinit2.o)
    0x08000250   0x08000250   0x00000000   Code   RO          192    .ARM.Collect$$libinit$$00000017  c_w.l(libinit2.o)
    0x08000250   0x08000250   0x0000000a   Code   RO          193    .ARM.Collect$$libinit$$00000018  c_w.l(libinit2.o)
    0x0800025a   0x0800025a   0x00000000   Code   RO          194    .ARM.Collect$$libinit$$00000019  c_w.l(libinit2.o)
    0x0800025a   0x0800025a   0x00000000   Code   RO          196    .ARM.Collect$$libinit$$0000001B  c_w.l(libinit2.o)
    0x0800025a   0x0800025a   0x00000000   Code   RO          198    .ARM.Collect$$libinit$$0000001D  c_w.l(libinit2.o)
    0x0800025a   0x0800025a   0x00000000   Code   RO          200    .ARM.Collect$$libinit$$0000001F  c_w.l(libinit2.o)
    0x0800025a   0x0800025a   0x00000000   Code   RO          202    .ARM.Collect$$libinit$$00000021  c_w.l(libinit2.o)
    0x0800025a   0x0800025a   0x00000000   Code   RO          204    .ARM.Collect$$libinit$$00000023  c_w.l(libinit2.o)
    0x0800025a   0x0800025a   0x00000000   Code   RO          206    .ARM.Collect$$libinit$$00000025  c_w.l(libinit2.o)
    0x0800025a   0x0800025a   0x00000000   Code   RO          208    .ARM.Collect$$libinit$$00000027  c_w.l(libinit2.o)
    0x0800025a   0x0800025a   0x00000000   Code   RO          212    .ARM.Collect$$libinit$$0000002E  c_w.l(libinit2.o)
    0x0800025a   0x0800025a   0x00000000   Code   RO          214    .ARM.Collect$$libinit$$00000030  c_w.l(libinit2.o)
    0x0800025a   0x0800025a   0x00000000   Code   RO          216    .ARM.Collect$$libinit$$00000032  c_w.l(libinit2.o)
    0x0800025a   0x0800025a   0x00000000   Code   RO          218    .ARM.Collect$$libinit$$00000034  c_w.l(libinit2.o)
    0x0800025a   0x0800025a   0x00000002   Code   RO          219    .ARM.Collect$$libinit$$00000035  c_w.l(libinit2.o)
    0x0800025c   0x0800025c   0x00000002   Code   RO          347    .ARM.Collect$$libshutdown$$00000000  c_w.l(libshutdown.o)
    0x0800025e   0x0800025e   0x00000000   Code   RO          372    .ARM.Collect$$libshutdown$$00000002  c_w.l(libshutdown2.o)
    0x0800025e   0x0800025e   0x00000000   Code   RO          374    .ARM.Collect$$libshutdown$$00000004  c_w.l(libshutdown2.o)
    0x0800025e   0x0800025e   0x00000000   Code   RO          377    .ARM.Collect$$libshutdown$$00000007  c_w.l(libshutdown2.o)
    0x0800025e   0x0800025e   0x00000000   Code   RO          380    .ARM.Collect$$libshutdown$$0000000A  c_w.l(libshutdown2.o)
    0x0800025e   0x0800025e   0x00000000   Code   RO          382    .ARM.Collect$$libshutdown$$0000000C  c_w.l(libshutdown2.o)
    0x0800025e   0x0800025e   0x00000000   Code   RO          385    .ARM.Collect$$libshutdown$$0000000F  c_w.l(libshutdown2.o)
    0x0800025e   0x0800025e   0x00000002   Code   RO          386    .ARM.Collect$$libshutdown$$00000010  c_w.l(libshutdown2.o)
    0x08000260   0x08000260   0x00000000   Code   RO          101    .ARM.Collect$$rtentry$$00000000  c_w.l(__rtentry.o)
    0x08000260   0x08000260   0x00000000   Code   RO          122    .ARM.Collect$$rtentry$$00000002  c_w.l(__rtentry2.o)
    0x08000260   0x08000260   0x00000006   Code   RO          134    .ARM.Collect$$rtentry$$00000004  c_w.l(__rtentry4.o)
    0x08000266   0x08000266   0x00000000   Code   RO          124    .ARM.Collect$$rtentry$$00000009  c_w.l(__rtentry2.o)
    0x08000266   0x08000266   0x00000004   Code   RO          125    .ARM.Collect$$rtentry$$0000000A  c_w.l(__rtentry2.o)
    0x0800026a   0x0800026a   0x00000000   Code   RO          127    .ARM.Collect$$rtentry$$0000000C  c_w.l(__rtentry2.o)
    0x0800026a   0x0800026a   0x00000008   Code   RO          128    .ARM.Collect$$rtentry$$0000000D  c_w.l(__rtentry2.o)
    0x08000272   0x08000272   0x00000002   Code   RO          220    .ARM.Collect$$rtexit$$00000000  c_w.l(rtexit.o)
    0x08000274   0x08000274   0x00000000   Code   RO          281    .ARM.Collect$$rtexit$$00000002  c_w.l(rtexit2.o)
    0x08000274   0x08000274   0x00000004   Code   RO          282    .ARM.Collect$$rtexit$$00000003  c_w.l(rtexit2.o)
    0x08000278   0x08000278   0x00000006   Code   RO          283    .ARM.Collect$$rtexit$$00000004  c_w.l(rtexit2.o)
    0x0800027e   0x0800027e   0x00000002   PAD
    0x08000280   0x08000280   0x00000040   Code   RO           65  * .text               startup_stm32f411xe.o
    0x080002c0   0x080002c0   0x00000070   Code   RO           87    .text               c_w.l(strtol.o)
    0x08000330   0x08000330   0x00000006   Code   RO           89    .text               c_w.l(heapauxi.o)
    0x08000336   0x08000336   0x00000002   PAD
    0x08000338   0x08000338   0x00000010   Code   RO          102    .text               c_w.l(rt_ctype_table.o)
    0x08000348   0x08000348   0x00000008   Code   RO          107    .text               c_w.l(rt_errno_addr_intlibspace.o)
    0x08000350   0x08000350   0x0000009e   Code   RO          109    .text               c_w.l(_strtoul.o)
    0x080003ee   0x080003ee   0x00000002   PAD
    0x080003f0   0x080003f0   0x000000b0   Code   RO          111    .text               c_w.l(strtod.o)
    0x080004a0   0x080004a0   0x00000008   Code   RO          118    .text               c_w.l(libspace.o)
    0x080004a8   0x080004a8   0x00000008   Code   RO          139    .text               c_w.l(rt_locale_intlibspace.o)
    0x080004b0   0x080004b0   0x00000012   Code   RO          141    .text               c_w.l(isspace.o)
    0x080004c2   0x080004c2   0x0000001c   Code   RO          143    .text               c_w.l(_chval.o)
    0x080004de   0x080004de   0x00000040   Code   RO          145    .text               c_w.l(_sgetc.o)
    0x0800051e   0x0800051e   0x0000004a   Code   RO          155    .text               c_w.l(sys_stackheap_outer.o)
    0x08000568   0x08000568   0x000004f8   Code   RO          157    .text               c_w.l(scanf_fp.o)
    0x08000a60   0x08000a60   0x00000012   Code   RO          163    .text               c_w.l(exit.o)
    0x08000a72   0x08000a72   0x00000006   PAD
    0x08000a78   0x08000a78   0x0000007c   Code   RO          165    .text               c_w.l(strcmpv7em.o)
    0x08000af4   0x08000af4   0x00000026   Code   RO          222    .text               c_w.l(llshl.o)
    0x08000b1a   0x08000b1a   0x00000002   PAD
    0x08000b1c   0x08000b1c   0x000000e4   Code   RO          226    .text               c_w.l(bigflt0.o)
    0x08000c00   0x08000c00   0x00000016   Code   RO          287    .text               c_w.l(_rserrno.o)
    0x08000c16   0x08000c16   0x00000002   PAD
    0x08000c18   0x08000c18   0x00000320   Code   RO          308    .text               c_w.l(scanf_hexfp.o)
    0x08000f38   0x08000f38   0x00000134   Code   RO          310    .text               c_w.l(scanf_infnan.o)
    0x0800106c   0x0800106c   0x0000000c   Code   RO          330    .text               c_w.l(sys_exit.o)
    0x08001078   0x08001078   0x00000002   Code   RO          362    .text               c_w.l(use_no_semi.o)
    0x0800107a   0x0800107a   0x00000000   Code   RO          364    .text               c_w.l(indicate_semi.o)
    0x0800107a   0x0800107a   0x00000002   PAD
    0x0800107c   0x0800107c   0x00000012   Code   RO           72    .text.SystemInit    system_stm32f4xx.o
    0x0800108e   0x0800108e   0x00000002   PAD
    0x08001090   0x08001090   0x0000003e   Code   RO           50    .text.c_add         complexgj.o
    0x080010ce   0x080010ce   0x00000002   PAD
    0x080010d0   0x080010d0   0x00000086   Code   RO           44    .text.c_div         complexgj.o
    0x08001156   0x08001156   0x00000002   PAD
    0x08001158   0x08001158   0x0000005e   Code   RO           48    .text.c_mul         complexgj.o
    0x080011b6   0x080011b6   0x00000002   PAD
    0x080011b8   0x080011b8   0x0000003e   Code   RO           46    .text.c_sub         complexgj.o
    0x080011f6   0x080011f6   0x00000002   PAD
    0x080011f8   0x080011f8   0x00000022   Code   RO           25    .text.confGPIO      tecmat4x4.o
    0x0800121a   0x0800121a   0x00000002   PAD
    0x0800121c   0x0800121c   0x00000012   Code   RO           23    .text.confRCC       tecmat4x4.o
    0x0800122e   0x0800122e   0x00000002   PAD
    0x08001230   0x08001230   0x00000158   Code   RO           21    .text.gotKey        tecmat4x4.o
    0x08001388   0x08001388   0x0000036c   Code   RO            2    .text.main          main.o
    0x080016f4   0x080016f4   0x00000150   Code   RO            4    .text.readPad       main.o
    0x08001844   0x08001844   0x00000350   Code   RO           40    .text.solve_complex_system  complexgj.o
    0x08001b94   0x08001b94   0x000000c6   Code   RO           42    .text.swap_rows     complexgj.o
    0x08001c5a   0x08001c5a   0x00000002   PAD
    0x08001c5c   0x08001c5c   0x00000338   Code   RO          239    CL$$btod_div_common  c_w.l(btod.o)
    0x08001f94   0x08001f94   0x00000084   Code   RO          237    CL$$btod_e2d        c_w.l(btod.o)
    0x08002018   0x08002018   0x000000dc   Code   RO          236    CL$$btod_e2e        c_w.l(btod.o)
    0x080020f4   0x080020f4   0x0000002a   Code   RO          233    CL$$btod_ediv       c_w.l(btod.o)
    0x0800211e   0x0800211e   0x0000002a   Code   RO          235    CL$$btod_edivd      c_w.l(btod.o)
    0x08002148   0x08002148   0x0000002a   Code   RO          232    CL$$btod_emul       c_w.l(btod.o)
    0x08002172   0x08002172   0x0000002a   Code   RO          234    CL$$btod_emuld      c_w.l(btod.o)
    0x0800219c   0x0800219c   0x00000244   Code   RO          238    CL$$btod_mult_common  c_w.l(btod.o)
    0x080023e0   0x080023e0   0x000000f8   Code   RO          272    i.__hardfp___mathlib_tofloat  m_wm.l(narrow.o)
    0x080024d8   0x080024d8   0x000000d0   Code   RO          354    i.__hardfp_ldexp    m_wm.l(ldexp.o)
    0x080025a8   0x080025a8   0x00000028   Code   RO           95    i.__hardfp_strtod   m_wm.l(strtod.o)
    0x080025d0   0x080025d0   0x00000020   Code   RO          395    i.__mathlib_dbl_overflow  m_wm.l(dunder.o)
    0x080025f0   0x080025f0   0x00000020   Code   RO          397    i.__mathlib_dbl_underflow  m_wm.l(dunder.o)
    0x08002610   0x08002610   0x00000012   Code   RO          273    i.__mathlib_narrow  m_wm.l(narrow.o)
    0x08002622   0x08002622   0x00000014   Code   RO          356    i.__support_ldexp   m_wm.l(ldexp.o)
    0x08002636   0x08002636   0x0000000e   Code   RO          159    i._is_digit         c_w.l(scanf_fp.o)
    0x08002644   0x08002644   0x00000004   PAD
    0x08002648   0x08002648   0x0000008c   Code   RO          324    i.frexp             m_wm.l(frexp.o)
    0x080026d4   0x080026d4   0x0000002c   Code   RO          148    locale$$code        c_w.l(lc_ctype_c.o)
    0x08002700   0x08002700   0x0000002c   Code   RO          151    locale$$code        c_w.l(lc_numeric_c.o)
    0x0800272c   0x0800272c   0x00000062   Code   RO           93    x$fpl$d2f           fz_wm.l(d2f.o)
    0x0800278e   0x0800278e   0x00000002   PAD
    0x08002790   0x08002790   0x00000010   Code   RO          415    x$fpl$dcheck1       fz_wm.l(dcheck1.o)
    0x080027a0   0x080027a0   0x00000018   Code   RO          348    x$fpl$dcmpinf       fz_wm.l(dcmpi.o)
    0x080027b8   0x080027b8   0x00000078   Code   RO          318    x$fpl$deqf          fz_wm.l(deqf.o)
    0x08002830   0x08002830   0x00000078   Code   RO          350    x$fpl$dleqf         fz_wm.l(dleqf.o)
    0x080028a8   0x080028a8   0x00000154   Code   RO          352    x$fpl$dmul          fz_wm.l(dmul.o)
    0x080029fc   0x080029fc   0x0000009c   Code   RO          113    x$fpl$dnaninf       fz_wm.l(dnaninf.o)
    0x08002a98   0x08002a98   0x0000000c   Code   RO          387    x$fpl$dretinf       fz_wm.l(dretinf.o)
    0x08002aa4   0x08002aa4   0x0000006c   Code   RO          320    x$fpl$drleqf        fz_wm.l(drleqf.o)
    0x08002b10   0x08002b10   0x0000001a   Code   RO          262    x$fpl$fpinit        fz_wm.l(fpinit.o)
    0x08002b2a   0x08002b2a   0x0000000a   Code   RO          115    x$fpl$fretinf       fz_wm.l(fretinf.o)
    0x08002b34   0x08002b34   0x00000006   Code   RO          264    x$fpl$ieeestatus    fz_wm.l(istatus.o)
    0x08002b3a   0x08002b3a   0x00000064   Code   RO          427    x$fpl$retnan        fz_wm.l(retnan.o)
    0x08002b9e   0x08002b9e   0x0000005c   Code   RO          389    x$fpl$scalbn        fz_wm.l(scalbn.o)
    0x08002bfa   0x08002bfa   0x00000004   Code   RO          153    x$fpl$scanf1        fz_wm.l(scanf1.o)
    0x08002bfe   0x08002bfe   0x00000008   Code   RO          266    x$fpl$scanf2        fz_wm.l(scanf2.o)
    0x08002c06   0x08002c06   0x00000030   Code   RO          445    x$fpl$trapveneer    fz_wm.l(trapv.o)
    0x08002c36   0x08002c36   0x00000000   Code   RO          117    x$fpl$usenofp       fz_wm.l(usenofp.o)
    0x08002c36   0x08002c36   0x00000002   PAD
    0x08002c38   0x08002c38   0x00000094   Data   RO          227    .constdata          c_w.l(bigflt0.o)
    0x08002ccc   0x08002ccc   0x0000002e   Data   RO           28    .rodata.str1.1      tecmat4x4.o
    0x08002cfa   0x08002cfa   0x00000002   PAD
    0x08002cfc   0x08002cfc   0x00000020   Data   RO          448    Region$$Table       anon$$obj.o
    0x08002d1c   0x08002d1c   0x00000008   Data   RO          258    c$$dinf             fz_wm.l(fpconst.o)
    0x08002d24   0x08002d24   0x00000008   Data   RO          261    c$$dmax             fz_wm.l(fpconst.o)
    0x08002d2c   0x08002d2c   0x00000110   Data   RO          147    locale$$data        c_w.l(lc_ctype_c.o)
    0x08002e3c   0x08002e3c   0x0000001c   Data   RO          150    locale$$data        c_w.l(lc_numeric_c.o)


    Execution Region ER_RW (Exec base: 0x20000000, Load base: 0x08002e58, Size: 0x00000094, Max: 0xffffffff, ABSOLUTE)

    Exec Addr    Load Addr    Size         Type   Attr      Idx    E Section Name        Object

    0x20000000   0x08002e58   0x00000040   Data   RW           29    .data.keyHexa       tecmat4x4.o
    0x20000040   0x08002e98   0x00000040   Data   RW           30    .data.keyHexaAltern  tecmat4x4.o
    0x20000080   0x08002ed8   0x00000010   Data   RW           31    .data.keyPolling    tecmat4x4.o
    0x20000090   0x08002ee8   0x00000004   Data   RW           32    .data.rowPins       tecmat4x4.o


    Execution Region ER_ZI (Exec base: 0x20000098, Load base: 0x08002eec, Size: 0x00000738, Max: 0xffffffff, ABSOLUTE)

    Exec Addr    Load Addr    Size         Type   Attr      Idx    E Section Name        Object

    0x20000098        -       0x00000060   Zero   RW          119    .bss                c_w.l(libspace.o)
    0x200000f8        -       0x00000080   Zero   RW            8    .bss.A              main.o
    0x20000178        -       0x00000020   Zero   RW            9    .bss.b              main.o
    0x20000198        -       0x00000010   Zero   RW           11    .bss.buffer         main.o
    0x200001a8        -       0x00000001   Zero   RW            7    .bss.index          main.o
    0x200001a9        -       0x00000001   Zero   RW            6    .bss.level          main.o
    0x200001aa        -       0x00000001   Zero   RW           12    .bss.matSize        main.o
    0x200001ab        -       0x00000001   Zero   RW           27    .bss.toggle_Altern  tecmat4x4.o
    0x200001ac        -       0x00000020   Zero   RW           10    .bss.x              main.o
    0x200001cc   0x08002eec   0x00000004   PAD
    0x200001d0        -       0x00000200   Zero   RW           63    HEAP                startup_stm32f411xe.o
    0x200003d0        -       0x00000400   Zero   RW           62    STACK               startup_stm32f411xe.o


==============================================================================

Image component sizes


      Code (inc. data)   RO Data    RW Data    ZI Data      Debug   Object Name

      1398          4          0          0          0       3398   complexgj.o
      1212         22          0          0        211       1984   main.o
        64         26        408          0       1536        944   startup_stm32f411xe.o
        18          0          0          0          0       2871   system_stm32f4xx.o
       396          0         46        148          1       2867   tecmat4x4.o

    ----------------------------------------------------------------------
      3104         52        488        148       1752      12064   Object Totals
         0          0         32          0          0          0   (incl. Generated)
        16          0          2          0          4          0   (incl. Padding)

    ----------------------------------------------------------------------

      Code (inc. data)   RO Data    RW Data    ZI Data      Debug   Library Member Name

         8          0          0          0          0         68   __main.o
         0          0          0          0          0          0   __rtentry.o
        12          0          0          0          0          0   __rtentry2.o
         6          0          0          0          0          0   __rtentry4.o
        94          8          0          0          0          0   __scatter.o
        26          0          0          0          0          0   __scatter_copy.o
        28          0          0          0          0          0   __scatter_zi.o
        28          0          0          0          0         68   _chval.o
        22          0          0          0          0        100   _rserrno.o
        64          0          0          0          0         84   _sgetc.o
       158          0          0          0          0         92   _strtoul.o
       228          4        148          0          0         96   bigflt0.o
      1924        136          0          0          0        752   btod.o
        18          0          0          0          0         80   exit.o
         6          0          0          0          0        152   heapauxi.o
         0          0          0          0          0          0   indicate_semi.o
        18          0          0          0          0         76   isspace.o
        44         10        272          0          0         76   lc_ctype_c.o
        44         10         28          0          0         76   lc_numeric_c.o
         2          0          0          0          0          0   libinit.o
        34          0          0          0          0          0   libinit2.o
         2          0          0          0          0          0   libshutdown.o
         2          0          0          0          0          0   libshutdown2.o
         8          4          0          0         96         68   libspace.o
        38          0          0          0          0         68   llshl.o
        16          4          0          0          0         76   rt_ctype_table.o
         8          4          0          0          0         68   rt_errno_addr_intlibspace.o
         8          4          0          0          0         68   rt_locale_intlibspace.o
         2          0          0          0          0          0   rtexit.o
        10          0          0          0          0          0   rtexit2.o
      1286         16          0          0          0        236   scanf_fp.o
       800         14          0          0          0        100   scanf_hexfp.o
       308         16          0          0          0        100   scanf_infnan.o
       124          0          0          0          0         88   strcmpv7em.o
       176         14          0          0          0        124   strtod.o
       112          0          0          0          0         88   strtol.o
        12          4          0          0          0         68   sys_exit.o
        74          0          0          0          0         80   sys_stackheap_outer.o
         2          0          0          0          0         68   use_no_semi.o
        98          4          0          0          0        140   d2f.o
        16          4          0          0          0        116   dcheck1.o
        24          0          0          0          0        116   dcmpi.o
       120          4          0          0          0        140   deqf.o
       120          4          0          0          0        140   dleqf.o
       340         12          0          0          0        152   dmul.o
       156          4          0          0          0        140   dnaninf.o
        12          0          0          0          0        116   dretinf.o
       108          0          0          0          0        128   drleqf.o
         0          0         16          0          0          0   fpconst.o
        26          0          0          0          0        116   fpinit.o
        10          0          0          0          0        116   fretinf.o
         6          0          0          0          0        116   istatus.o
       100          0          0          0          0        116   retnan.o
        92          0          0          0          0        116   scalbn.o
         4          0          0          0          0        116   scanf1.o
         8          0          0          0          0        132   scanf2.o
        48          0          0          0          0        116   trapv.o
         0          0          0          0          0          0   usenofp.o
        64         16          0          0          0        248   dunder.o
       140         22          0          0          0        132   frexp.o
       228          8          0          0          0        308   ldexp.o
       266         16          0          0          0        308   narrow.o
        40          8          0          0          0        128   strtod.o

    ----------------------------------------------------------------------
      7808        350        464          0         96       6276   Library Totals
        30          0          0          0          0          0   (incl. Padding)

    ----------------------------------------------------------------------

      Code (inc. data)   RO Data    RW Data    ZI Data      Debug   Library Name

      5752        248        448          0         96       3020   c_w.l
      1288         32         16          0          0       2132   fz_wm.l
       738         70          0          0          0       1124   m_wm.l

    ----------------------------------------------------------------------
      7808        350        464          0         96       6276   Library Totals

    ----------------------------------------------------------------------

==============================================================================


      Code (inc. data)   RO Data    RW Data    ZI Data      Debug   

     10912        402        952        148       1848      14488   Grand Totals
     10912        402        952        148       1848      14488   ELF Image Totals
     10912        402        952        148          0          0   ROM Totals

==============================================================================

    Total RO  Size (Code + RO Data)                11864 (  11.59kB)
    Total RW  Size (RW Data + ZI Data)              1996 (   1.95kB)
    Total ROM Size (Code + RO Data + RW Data)      12012 (  11.73kB)

==============================================================================

