08:21:57 **** Build of configuration Debug for project ComplexCalcProject ****
make -j8 all 
arm-none-eabi-gcc "../Drivers/STM32F4xx_HAL_Driver/Src/stm32f4xx_hal.c" -mcpu=cortex-m4 -std=gnu11 -g3 -DDEBUG -DUSE_HAL_DRIVER -DSTM32F411xE -c -I../Core/Inc -I../Drivers/STM32F4xx_HAL_Driver/Inc -I../Drivers/STM32F4xx_HAL_Driver/Inc/Legacy -I../Drivers/CMSIS/Device/ST/STM32F4xx/Include -I../Drivers/CMSIS/Include -O0 -ffunction-sections -fdata-sections -Wall -fstack-usage -fcyclomatic-complexity -MMD -MP -MF"Drivers/STM32F4xx_HAL_Driver/Src/stm32f4xx_hal.d" -MT"Drivers/STM32F4xx_HAL_Driver/Src/stm32f4xx_hal.o" --specs=nano.specs -mfpu=fpv4-sp-d16 -mfloat-abi=hard -mthumb -o "Drivers/STM32F4xx_HAL_Driver/Src/stm32f4xx_hal.o"
arm-none-eabi-gcc "../Drivers/STM32F4xx_HAL_Driver/Src/stm32f4xx_hal_cortex.c" -mcpu=cortex-m4 -std=gnu11 -g3 -DDEBUG -DUSE_HAL_DRIVER -DSTM32F411xE -c -I../Core/Inc -I../Drivers/STM32F4xx_HAL_Driver/Inc -I../Drivers/STM32F4xx_HAL_Driver/Inc/Legacy -I../Drivers/CMSIS/Device/ST/STM32F4xx/Include -I../Drivers/CMSIS/Include -O0 -ffunction-sections -fdata-sections -Wall -fstack-usage -fcyclomatic-complexity -MMD -MP -MF"Drivers/STM32F4xx_HAL_Driver/Src/stm32f4xx_hal_cortex.d" -MT"Drivers/STM32F4xx_HAL_Driver/Src/stm32f4xx_hal_cortex.o" --specs=nano.specs -mfpu=fpv4-sp-d16 -mfloat-abi=hard -mthumb -o "Drivers/STM32F4xx_HAL_Driver/Src/stm32f4xx_hal_cortex.o"
arm-none-eabi-gcc "../Drivers/STM32F4xx_HAL_Driver/Src/stm32f4xx_hal_dma.c" -mcpu=cortex-m4 -std=gnu11 -g3 -DDEBUG -DUSE_HAL_DRIVER -DSTM32F411xE -c -I../Core/Inc -I../Drivers/STM32F4xx_HAL_Driver/Inc -I../Drivers/STM32F4xx_HAL_Driver/Inc/Legacy -I../Drivers/CMSIS/Device/ST/STM32F4xx/Include -I../Drivers/CMSIS/Include -O0 -ffunction-sections -fdata-sections -Wall -fstack-usage -fcyclomatic-complexity -MMD -MP -MF"Drivers/STM32F4xx_HAL_Driver/Src/stm32f4xx_hal_dma.d" -MT"Drivers/STM32F4xx_HAL_Driver/Src/stm32f4xx_hal_dma.o" --specs=nano.specs -mfpu=fpv4-sp-d16 -mfloat-abi=hard -mthumb -o "Drivers/STM32F4xx_HAL_Driver/Src/stm32f4xx_hal_dma.o"
arm-none-eabi-gcc "../Drivers/STM32F4xx_HAL_Driver/Src/stm32f4xx_hal_dma_ex.c" -mcpu=cortex-m4 -std=gnu11 -g3 -DDEBUG -DUSE_HAL_DRIVER -DSTM32F411xE -c -I../Core/Inc -I../Drivers/STM32F4xx_HAL_Driver/Inc -I../Drivers/STM32F4xx_HAL_Driver/Inc/Legacy -I../Drivers/CMSIS/Device/ST/STM32F4xx/Include -I../Drivers/CMSIS/Include -O0 -ffunction-sections -fdata-sections -Wall -fstack-usage -fcyclomatic-complexity -MMD -MP -MF"Drivers/STM32F4xx_HAL_Driver/Src/stm32f4xx_hal_dma_ex.d" -MT"Drivers/STM32F4xx_HAL_Driver/Src/stm32f4xx_hal_dma_ex.o" --specs=nano.specs -mfpu=fpv4-sp-d16 -mfloat-abi=hard -mthumb -o "Drivers/STM32F4xx_HAL_Driver/Src/stm32f4xx_hal_dma_ex.o"
arm-none-eabi-gcc "../Drivers/STM32F4xx_HAL_Driver/Src/stm32f4xx_hal_exti.c" -mcpu=cortex-m4 -std=gnu11 -g3 -DDEBUG -DUSE_HAL_DRIVER -DSTM32F411xE -c -I../Core/Inc -I../Drivers/STM32F4xx_HAL_Driver/Inc -I../Drivers/STM32F4xx_HAL_Driver/Inc/Legacy -I../Drivers/CMSIS/Device/ST/STM32F4xx/Include -I../Drivers/CMSIS/Include -O0 -ffunction-sections -fdata-sections -Wall -fstack-usage -fcyclomatic-complexity -MMD -MP -MF"Drivers/STM32F4xx_HAL_Driver/Src/stm32f4xx_hal_exti.d" -MT"Drivers/STM32F4xx_HAL_Driver/Src/stm32f4xx_hal_exti.o" --specs=nano.specs -mfpu=fpv4-sp-d16 -mfloat-abi=hard -mthumb -o "Drivers/STM32F4xx_HAL_Driver/Src/stm32f4xx_hal_exti.o"
arm-none-eabi-gcc "../Drivers/STM32F4xx_HAL_Driver/Src/stm32f4xx_hal_flash.c" -mcpu=cortex-m4 -std=gnu11 -g3 -DDEBUG -DUSE_HAL_DRIVER -DSTM32F411xE -c -I../Core/Inc -I../Drivers/STM32F4xx_HAL_Driver/Inc -I../Drivers/STM32F4xx_HAL_Driver/Inc/Legacy -I../Drivers/CMSIS/Device/ST/STM32F4xx/Include -I../Drivers/CMSIS/Include -O0 -ffunction-sections -fdata-sections -Wall -fstack-usage -fcyclomatic-complexity -MMD -MP -MF"Drivers/STM32F4xx_HAL_Driver/Src/stm32f4xx_hal_flash.d" -MT"Drivers/STM32F4xx_HAL_Driver/Src/stm32f4xx_hal_flash.o" --specs=nano.specs -mfpu=fpv4-sp-d16 -mfloat-abi=hard -mthumb -o "Drivers/STM32F4xx_HAL_Driver/Src/stm32f4xx_hal_flash.o"
arm-none-eabi-gcc "../Drivers/STM32F4xx_HAL_Driver/Src/stm32f4xx_hal_flash_ex.c" -mcpu=cortex-m4 -std=gnu11 -g3 -DDEBUG -DUSE_HAL_DRIVER -DSTM32F411xE -c -I../Core/Inc -I../Drivers/STM32F4xx_HAL_Driver/Inc -I../Drivers/STM32F4xx_HAL_Driver/Inc/Legacy -I../Drivers/CMSIS/Device/ST/STM32F4xx/Include -I../Drivers/CMSIS/Include -O0 -ffunction-sections -fdata-sections -Wall -fstack-usage -fcyclomatic-complexity -MMD -MP -MF"Drivers/STM32F4xx_HAL_Driver/Src/stm32f4xx_hal_flash_ex.d" -MT"Drivers/STM32F4xx_HAL_Driver/Src/stm32f4xx_hal_flash_ex.o" --specs=nano.specs -mfpu=fpv4-sp-d16 -mfloat-abi=hard -mthumb -o "Drivers/STM32F4xx_HAL_Driver/Src/stm32f4xx_hal_flash_ex.o"
arm-none-eabi-gcc "../Drivers/STM32F4xx_HAL_Driver/Src/stm32f4xx_hal_flash_ramfunc.c" -mcpu=cortex-m4 -std=gnu11 -g3 -DDEBUG -DUSE_HAL_DRIVER -DSTM32F411xE -c -I../Core/Inc -I../Drivers/STM32F4xx_HAL_Driver/Inc -I../Drivers/STM32F4xx_HAL_Driver/Inc/Legacy -I../Drivers/CMSIS/Device/ST/STM32F4xx/Include -I../Drivers/CMSIS/Include -O0 -ffunction-sections -fdata-sections -Wall -fstack-usage -fcyclomatic-complexity -MMD -MP -MF"Drivers/STM32F4xx_HAL_Driver/Src/stm32f4xx_hal_flash_ramfunc.d" -MT"Drivers/STM32F4xx_HAL_Driver/Src/stm32f4xx_hal_flash_ramfunc.o" --specs=nano.specs -mfpu=fpv4-sp-d16 -mfloat-abi=hard -mthumb -o "Drivers/STM32F4xx_HAL_Driver/Src/stm32f4xx_hal_flash_ramfunc.o"
arm-none-eabi-gcc "../Drivers/STM32F4xx_HAL_Driver/Src/stm32f4xx_hal_gpio.c" -mcpu=cortex-m4 -std=gnu11 -g3 -DDEBUG -DUSE_HAL_DRIVER -DSTM32F411xE -c -I../Core/Inc -I../Drivers/STM32F4xx_HAL_Driver/Inc -I../Drivers/STM32F4xx_HAL_Driver/Inc/Legacy -I../Drivers/CMSIS/Device/ST/STM32F4xx/Include -I../Drivers/CMSIS/Include -O0 -ffunction-sections -fdata-sections -Wall -fstack-usage -fcyclomatic-complexity -MMD -MP -MF"Drivers/STM32F4xx_HAL_Driver/Src/stm32f4xx_hal_gpio.d" -MT"Drivers/STM32F4xx_HAL_Driver/Src/stm32f4xx_hal_gpio.o" --specs=nano.specs -mfpu=fpv4-sp-d16 -mfloat-abi=hard -mthumb -o "Drivers/STM32F4xx_HAL_Driver/Src/stm32f4xx_hal_gpio.o"
arm-none-eabi-gcc "../Drivers/STM32F4xx_HAL_Driver/Src/stm32f4xx_hal_pwr.c" -mcpu=cortex-m4 -std=gnu11 -g3 -DDEBUG -DUSE_HAL_DRIVER -DSTM32F411xE -c -I../Core/Inc -I../Drivers/STM32F4xx_HAL_Driver/Inc -I../Drivers/STM32F4xx_HAL_Driver/Inc/Legacy -I../Drivers/CMSIS/Device/ST/STM32F4xx/Include -I../Drivers/CMSIS/Include -O0 -ffunction-sections -fdata-sections -Wall -fstack-usage -fcyclomatic-complexity -MMD -MP -MF"Drivers/STM32F4xx_HAL_Driver/Src/stm32f4xx_hal_pwr.d" -MT"Drivers/STM32F4xx_HAL_Driver/Src/stm32f4xx_hal_pwr.o" --specs=nano.specs -mfpu=fpv4-sp-d16 -mfloat-abi=hard -mthumb -o "Drivers/STM32F4xx_HAL_Driver/Src/stm32f4xx_hal_pwr.o"
arm-none-eabi-gcc "../Drivers/STM32F4xx_HAL_Driver/Src/stm32f4xx_hal_pwr_ex.c" -mcpu=cortex-m4 -std=gnu11 -g3 -DDEBUG -DUSE_HAL_DRIVER -DSTM32F411xE -c -I../Core/Inc -I../Drivers/STM32F4xx_HAL_Driver/Inc -I../Drivers/STM32F4xx_HAL_Driver/Inc/Legacy -I../Drivers/CMSIS/Device/ST/STM32F4xx/Include -I../Drivers/CMSIS/Include -O0 -ffunction-sections -fdata-sections -Wall -fstack-usage -fcyclomatic-complexity -MMD -MP -MF"Drivers/STM32F4xx_HAL_Driver/Src/stm32f4xx_hal_pwr_ex.d" -MT"Drivers/STM32F4xx_HAL_Driver/Src/stm32f4xx_hal_pwr_ex.o" --specs=nano.specs -mfpu=fpv4-sp-d16 -mfloat-abi=hard -mthumb -o "Drivers/STM32F4xx_HAL_Driver/Src/stm32f4xx_hal_pwr_ex.o"
arm-none-eabi-gcc "../Drivers/STM32F4xx_HAL_Driver/Src/stm32f4xx_hal_rcc.c" -mcpu=cortex-m4 -std=gnu11 -g3 -DDEBUG -DUSE_HAL_DRIVER -DSTM32F411xE -c -I../Core/Inc -I../Drivers/STM32F4xx_HAL_Driver/Inc -I../Drivers/STM32F4xx_HAL_Driver/Inc/Legacy -I../Drivers/CMSIS/Device/ST/STM32F4xx/Include -I../Drivers/CMSIS/Include -O0 -ffunction-sections -fdata-sections -Wall -fstack-usage -fcyclomatic-complexity -MMD -MP -MF"Drivers/STM32F4xx_HAL_Driver/Src/stm32f4xx_hal_rcc.d" -MT"Drivers/STM32F4xx_HAL_Driver/Src/stm32f4xx_hal_rcc.o" --specs=nano.specs -mfpu=fpv4-sp-d16 -mfloat-abi=hard -mthumb -o "Drivers/STM32F4xx_HAL_Driver/Src/stm32f4xx_hal_rcc.o"
arm-none-eabi-gcc "../Drivers/STM32F4xx_HAL_Driver/Src/stm32f4xx_hal_rcc_ex.c" -mcpu=cortex-m4 -std=gnu11 -g3 -DDEBUG -DUSE_HAL_DRIVER -DSTM32F411xE -c -I../Core/Inc -I../Drivers/STM32F4xx_HAL_Driver/Inc -I../Drivers/STM32F4xx_HAL_Driver/Inc/Legacy -I../Drivers/CMSIS/Device/ST/STM32F4xx/Include -I../Drivers/CMSIS/Include -O0 -ffunction-sections -fdata-sections -Wall -fstack-usage -fcyclomatic-complexity -MMD -MP -MF"Drivers/STM32F4xx_HAL_Driver/Src/stm32f4xx_hal_rcc_ex.d" -MT"Drivers/STM32F4xx_HAL_Driver/Src/stm32f4xx_hal_rcc_ex.o" --specs=nano.specs -mfpu=fpv4-sp-d16 -mfloat-abi=hard -mthumb -o "Drivers/STM32F4xx_HAL_Driver/Src/stm32f4xx_hal_rcc_ex.o"
arm-none-eabi-gcc "../Drivers/STM32F4xx_HAL_Driver/Src/stm32f4xx_hal_spi.c" -mcpu=cortex-m4 -std=gnu11 -g3 -DDEBUG -DUSE_HAL_DRIVER -DSTM32F411xE -c -I../Core/Inc -I../Drivers/STM32F4xx_HAL_Driver/Inc -I../Drivers/STM32F4xx_HAL_Driver/Inc/Legacy -I../Drivers/CMSIS/Device/ST/STM32F4xx/Include -I../Drivers/CMSIS/Include -O0 -ffunction-sections -fdata-sections -Wall -fstack-usage -fcyclomatic-complexity -MMD -MP -MF"Drivers/STM32F4xx_HAL_Driver/Src/stm32f4xx_hal_spi.d" -MT"Drivers/STM32F4xx_HAL_Driver/Src/stm32f4xx_hal_spi.o" --specs=nano.specs -mfpu=fpv4-sp-d16 -mfloat-abi=hard -mthumb -o "Drivers/STM32F4xx_HAL_Driver/Src/stm32f4xx_hal_spi.o"
arm-none-eabi-gcc -mcpu=cortex-m4 -g3 -DDEBUG -c -x assembler-with-cpp -MMD -MP -MF"Core/Startup/startup_stm32f411ceux.d" -MT"Core/Startup/startup_stm32f411ceux.o" --specs=nano.specs -mfpu=fpv4-sp-d16 -mfloat-abi=hard -mthumb -o "Core/Startup/startup_stm32f411ceux.o" "../Core/Startup/startup_stm32f411ceux.s"
arm-none-eabi-gcc "../Core/Src/main.c" -mcpu=cortex-m4 -std=gnu11 -g3 -DDEBUG -DUSE_HAL_DRIVER -DSTM32F411xE -c -I../Core/Inc -I../Drivers/STM32F4xx_HAL_Driver/Inc -I../Drivers/STM32F4xx_HAL_Driver/Inc/Legacy -I../Drivers/CMSIS/Device/ST/STM32F4xx/Include -I../Drivers/CMSIS/Include -O0 -ffunction-sections -fdata-sections -Wall -fstack-usage -fcyclomatic-complexity -MMD -MP -MF"Core/Src/main.d" -MT"Core/Src/main.o" --specs=nano.specs -mfpu=fpv4-sp-d16 -mfloat-abi=hard -mthumb -o "Core/Src/main.o"
arm-none-eabi-gcc "../Core/Src/stm32f4xx_hal_msp.c" -mcpu=cortex-m4 -std=gnu11 -g3 -DDEBUG -DUSE_HAL_DRIVER -DSTM32F411xE -c -I../Core/Inc -I../Drivers/STM32F4xx_HAL_Driver/Inc -I../Drivers/STM32F4xx_HAL_Driver/Inc/Legacy -I../Drivers/CMSIS/Device/ST/STM32F4xx/Include -I../Drivers/CMSIS/Include -O0 -ffunction-sections -fdata-sections -Wall -fstack-usage -fcyclomatic-complexity -MMD -MP -MF"Core/Src/stm32f4xx_hal_msp.d" -MT"Core/Src/stm32f4xx_hal_msp.o" --specs=nano.specs -mfpu=fpv4-sp-d16 -mfloat-abi=hard -mthumb -o "Core/Src/stm32f4xx_hal_msp.o"
arm-none-eabi-gcc "../Core/Src/stm32f4xx_it.c" -mcpu=cortex-m4 -std=gnu11 -g3 -DDEBUG -DUSE_HAL_DRIVER -DSTM32F411xE -c -I../Core/Inc -I../Drivers/STM32F4xx_HAL_Driver/Inc -I../Drivers/STM32F4xx_HAL_Driver/Inc/Legacy -I../Drivers/CMSIS/Device/ST/STM32F4xx/Include -I../Drivers/CMSIS/Include -O0 -ffunction-sections -fdata-sections -Wall -fstack-usage -fcyclomatic-complexity -MMD -MP -MF"Core/Src/stm32f4xx_it.d" -MT"Core/Src/stm32f4xx_it.o" --specs=nano.specs -mfpu=fpv4-sp-d16 -mfloat-abi=hard -mthumb -o "Core/Src/stm32f4xx_it.o"
arm-none-eabi-gcc "../Core/Src/syscalls.c" -mcpu=cortex-m4 -std=gnu11 -g3 -DDEBUG -DUSE_HAL_DRIVER -DSTM32F411xE -c -I../Core/Inc -I../Drivers/STM32F4xx_HAL_Driver/Inc -I../Drivers/STM32F4xx_HAL_Driver/Inc/Legacy -I../Drivers/CMSIS/Device/ST/STM32F4xx/Include -I../Drivers/CMSIS/Include -O0 -ffunction-sections -fdata-sections -Wall -fstack-usage -fcyclomatic-complexity -MMD -MP -MF"Core/Src/syscalls.d" -MT"Core/Src/syscalls.o" --specs=nano.specs -mfpu=fpv4-sp-d16 -mfloat-abi=hard -mthumb -o "Core/Src/syscalls.o"
arm-none-eabi-gcc "../Core/Src/sysmem.c" -mcpu=cortex-m4 -std=gnu11 -g3 -DDEBUG -DUSE_HAL_DRIVER -DSTM32F411xE -c -I../Core/Inc -I../Drivers/STM32F4xx_HAL_Driver/Inc -I../Drivers/STM32F4xx_HAL_Driver/Inc/Legacy -I../Drivers/CMSIS/Device/ST/STM32F4xx/Include -I../Drivers/CMSIS/Include -O0 -ffunction-sections -fdata-sections -Wall -fstack-usage -fcyclomatic-complexity -MMD -MP -MF"Core/Src/sysmem.d" -MT"Core/Src/sysmem.o" --specs=nano.specs -mfpu=fpv4-sp-d16 -mfloat-abi=hard -mthumb -o "Core/Src/sysmem.o"
arm-none-eabi-gcc "../Core/Src/system_stm32f4xx.c" -mcpu=cortex-m4 -std=gnu11 -g3 -DDEBUG -DUSE_HAL_DRIVER -DSTM32F411xE -c -I../Core/Inc -I../Drivers/STM32F4xx_HAL_Driver/Inc -I../Drivers/STM32F4xx_HAL_Driver/Inc/Legacy -I../Drivers/CMSIS/Device/ST/STM32F4xx/Include -I../Drivers/CMSIS/Include -O0 -ffunction-sections -fdata-sections -Wall -fstack-usage -fcyclomatic-complexity -MMD -MP -MF"Core/Src/system_stm32f4xx.d" -MT"Core/Src/system_stm32f4xx.o" --specs=nano.specs -mfpu=fpv4-sp-d16 -mfloat-abi=hard -mthumb -o "Core/Src/system_stm32f4xx.o"
arm-none-eabi-gcc -o "ComplexCalcProject.elf" @"objects.list"   -mcpu=cortex-m4 -T"C:\Users\dasre\Documents\Knowledge-db\ghFiles\pycodes\ComplexCalc\Py-ComplexCalc\OtherCalcs\HW Version\ComplexCalcProject\STM32F411CEUX_FLASH.ld" --specs=nosys.specs -Wl,-Map="ComplexCalcProject.map" -Wl,--gc-sections -static --specs=nano.specs -mfpu=fpv4-sp-d16 -mfloat-abi=hard -mthumb -Wl,--start-group -lc -lm -Wl,--end-group
Finished building target: ComplexCalcProject.elf
 
arm-none-eabi-size  ComplexCalcProject.elf 
arm-none-eabi-objdump -h -S ComplexCalcProject.elf  > "ComplexCalcProject.list"
   text	   data	    bss	    dec	    hex	filename
   6112	     12	   1660	   7784	   1e68	ComplexCalcProject.elf
Finished building: default.size.stdout
 
Finished building: ComplexCalcProject.list
 
08:26:49 **** Incremental Build of configuration Debug for project ComplexCalcProject ****
make -j8 all 
arm-none-eabi-gcc "../Core/Src/conf.c" -mcpu=cortex-m4 -std=gnu11 -g3 -DDEBUG -DUSE_HAL_DRIVER -DSTM32F411xE -c -I../Core/Inc -I../Drivers/STM32F4xx_HAL_Driver/Inc -I../Drivers/STM32F4xx_HAL_Driver/Inc/Legacy -I../Drivers/CMSIS/Device/ST/STM32F4xx/Include -I../Drivers/CMSIS/Include -O0 -ffunction-sections -fdata-sections -Wall -fstack-usage -fcyclomatic-complexity -MMD -MP -MF"Core/Src/conf.d" -MT"Core/Src/conf.o" --specs=nano.specs -mfpu=fpv4-sp-d16 -mfloat-abi=hard -mthumb -o "Core/Src/conf.o"
arm-none-eabi-gcc "../Core/Src/fonts.c" -mcpu=cortex-m4 -std=gnu11 -g3 -DDEBUG -DUSE_HAL_DRIVER -DSTM32F411xE -c -I../Core/Inc -I../Drivers/STM32F4xx_HAL_Driver/Inc -I../Drivers/STM32F4xx_HAL_Driver/Inc/Legacy -I../Drivers/CMSIS/Device/ST/STM32F4xx/Include -I../Drivers/CMSIS/Include -O0 -ffunction-sections -fdata-sections -Wall -fstack-usage -fcyclomatic-complexity -MMD -MP -MF"Core/Src/fonts.d" -MT"Core/Src/fonts.o" --specs=nano.specs -mfpu=fpv4-sp-d16 -mfloat-abi=hard -mthumb -o "Core/Src/fonts.o"
arm-none-eabi-gcc "../Core/Src/main.c" -mcpu=cortex-m4 -std=gnu11 -g3 -DDEBUG -DUSE_HAL_DRIVER -DSTM32F411xE -c -I../Core/Inc -I../Drivers/STM32F4xx_HAL_Driver/Inc -I../Drivers/STM32F4xx_HAL_Driver/Inc/Legacy -I../Drivers/CMSIS/Device/ST/STM32F4xx/Include -I../Drivers/CMSIS/Include -O0 -ffunction-sections -fdata-sections -Wall -fstack-usage -fcyclomatic-complexity -MMD -MP -MF"Core/Src/main.d" -MT"Core/Src/main.o" --specs=nano.specs -mfpu=fpv4-sp-d16 -mfloat-abi=hard -mthumb -o "Core/Src/main.o"
arm-none-eabi-gcc "../Core/Src/st7735.c" -mcpu=cortex-m4 -std=gnu11 -g3 -DDEBUG -DUSE_HAL_DRIVER -DSTM32F411xE -c -I../Core/Inc -I../Drivers/STM32F4xx_HAL_Driver/Inc -I../Drivers/STM32F4xx_HAL_Driver/Inc/Legacy -I../Drivers/CMSIS/Device/ST/STM32F4xx/Include -I../Drivers/CMSIS/Include -O0 -ffunction-sections -fdata-sections -Wall -fstack-usage -fcyclomatic-complexity -MMD -MP -MF"Core/Src/st7735.d" -MT"Core/Src/st7735.o" --specs=nano.specs -mfpu=fpv4-sp-d16 -mfloat-abi=hard -mthumb -o "Core/Src/st7735.o"
arm-none-eabi-gcc "../Core/Src/stm32f4xx_hal_msp.c" -mcpu=cortex-m4 -std=gnu11 -g3 -DDEBUG -DUSE_HAL_DRIVER -DSTM32F411xE -c -I../Core/Inc -I../Drivers/STM32F4xx_HAL_Driver/Inc -I../Drivers/STM32F4xx_HAL_Driver/Inc/Legacy -I../Drivers/CMSIS/Device/ST/STM32F4xx/Include -I../Drivers/CMSIS/Include -O0 -ffunction-sections -fdata-sections -Wall -fstack-usage -fcyclomatic-complexity -MMD -MP -MF"Core/Src/stm32f4xx_hal_msp.d" -MT"Core/Src/stm32f4xx_hal_msp.o" --specs=nano.specs -mfpu=fpv4-sp-d16 -mfloat-abi=hard -mthumb -o "Core/Src/stm32f4xx_hal_msp.o"
arm-none-eabi-gcc "../Core/Src/stm32f4xx_it.c" -mcpu=cortex-m4 -std=gnu11 -g3 -DDEBUG -DUSE_HAL_DRIVER -DSTM32F411xE -c -I../Core/Inc -I../Drivers/STM32F4xx_HAL_Driver/Inc -I../Drivers/STM32F4xx_HAL_Driver/Inc/Legacy -I../Drivers/CMSIS/Device/ST/STM32F4xx/Include -I../Drivers/CMSIS/Include -O0 -ffunction-sections -fdata-sections -Wall -fstack-usage -fcyclomatic-complexity -MMD -MP -MF"Core/Src/stm32f4xx_it.d" -MT"Core/Src/stm32f4xx_it.o" --specs=nano.specs -mfpu=fpv4-sp-d16 -mfloat-abi=hard -mthumb -o "Core/Src/stm32f4xx_it.o"
arm-none-eabi-gcc "../Core/Src/syscalls.c" -mcpu=cortex-m4 -std=gnu11 -g3 -DDEBUG -DUSE_HAL_DRIVER -DSTM32F411xE -c -I../Core/Inc -I../Drivers/STM32F4xx_HAL_Driver/Inc -I../Drivers/STM32F4xx_HAL_Driver/Inc/Legacy -I../Drivers/CMSIS/Device/ST/STM32F4xx/Include -I../Drivers/CMSIS/Include -O0 -ffunction-sections -fdata-sections -Wall -fstack-usage -fcyclomatic-complexity -MMD -MP -MF"Core/Src/syscalls.d" -MT"Core/Src/syscalls.o" --specs=nano.specs -mfpu=fpv4-sp-d16 -mfloat-abi=hard -mthumb -o "Core/Src/syscalls.o"
arm-none-eabi-gcc "../Core/Src/sysmem.c" -mcpu=cortex-m4 -std=gnu11 -g3 -DDEBUG -DUSE_HAL_DRIVER -DSTM32F411xE -c -I../Core/Inc -I../Drivers/STM32F4xx_HAL_Driver/Inc -I../Drivers/STM32F4xx_HAL_Driver/Inc/Legacy -I../Drivers/CMSIS/Device/ST/STM32F4xx/Include -I../Drivers/CMSIS/Include -O0 -ffunction-sections -fdata-sections -Wall -fstack-usage -fcyclomatic-complexity -MMD -MP -MF"Core/Src/sysmem.d" -MT"Core/Src/sysmem.o" --specs=nano.specs -mfpu=fpv4-sp-d16 -mfloat-abi=hard -mthumb -o "Core/Src/sysmem.o"
../Core/Src/fonts.c:2:10: fatal error: fonts.h: No such file or directory
    2 | #include "fonts.h"
      |          ^~~~~~~~~
compilation terminated.
make: *** [Core/Src/subdir.mk:46: Core/Src/fonts.o] Error 1
make: *** Waiting for unfinished jobs....
In file included from ../Core/Src/st7735.c:3:
../Core/Inc/st7735.h:5:10: fatal error: fonts.h: No such file or directory
    5 | #include "fonts.h"
      |          ^~~~~~~~~
compilation terminated.
make: *** [Core/Src/subdir.mk:46: Core/Src/st7735.o] Error 1
"make -j8 all" terminated with exit code 2. Build might be incomplete.
08:27:48 **** Incremental Build of configuration Debug for project ComplexCalcProject ****
make -j8 all 
arm-none-eabi-gcc "../Core/Src/fonts.c" -mcpu=cortex-m4 -std=gnu11 -g3 -DDEBUG -DUSE_HAL_DRIVER -DSTM32F411xE -c -I../Core/Inc -I../Drivers/STM32F4xx_HAL_Driver/Inc -I../Drivers/STM32F4xx_HAL_Driver/Inc/Legacy -I../Drivers/CMSIS/Device/ST/STM32F4xx/Include -I../Drivers/CMSIS/Include -O0 -ffunction-sections -fdata-sections -Wall -fstack-usage -fcyclomatic-complexity -MMD -MP -MF"Core/Src/fonts.d" -MT"Core/Src/fonts.o" --specs=nano.specs -mfpu=fpv4-sp-d16 -mfloat-abi=hard -mthumb -o "Core/Src/fonts.o"
arm-none-eabi-gcc "../Core/Src/st7735.c" -mcpu=cortex-m4 -std=gnu11 -g3 -DDEBUG -DUSE_HAL_DRIVER -DSTM32F411xE -c -I../Core/Inc -I../Drivers/STM32F4xx_HAL_Driver/Inc -I../Drivers/STM32F4xx_HAL_Driver/Inc/Legacy -I../Drivers/CMSIS/Device/ST/STM32F4xx/Include -I../Drivers/CMSIS/Include -O0 -ffunction-sections -fdata-sections -Wall -fstack-usage -fcyclomatic-complexity -MMD -MP -MF"Core/Src/st7735.d" -MT"Core/Src/st7735.o" --specs=nano.specs -mfpu=fpv4-sp-d16 -mfloat-abi=hard -mthumb -o "Core/Src/st7735.o"
arm-none-eabi-gcc "../Core/Src/system_stm32f4xx.c" -mcpu=cortex-m4 -std=gnu11 -g3 -DDEBUG -DUSE_HAL_DRIVER -DSTM32F411xE -c -I../Core/Inc -I../Drivers/STM32F4xx_HAL_Driver/Inc -I../Drivers/STM32F4xx_HAL_Driver/Inc/Legacy -I../Drivers/CMSIS/Device/ST/STM32F4xx/Include -I../Drivers/CMSIS/Include -O0 -ffunction-sections -fdata-sections -Wall -fstack-usage -fcyclomatic-complexity -MMD -MP -MF"Core/Src/system_stm32f4xx.d" -MT"Core/Src/system_stm32f4xx.o" --specs=nano.specs -mfpu=fpv4-sp-d16 -mfloat-abi=hard -mthumb -o "Core/Src/system_stm32f4xx.o"
arm-none-eabi-gcc "../Core/Src/tecmat4x4.c" -mcpu=cortex-m4 -std=gnu11 -g3 -DDEBUG -DUSE_HAL_DRIVER -DSTM32F411xE -c -I../Core/Inc -I../Drivers/STM32F4xx_HAL_Driver/Inc -I../Drivers/STM32F4xx_HAL_Driver/Inc/Legacy -I../Drivers/CMSIS/Device/ST/STM32F4xx/Include -I../Drivers/CMSIS/Include -O0 -ffunction-sections -fdata-sections -Wall -fstack-usage -fcyclomatic-complexity -MMD -MP -MF"Core/Src/tecmat4x4.d" -MT"Core/Src/tecmat4x4.o" --specs=nano.specs -mfpu=fpv4-sp-d16 -mfloat-abi=hard -mthumb -o "Core/Src/tecmat4x4.o"
arm-none-eabi-gcc -o "ComplexCalcProject.elf" @"objects.list"   -mcpu=cortex-m4 -T"C:\Users\dasre\Documents\Knowledge-db\ghFiles\pycodes\ComplexCalc\Py-ComplexCalc\OtherCalcs\HW Version\ComplexCalcProject\STM32F411CEUX_FLASH.ld" --specs=nosys.specs -Wl,-Map="ComplexCalcProject.map" -Wl,--gc-sections -static --specs=nano.specs -mfpu=fpv4-sp-d16 -mfloat-abi=hard -mthumb -Wl,--start-group -lc -lm -Wl,--end-group
Finished building target: ComplexCalcProject.elf
 
arm-none-eabi-size  ComplexCalcProject.elf 
arm-none-eabi-objdump -h -S ComplexCalcProject.elf  > "ComplexCalcProject.list"
   text	   data	    bss	    dec	    hex	filename
   6112	     12	   1660	   7784	   1e68	ComplexCalcProject.elf
Finished building: default.size.stdout
 
Finished building: ComplexCalcProject.list
 
08:28:15 **** Incremental Build of configuration Debug for project ComplexCalcProject ****
make -j8 all 
arm-none-eabi-gcc "../Core/Src/main.c" -mcpu=cortex-m4 -std=gnu11 -g3 -DDEBUG -DUSE_HAL_DRIVER -DSTM32F411xE -c -I../Core/Inc -I../Drivers/STM32F4xx_HAL_Driver/Inc -I../Drivers/STM32F4xx_HAL_Driver/Inc/Legacy -I../Drivers/CMSIS/Device/ST/STM32F4xx/Include -I../Drivers/CMSIS/Include -O0 -ffunction-sections -fdata-sections -Wall -fstack-usage -fcyclomatic-complexity -MMD -MP -MF"Core/Src/main.d" -MT"Core/Src/main.o" --specs=nano.specs -mfpu=fpv4-sp-d16 -mfloat-abi=hard -mthumb -o "Core/Src/main.o"
../Core/Src/main.c:19:10: fatal error: ComplexGJ.h: No such file or directory
   19 | #include "ComplexGJ.h"
      |          ^~~~~~~~~~~~~
compilation terminated.
make: *** [Core/Src/subdir.mk:46: Core/Src/main.o] Error 1
"make -j8 all" terminated with exit code 2. Build might be incomplete.
08:29:18 **** Incremental Build of configuration Debug for project ComplexCalcProject ****
make -j8 all 
arm-none-eabi-gcc "../Core/Src/ComplexGJ.c" -mcpu=cortex-m4 -std=gnu11 -g3 -DDEBUG -DUSE_HAL_DRIVER -DSTM32F411xE -c -I../Core/Inc -I../Drivers/STM32F4xx_HAL_Driver/Inc -I../Drivers/STM32F4xx_HAL_Driver/Inc/Legacy -I../Drivers/CMSIS/Device/ST/STM32F4xx/Include -I../Drivers/CMSIS/Include -O0 -ffunction-sections -fdata-sections -Wall -fstack-usage -fcyclomatic-complexity -MMD -MP -MF"Core/Src/ComplexGJ.d" -MT"Core/Src/ComplexGJ.o" --specs=nano.specs -mfpu=fpv4-sp-d16 -mfloat-abi=hard -mthumb -o "Core/Src/ComplexGJ.o"
arm-none-eabi-gcc "../Core/Src/conf.c" -mcpu=cortex-m4 -std=gnu11 -g3 -DDEBUG -DUSE_HAL_DRIVER -DSTM32F411xE -c -I../Core/Inc -I../Drivers/STM32F4xx_HAL_Driver/Inc -I../Drivers/STM32F4xx_HAL_Driver/Inc/Legacy -I../Drivers/CMSIS/Device/ST/STM32F4xx/Include -I../Drivers/CMSIS/Include -O0 -ffunction-sections -fdata-sections -Wall -fstack-usage -fcyclomatic-complexity -MMD -MP -MF"Core/Src/conf.d" -MT"Core/Src/conf.o" --specs=nano.specs -mfpu=fpv4-sp-d16 -mfloat-abi=hard -mthumb -o "Core/Src/conf.o"
arm-none-eabi-gcc "../Core/Src/fonts.c" -mcpu=cortex-m4 -std=gnu11 -g3 -DDEBUG -DUSE_HAL_DRIVER -DSTM32F411xE -c -I../Core/Inc -I../Drivers/STM32F4xx_HAL_Driver/Inc -I../Drivers/STM32F4xx_HAL_Driver/Inc/Legacy -I../Drivers/CMSIS/Device/ST/STM32F4xx/Include -I../Drivers/CMSIS/Include -O0 -ffunction-sections -fdata-sections -Wall -fstack-usage -fcyclomatic-complexity -MMD -MP -MF"Core/Src/fonts.d" -MT"Core/Src/fonts.o" --specs=nano.specs -mfpu=fpv4-sp-d16 -mfloat-abi=hard -mthumb -o "Core/Src/fonts.o"
arm-none-eabi-gcc "../Core/Src/main.c" -mcpu=cortex-m4 -std=gnu11 -g3 -DDEBUG -DUSE_HAL_DRIVER -DSTM32F411xE -c -I../Core/Inc -I../Drivers/STM32F4xx_HAL_Driver/Inc -I../Drivers/STM32F4xx_HAL_Driver/Inc/Legacy -I../Drivers/CMSIS/Device/ST/STM32F4xx/Include -I../Drivers/CMSIS/Include -O0 -ffunction-sections -fdata-sections -Wall -fstack-usage -fcyclomatic-complexity -MMD -MP -MF"Core/Src/main.d" -MT"Core/Src/main.o" --specs=nano.specs -mfpu=fpv4-sp-d16 -mfloat-abi=hard -mthumb -o "Core/Src/main.o"
arm-none-eabi-gcc "../Core/Src/st7735.c" -mcpu=cortex-m4 -std=gnu11 -g3 -DDEBUG -DUSE_HAL_DRIVER -DSTM32F411xE -c -I../Core/Inc -I../Drivers/STM32F4xx_HAL_Driver/Inc -I../Drivers/STM32F4xx_HAL_Driver/Inc/Legacy -I../Drivers/CMSIS/Device/ST/STM32F4xx/Include -I../Drivers/CMSIS/Include -O0 -ffunction-sections -fdata-sections -Wall -fstack-usage -fcyclomatic-complexity -MMD -MP -MF"Core/Src/st7735.d" -MT"Core/Src/st7735.o" --specs=nano.specs -mfpu=fpv4-sp-d16 -mfloat-abi=hard -mthumb -o "Core/Src/st7735.o"
arm-none-eabi-gcc "../Core/Src/stm32f4xx_hal_msp.c" -mcpu=cortex-m4 -std=gnu11 -g3 -DDEBUG -DUSE_HAL_DRIVER -DSTM32F411xE -c -I../Core/Inc -I../Drivers/STM32F4xx_HAL_Driver/Inc -I../Drivers/STM32F4xx_HAL_Driver/Inc/Legacy -I../Drivers/CMSIS/Device/ST/STM32F4xx/Include -I../Drivers/CMSIS/Include -O0 -ffunction-sections -fdata-sections -Wall -fstack-usage -fcyclomatic-complexity -MMD -MP -MF"Core/Src/stm32f4xx_hal_msp.d" -MT"Core/Src/stm32f4xx_hal_msp.o" --specs=nano.specs -mfpu=fpv4-sp-d16 -mfloat-abi=hard -mthumb -o "Core/Src/stm32f4xx_hal_msp.o"
arm-none-eabi-gcc "../Core/Src/stm32f4xx_it.c" -mcpu=cortex-m4 -std=gnu11 -g3 -DDEBUG -DUSE_HAL_DRIVER -DSTM32F411xE -c -I../Core/Inc -I../Drivers/STM32F4xx_HAL_Driver/Inc -I../Drivers/STM32F4xx_HAL_Driver/Inc/Legacy -I../Drivers/CMSIS/Device/ST/STM32F4xx/Include -I../Drivers/CMSIS/Include -O0 -ffunction-sections -fdata-sections -Wall -fstack-usage -fcyclomatic-complexity -MMD -MP -MF"Core/Src/stm32f4xx_it.d" -MT"Core/Src/stm32f4xx_it.o" --specs=nano.specs -mfpu=fpv4-sp-d16 -mfloat-abi=hard -mthumb -o "Core/Src/stm32f4xx_it.o"
arm-none-eabi-gcc "../Core/Src/syscalls.c" -mcpu=cortex-m4 -std=gnu11 -g3 -DDEBUG -DUSE_HAL_DRIVER -DSTM32F411xE -c -I../Core/Inc -I../Drivers/STM32F4xx_HAL_Driver/Inc -I../Drivers/STM32F4xx_HAL_Driver/Inc/Legacy -I../Drivers/CMSIS/Device/ST/STM32F4xx/Include -I../Drivers/CMSIS/Include -O0 -ffunction-sections -fdata-sections -Wall -fstack-usage -fcyclomatic-complexity -MMD -MP -MF"Core/Src/syscalls.d" -MT"Core/Src/syscalls.o" --specs=nano.specs -mfpu=fpv4-sp-d16 -mfloat-abi=hard -mthumb -o "Core/Src/syscalls.o"
../Core/Src/main.c: In function 'main':
../Core/Src/main.c:63:9: warning: implicit declaration of function 'confRCC' [-Wimplicit-function-declaration]
   63 |         confRCC();
      |         ^~~~~~~
../Core/Src/main.c:64:9: warning: implicit declaration of function 'confGPIO' [-Wimplicit-function-declaration]
   64 |         confGPIO();
      |         ^~~~~~~~
../Core/Src/main.c:81:33: warning: assignment to 'char *' from 'uint32_t' {aka 'long unsigned int'} makes pointer from integer without a cast [-Wint-conversion]
   81 |                         keypress=gotKey();
      |                                 ^
../Core/Src/main.c:103:33: warning: assignment to 'char *' from 'uint32_t' {aka 'long unsigned int'} makes pointer from integer without a cast [-Wint-conversion]
  103 |                         keypress=gotKey();
      |                                 ^
../Core/Src/main.c:135:41: warning: assignment to 'char *' from 'uint32_t' {aka 'long unsigned int'} makes pointer from integer without a cast [-Wint-conversion]
  135 |                                 keypress=gotKey();
      |                                         ^
../Core/Src/main.c:140:41: warning: assignment to 'char *' from 'uint32_t' {aka 'long unsigned int'} makes pointer from integer without a cast [-Wint-conversion]
  140 |                                 keypress=gotKey();
      |                                         ^
../Core/Src/main.c:167:41: warning: assignment to 'char *' from 'uint32_t' {aka 'long unsigned int'} makes pointer from integer without a cast [-Wint-conversion]
  167 |                                 keypress=gotKey();
      |                                         ^
../Core/Src/main.c:162:29: warning: unused variable 'jaloone' [-Wunused-variable]
  162 |                         int jaloone = solve_complex_system(matSize, A, b, x);
      |                             ^~~~~~~
../Core/Src/main.c: At top level:
../Core/Src/main.c:31:23: warning: 'TestImage' defined but not used [-Wunused-const-variable=]
   31 | static const uint16_t TestImage [] ={
      |                       ^~~~~~~~~
arm-none-eabi-gcc "../Core/Src/sysmem.c" -mcpu=cortex-m4 -std=gnu11 -g3 -DDEBUG -DUSE_HAL_DRIVER -DSTM32F411xE -c -I../Core/Inc -I../Drivers/STM32F4xx_HAL_Driver/Inc -I../Drivers/STM32F4xx_HAL_Driver/Inc/Legacy -I../Drivers/CMSIS/Device/ST/STM32F4xx/Include -I../Drivers/CMSIS/Include -O0 -ffunction-sections -fdata-sections -Wall -fstack-usage -fcyclomatic-complexity -MMD -MP -MF"Core/Src/sysmem.d" -MT"Core/Src/sysmem.o" --specs=nano.specs -mfpu=fpv4-sp-d16 -mfloat-abi=hard -mthumb -o "Core/Src/sysmem.o"
arm-none-eabi-gcc "../Core/Src/system_stm32f4xx.c" -mcpu=cortex-m4 -std=gnu11 -g3 -DDEBUG -DUSE_HAL_DRIVER -DSTM32F411xE -c -I../Core/Inc -I../Drivers/STM32F4xx_HAL_Driver/Inc -I../Drivers/STM32F4xx_HAL_Driver/Inc/Legacy -I../Drivers/CMSIS/Device/ST/STM32F4xx/Include -I../Drivers/CMSIS/Include -O0 -ffunction-sections -fdata-sections -Wall -fstack-usage -fcyclomatic-complexity -MMD -MP -MF"Core/Src/system_stm32f4xx.d" -MT"Core/Src/system_stm32f4xx.o" --specs=nano.specs -mfpu=fpv4-sp-d16 -mfloat-abi=hard -mthumb -o "Core/Src/system_stm32f4xx.o"
arm-none-eabi-gcc "../Core/Src/tecmat4x4.c" -mcpu=cortex-m4 -std=gnu11 -g3 -DDEBUG -DUSE_HAL_DRIVER -DSTM32F411xE -c -I../Core/Inc -I../Drivers/STM32F4xx_HAL_Driver/Inc -I../Drivers/STM32F4xx_HAL_Driver/Inc/Legacy -I../Drivers/CMSIS/Device/ST/STM32F4xx/Include -I../Drivers/CMSIS/Include -O0 -ffunction-sections -fdata-sections -Wall -fstack-usage -fcyclomatic-complexity -MMD -MP -MF"Core/Src/tecmat4x4.d" -MT"Core/Src/tecmat4x4.o" --specs=nano.specs -mfpu=fpv4-sp-d16 -mfloat-abi=hard -mthumb -o "Core/Src/tecmat4x4.o"
arm-none-eabi-gcc -o "ComplexCalcProject.elf" @"objects.list"   -mcpu=cortex-m4 -T"C:\Users\dasre\Documents\Knowledge-db\ghFiles\pycodes\ComplexCalc\Py-ComplexCalc\OtherCalcs\HW Version\ComplexCalcProject\STM32F411CEUX_FLASH.ld" --specs=nosys.specs -Wl,-Map="ComplexCalcProject.map" -Wl,--gc-sections -static --specs=nano.specs -mfpu=fpv4-sp-d16 -mfloat-abi=hard -mthumb -Wl,--start-group -lc -lm -Wl,--end-group
C:/ST/STM32CubeIDE_1.19.0/STM32CubeIDE/plugins/com.st.stm32cube.ide.mcu.externaltools.gnu-tools-for-stm32.13.3.rel1.win32_1.0.0.202411081344/tools/bin/../lib/gcc/arm-none-eabi/13.3.1/../../../../arm-none-eabi/bin/ld.exe: ./Core/Src/main.o: in function `main':
C:/Users/dasre/Documents/Knowledge-db/ghFiles/pycodes/ComplexCalc/Py-ComplexCalc/OtherCalcs/HW Version/ComplexCalcProject/Debug/../Core/Src/main.c:63:(.text.main+0x6): undefined reference to `confRCC'
collect2.exe: error: ld returned 1 exit status
make: *** [makefile:64: ComplexCalcProject.elf] Error 1
"make -j8 all" terminated with exit code 2. Build might be incomplete.
08:31:14 **** Incremental Build of configuration Debug for project ComplexCalcProject ****
make -j8 all 
arm-none-eabi-gcc "../Core/Src/conf.c" -mcpu=cortex-m4 -std=gnu11 -g3 -DDEBUG -DUSE_HAL_DRIVER -DSTM32F411xE -c -I../Core/Inc -I../Drivers/STM32F4xx_HAL_Driver/Inc -I../Drivers/STM32F4xx_HAL_Driver/Inc/Legacy -I../Drivers/CMSIS/Device/ST/STM32F4xx/Include -I../Drivers/CMSIS/Include -O0 -ffunction-sections -fdata-sections -Wall -fstack-usage -fcyclomatic-complexity -MMD -MP -MF"Core/Src/conf.d" -MT"Core/Src/conf.o" --specs=nano.specs -mfpu=fpv4-sp-d16 -mfloat-abi=hard -mthumb -o "Core/Src/conf.o"
arm-none-eabi-gcc "../Core/Src/main.c" -mcpu=cortex-m4 -std=gnu11 -g3 -DDEBUG -DUSE_HAL_DRIVER -DSTM32F411xE -c -I../Core/Inc -I../Drivers/STM32F4xx_HAL_Driver/Inc -I../Drivers/STM32F4xx_HAL_Driver/Inc/Legacy -I../Drivers/CMSIS/Device/ST/STM32F4xx/Include -I../Drivers/CMSIS/Include -O0 -ffunction-sections -fdata-sections -Wall -fstack-usage -fcyclomatic-complexity -MMD -MP -MF"Core/Src/main.d" -MT"Core/Src/main.o" --specs=nano.specs -mfpu=fpv4-sp-d16 -mfloat-abi=hard -mthumb -o "Core/Src/main.o"
arm-none-eabi-gcc "../Core/Src/tecmat4x4.c" -mcpu=cortex-m4 -std=gnu11 -g3 -DDEBUG -DUSE_HAL_DRIVER -DSTM32F411xE -c -I../Core/Inc -I../Drivers/STM32F4xx_HAL_Driver/Inc -I../Drivers/STM32F4xx_HAL_Driver/Inc/Legacy -I../Drivers/CMSIS/Device/ST/STM32F4xx/Include -I../Drivers/CMSIS/Include -O0 -ffunction-sections -fdata-sections -Wall -fstack-usage -fcyclomatic-complexity -MMD -MP -MF"Core/Src/tecmat4x4.d" -MT"Core/Src/tecmat4x4.o" --specs=nano.specs -mfpu=fpv4-sp-d16 -mfloat-abi=hard -mthumb -o "Core/Src/tecmat4x4.o"
../Core/Src/tecmat4x4.c:22:10: error: conflicting types for 'gotKey'; have 'uint32_t(void)' {aka 'long unsigned int(void)'}
   22 | uint32_t gotKey(void){
      |          ^~~~~~
In file included from ../Core/Src/tecmat4x4.c:1:
../Core/Inc/tecmat4x4.h:4:14: note: previous declaration of 'gotKey' with type 'char *(void)'
    4 | extern char* gotKey(void);
      |              ^~~~~~
make: *** [Core/Src/subdir.mk:49: Core/Src/tecmat4x4.o] Error 1
make: *** Waiting for unfinished jobs....
../Core/Src/main.c: In function 'main':
../Core/Src/main.c:162:29: warning: unused variable 'jaloone' [-Wunused-variable]
  162 |                         int jaloone = solve_complex_system(matSize, A, b, x);
      |                             ^~~~~~~
../Core/Src/main.c: At top level:
../Core/Src/main.c:31:23: warning: 'TestImage' defined but not used [-Wunused-const-variable=]
   31 | static const uint16_t TestImage [] ={
      |                       ^~~~~~~~~
"make -j8 all" terminated with exit code 2. Build might be incomplete.
08:31:25 **** Incremental Build of configuration Debug for project ComplexCalcProject ****
make -j8 all 
arm-none-eabi-gcc "../Core/Src/tecmat4x4.c" -mcpu=cortex-m4 -std=gnu11 -g3 -DDEBUG -DUSE_HAL_DRIVER -DSTM32F411xE -c -I../Core/Inc -I../Drivers/STM32F4xx_HAL_Driver/Inc -I../Drivers/STM32F4xx_HAL_Driver/Inc/Legacy -I../Drivers/CMSIS/Device/ST/STM32F4xx/Include -I../Drivers/CMSIS/Include -O0 -ffunction-sections -fdata-sections -Wall -fstack-usage -fcyclomatic-complexity -MMD -MP -MF"Core/Src/tecmat4x4.d" -MT"Core/Src/tecmat4x4.o" --specs=nano.specs -mfpu=fpv4-sp-d16 -mfloat-abi=hard -mthumb -o "Core/Src/tecmat4x4.o"
../Core/Src/tecmat4x4.c: In function 'gotKey':
../Core/Src/tecmat4x4.c:34:42: warning: returning 'uint8_t' {aka 'unsigned char'} from a function with return type 'char *' makes pointer from integer without a cast [-Wint-conversion]
   34 |                         return keyHexa[i][j];
      |                                ~~~~~~~~~~^~~
../Core/Src/tecmat4x4.c:38:24: warning: returning 'int' from a function with return type 'char *' makes pointer from integer without a cast [-Wint-conversion]
   38 |                 return 0x88;
      |                        ^~~~
arm-none-eabi-gcc -o "ComplexCalcProject.elf" @"objects.list"   -mcpu=cortex-m4 -T"C:\Users\dasre\Documents\Knowledge-db\ghFiles\pycodes\ComplexCalc\Py-ComplexCalc\OtherCalcs\HW Version\ComplexCalcProject\STM32F411CEUX_FLASH.ld" --specs=nosys.specs -Wl,-Map="ComplexCalcProject.map" -Wl,--gc-sections -static --specs=nano.specs -mfpu=fpv4-sp-d16 -mfloat-abi=hard -mthumb -Wl,--start-group -lc -lm -Wl,--end-group
Finished building target: ComplexCalcProject.elf
 
arm-none-eabi-size  ComplexCalcProject.elf 
arm-none-eabi-objdump -h -S ComplexCalcProject.elf  > "ComplexCalcProject.list"
   text	   data	    bss	    dec	    hex	filename
  19388	    496	   2120	  22004	   55f4	ComplexCalcProject.elf
Finished building: default.size.stdout
 
Finished building: ComplexCalcProject.list
 
08:32:58 **** Incremental Build of configuration Debug for project ComplexCalcProject ****
make -j8 all 
arm-none-eabi-gcc "../Core/Src/main.c" -mcpu=cortex-m4 -std=gnu11 -g3 -DDEBUG -DUSE_HAL_DRIVER -DSTM32F411xE -c -I../Core/Inc -I../Drivers/STM32F4xx_HAL_Driver/Inc -I../Drivers/STM32F4xx_HAL_Driver/Inc/Legacy -I../Drivers/CMSIS/Device/ST/STM32F4xx/Include -I../Drivers/CMSIS/Include -O0 -ffunction-sections -fdata-sections -Wall -fstack-usage -fcyclomatic-complexity -MMD -MP -MF"Core/Src/main.d" -MT"Core/Src/main.o" --specs=nano.specs -mfpu=fpv4-sp-d16 -mfloat-abi=hard -mthumb -o "Core/Src/main.o"
arm-none-eabi-gcc "../Core/Src/tecmat4x4.c" -mcpu=cortex-m4 -std=gnu11 -g3 -DDEBUG -DUSE_HAL_DRIVER -DSTM32F411xE -c -I../Core/Inc -I../Drivers/STM32F4xx_HAL_Driver/Inc -I../Drivers/STM32F4xx_HAL_Driver/Inc/Legacy -I../Drivers/CMSIS/Device/ST/STM32F4xx/Include -I../Drivers/CMSIS/Include -O0 -ffunction-sections -fdata-sections -Wall -fstack-usage -fcyclomatic-complexity -MMD -MP -MF"Core/Src/tecmat4x4.d" -MT"Core/Src/tecmat4x4.o" --specs=nano.specs -mfpu=fpv4-sp-d16 -mfloat-abi=hard -mthumb -o "Core/Src/tecmat4x4.o"
../Core/Src/tecmat4x4.c: In function 'gotKey':
../Core/Src/tecmat4x4.c:34:42: warning: returning 'uint8_t' {aka 'unsigned char'} from a function with return type 'char *' makes pointer from integer without a cast [-Wint-conversion]
   34 |                         return keyHexa[i][j];
      |                                ~~~~~~~~~~^~~
../Core/Src/tecmat4x4.c:38:24: warning: returning 'int' from a function with return type 'char *' makes pointer from integer without a cast [-Wint-conversion]
   38 |                 return 0x88;
      |                        ^~~~
../Core/Src/main.c: In function 'main':
../Core/Src/main.c:63:9: warning: implicit declaration of function 'confRCC' [-Wimplicit-function-declaration]
   63 |         confRCC();
      |         ^~~~~~~
../Core/Src/main.c:64:9: warning: implicit declaration of function 'confGPIO' [-Wimplicit-function-declaration]
   64 |         confGPIO();
      |         ^~~~~~~~
../Core/Src/main.c:162:29: warning: unused variable 'jaloone' [-Wunused-variable]
  162 |                         int jaloone = solve_complex_system(matSize, A, b, x);
      |                             ^~~~~~~
../Core/Src/main.c: At top level:
../Core/Src/main.c:31:23: warning: 'TestImage' defined but not used [-Wunused-const-variable=]
   31 | static const uint16_t TestImage [] ={
      |                       ^~~~~~~~~
arm-none-eabi-gcc -o "ComplexCalcProject.elf" @"objects.list"   -mcpu=cortex-m4 -T"C:\Users\dasre\Documents\Knowledge-db\ghFiles\pycodes\ComplexCalc\Py-ComplexCalc\OtherCalcs\HW Version\ComplexCalcProject\STM32F411CEUX_FLASH.ld" --specs=nosys.specs -Wl,-Map="ComplexCalcProject.map" -Wl,--gc-sections -static --specs=nano.specs -mfpu=fpv4-sp-d16 -mfloat-abi=hard -mthumb -Wl,--start-group -lc -lm -Wl,--end-group
C:/ST/STM32CubeIDE_1.19.0/STM32CubeIDE/plugins/com.st.stm32cube.ide.mcu.externaltools.gnu-tools-for-stm32.13.3.rel1.win32_1.0.0.202411081344/tools/bin/../lib/gcc/arm-none-eabi/13.3.1/../../../../arm-none-eabi/bin/ld.exe: ./Core/Src/main.o: in function `main':
C:/Users/dasre/Documents/Knowledge-db/ghFiles/pycodes/ComplexCalc/Py-ComplexCalc/OtherCalcs/HW Version/ComplexCalcProject/Debug/../Core/Src/main.c:63:(.text.main+0x6): undefined reference to `confRCC'
C:/ST/STM32CubeIDE_1.19.0/STM32CubeIDE/plugins/com.st.stm32cube.ide.mcu.externaltools.gnu-tools-for-stm32.13.3.rel1.win32_1.0.0.202411081344/tools/bin/../lib/gcc/arm-none-eabi/13.3.1/../../../../arm-none-eabi/bin/ld.exe: C:/Users/dasre/Documents/Knowledge-db/ghFiles/pycodes/ComplexCalc/Py-ComplexCalc/OtherCalcs/HW Version/ComplexCalcProject/Debug/../Core/Src/main.c:64:(.text.main+0xa): undefined reference to `confGPIO'
collect2.exe: error: ld returned 1 exit status
make: *** [makefile:64: ComplexCalcProject.elf] Error 1
"make -j8 all" terminated with exit code 2. Build might be incomplete.
08:33:25 **** Incremental Build of configuration Debug for project ComplexCalcProject ****
make -j8 all 
arm-none-eabi-gcc "../Core/Src/main.c" -mcpu=cortex-m4 -std=gnu11 -g3 -DDEBUG -DUSE_HAL_DRIVER -DSTM32F411xE -c -I../Core/Inc -I../Drivers/STM32F4xx_HAL_Driver/Inc -I../Drivers/STM32F4xx_HAL_Driver/Inc/Legacy -I../Drivers/CMSIS/Device/ST/STM32F4xx/Include -I../Drivers/CMSIS/Include -O0 -ffunction-sections -fdata-sections -Wall -fstack-usage -fcyclomatic-complexity -MMD -MP -MF"Core/Src/main.d" -MT"Core/Src/main.o" --specs=nano.specs -mfpu=fpv4-sp-d16 -mfloat-abi=hard -mthumb -o "Core/Src/main.o"
../Core/Src/main.c: In function 'main':
../Core/Src/main.c:161:29: warning: unused variable 'jaloone' [-Wunused-variable]
  161 |                         int jaloone = solve_complex_system(matSize, A, b, x);
      |                             ^~~~~~~
../Core/Src/main.c: At top level:
../Core/Src/main.c:31:23: warning: 'TestImage' defined but not used [-Wunused-const-variable=]
   31 | static const uint16_t TestImage [] ={
      |                       ^~~~~~~~~
arm-none-eabi-gcc -o "ComplexCalcProject.elf" @"objects.list"   -mcpu=cortex-m4 -T"C:\Users\dasre\Documents\Knowledge-db\ghFiles\pycodes\ComplexCalc\Py-ComplexCalc\OtherCalcs\HW Version\ComplexCalcProject\STM32F411CEUX_FLASH.ld" --specs=nosys.specs -Wl,-Map="ComplexCalcProject.map" -Wl,--gc-sections -static --specs=nano.specs -mfpu=fpv4-sp-d16 -mfloat-abi=hard -mthumb -Wl,--start-group -lc -lm -Wl,--end-group
Finished building target: ComplexCalcProject.elf
 
arm-none-eabi-size  ComplexCalcProject.elf 
arm-none-eabi-objdump -h -S ComplexCalcProject.elf  > "ComplexCalcProject.list"
   text	   data	    bss	    dec	    hex	filename
  19364	    496	   2120	  21980	   55dc	ComplexCalcProject.elf
Finished building: default.size.stdout
 
Finished building: ComplexCalcProject.list
 
08:34:44 **** Incremental Build of configuration Debug for project ComplexCalcProject ****
make -j8 all 
arm-none-eabi-gcc "../Core/Src/0main.c" -mcpu=cortex-m4 -std=gnu11 -g3 -DDEBUG -DUSE_HAL_DRIVER -DSTM32F411xE -c -I../Core/Inc -I../Drivers/STM32F4xx_HAL_Driver/Inc -I../Drivers/STM32F4xx_HAL_Driver/Inc/Legacy -I../Drivers/CMSIS/Device/ST/STM32F4xx/Include -I../Drivers/CMSIS/Include -O0 -ffunction-sections -fdata-sections -Wall -fstack-usage -fcyclomatic-complexity -MMD -MP -MF"Core/Src/0main.d" -MT"Core/Src/0main.o" --specs=nano.specs -mfpu=fpv4-sp-d16 -mfloat-abi=hard -mthumb -o "Core/Src/0main.o"
arm-none-eabi-gcc "../Core/Src/HALst7735.c" -mcpu=cortex-m4 -std=gnu11 -g3 -DDEBUG -DUSE_HAL_DRIVER -DSTM32F411xE -c -I../Core/Inc -I../Drivers/STM32F4xx_HAL_Driver/Inc -I../Drivers/STM32F4xx_HAL_Driver/Inc/Legacy -I../Drivers/CMSIS/Device/ST/STM32F4xx/Include -I../Drivers/CMSIS/Include -O0 -ffunction-sections -fdata-sections -Wall -fstack-usage -fcyclomatic-complexity -MMD -MP -MF"Core/Src/HALst7735.d" -MT"Core/Src/HALst7735.o" --specs=nano.specs -mfpu=fpv4-sp-d16 -mfloat-abi=hard -mthumb -o "Core/Src/HALst7735.o"
arm-none-eabi-gcc "../Core/Src/HALtecmat4x4.c" -mcpu=cortex-m4 -std=gnu11 -g3 -DDEBUG -DUSE_HAL_DRIVER -DSTM32F411xE -c -I../Core/Inc -I../Drivers/STM32F4xx_HAL_Driver/Inc -I../Drivers/STM32F4xx_HAL_Driver/Inc/Legacy -I../Drivers/CMSIS/Device/ST/STM32F4xx/Include -I../Drivers/CMSIS/Include -O0 -ffunction-sections -fdata-sections -Wall -fstack-usage -fcyclomatic-complexity -MMD -MP -MF"Core/Src/HALtecmat4x4.d" -MT"Core/Src/HALtecmat4x4.o" --specs=nano.specs -mfpu=fpv4-sp-d16 -mfloat-abi=hard -mthumb -o "Core/Src/HALtecmat4x4.o"
arm-none-eabi-gcc "../Core/Src/SWComplexGJ.c" -mcpu=cortex-m4 -std=gnu11 -g3 -DDEBUG -DUSE_HAL_DRIVER -DSTM32F411xE -c -I../Core/Inc -I../Drivers/STM32F4xx_HAL_Driver/Inc -I../Drivers/STM32F4xx_HAL_Driver/Inc/Legacy -I../Drivers/CMSIS/Device/ST/STM32F4xx/Include -I../Drivers/CMSIS/Include -O0 -ffunction-sections -fdata-sections -Wall -fstack-usage -fcyclomatic-complexity -MMD -MP -MF"Core/Src/SWComplexGJ.d" -MT"Core/Src/SWComplexGJ.o" --specs=nano.specs -mfpu=fpv4-sp-d16 -mfloat-abi=hard -mthumb -o "Core/Src/SWComplexGJ.o"
arm-none-eabi-gcc "../Core/Src/SWfonts.c" -mcpu=cortex-m4 -std=gnu11 -g3 -DDEBUG -DUSE_HAL_DRIVER -DSTM32F411xE -c -I../Core/Inc -I../Drivers/STM32F4xx_HAL_Driver/Inc -I../Drivers/STM32F4xx_HAL_Driver/Inc/Legacy -I../Drivers/CMSIS/Device/ST/STM32F4xx/Include -I../Drivers/CMSIS/Include -O0 -ffunction-sections -fdata-sections -Wall -fstack-usage -fcyclomatic-complexity -MMD -MP -MF"Core/Src/SWfonts.d" -MT"Core/Src/SWfonts.o" --specs=nano.specs -mfpu=fpv4-sp-d16 -mfloat-abi=hard -mthumb -o "Core/Src/SWfonts.o"
arm-none-eabi-gcc "../Core/Src/conf.c" -mcpu=cortex-m4 -std=gnu11 -g3 -DDEBUG -DUSE_HAL_DRIVER -DSTM32F411xE -c -I../Core/Inc -I../Drivers/STM32F4xx_HAL_Driver/Inc -I../Drivers/STM32F4xx_HAL_Driver/Inc/Legacy -I../Drivers/CMSIS/Device/ST/STM32F4xx/Include -I../Drivers/CMSIS/Include -O0 -ffunction-sections -fdata-sections -Wall -fstack-usage -fcyclomatic-complexity -MMD -MP -MF"Core/Src/conf.d" -MT"Core/Src/conf.o" --specs=nano.specs -mfpu=fpv4-sp-d16 -mfloat-abi=hard -mthumb -o "Core/Src/conf.o"
arm-none-eabi-gcc "../Core/Src/stm32f4xx_hal_msp.c" -mcpu=cortex-m4 -std=gnu11 -g3 -DDEBUG -DUSE_HAL_DRIVER -DSTM32F411xE -c -I../Core/Inc -I../Drivers/STM32F4xx_HAL_Driver/Inc -I../Drivers/STM32F4xx_HAL_Driver/Inc/Legacy -I../Drivers/CMSIS/Device/ST/STM32F4xx/Include -I../Drivers/CMSIS/Include -O0 -ffunction-sections -fdata-sections -Wall -fstack-usage -fcyclomatic-complexity -MMD -MP -MF"Core/Src/stm32f4xx_hal_msp.d" -MT"Core/Src/stm32f4xx_hal_msp.o" --specs=nano.specs -mfpu=fpv4-sp-d16 -mfloat-abi=hard -mthumb -o "Core/Src/stm32f4xx_hal_msp.o"
arm-none-eabi-gcc "../Core/Src/stm32f4xx_it.c" -mcpu=cortex-m4 -std=gnu11 -g3 -DDEBUG -DUSE_HAL_DRIVER -DSTM32F411xE -c -I../Core/Inc -I../Drivers/STM32F4xx_HAL_Driver/Inc -I../Drivers/STM32F4xx_HAL_Driver/Inc/Legacy -I../Drivers/CMSIS/Device/ST/STM32F4xx/Include -I../Drivers/CMSIS/Include -O0 -ffunction-sections -fdata-sections -Wall -fstack-usage -fcyclomatic-complexity -MMD -MP -MF"Core/Src/stm32f4xx_it.d" -MT"Core/Src/stm32f4xx_it.o" --specs=nano.specs -mfpu=fpv4-sp-d16 -mfloat-abi=hard -mthumb -o "Core/Src/stm32f4xx_it.o"
../Core/Src/0main.c: In function 'main':
../Core/Src/0main.c:161:29: warning: unused variable 'jaloone' [-Wunused-variable]
  161 |                         int jaloone = solve_complex_system(matSize, A, b, x);
      |                             ^~~~~~~
../Core/Src/0main.c: At top level:
../Core/Src/0main.c:31:23: warning: 'TestImage' defined but not used [-Wunused-const-variable=]
   31 | static const uint16_t TestImage [] ={
      |                       ^~~~~~~~~
../Core/Src/HALtecmat4x4.c: In function 'gotKey':
../Core/Src/HALtecmat4x4.c:34:42: warning: returning 'uint8_t' {aka 'unsigned char'} from a function with return type 'char *' makes pointer from integer without a cast [-Wint-conversion]
   34 |                         return keyHexa[i][j];
      |                                ~~~~~~~~~~^~~
../Core/Src/HALtecmat4x4.c:38:24: warning: returning 'int' from a function with return type 'char *' makes pointer from integer without a cast [-Wint-conversion]
   38 |                 return 0x88;
      |                        ^~~~
arm-none-eabi-gcc "../Core/Src/syscalls.c" -mcpu=cortex-m4 -std=gnu11 -g3 -DDEBUG -DUSE_HAL_DRIVER -DSTM32F411xE -c -I../Core/Inc -I../Drivers/STM32F4xx_HAL_Driver/Inc -I../Drivers/STM32F4xx_HAL_Driver/Inc/Legacy -I../Drivers/CMSIS/Device/ST/STM32F4xx/Include -I../Drivers/CMSIS/Include -O0 -ffunction-sections -fdata-sections -Wall -fstack-usage -fcyclomatic-complexity -MMD -MP -MF"Core/Src/syscalls.d" -MT"Core/Src/syscalls.o" --specs=nano.specs -mfpu=fpv4-sp-d16 -mfloat-abi=hard -mthumb -o "Core/Src/syscalls.o"
arm-none-eabi-gcc "../Core/Src/sysmem.c" -mcpu=cortex-m4 -std=gnu11 -g3 -DDEBUG -DUSE_HAL_DRIVER -DSTM32F411xE -c -I../Core/Inc -I../Drivers/STM32F4xx_HAL_Driver/Inc -I../Drivers/STM32F4xx_HAL_Driver/Inc/Legacy -I../Drivers/CMSIS/Device/ST/STM32F4xx/Include -I../Drivers/CMSIS/Include -O0 -ffunction-sections -fdata-sections -Wall -fstack-usage -fcyclomatic-complexity -MMD -MP -MF"Core/Src/sysmem.d" -MT"Core/Src/sysmem.o" --specs=nano.specs -mfpu=fpv4-sp-d16 -mfloat-abi=hard -mthumb -o "Core/Src/sysmem.o"
arm-none-eabi-gcc "../Core/Src/system_stm32f4xx.c" -mcpu=cortex-m4 -std=gnu11 -g3 -DDEBUG -DUSE_HAL_DRIVER -DSTM32F411xE -c -I../Core/Inc -I../Drivers/STM32F4xx_HAL_Driver/Inc -I../Drivers/STM32F4xx_HAL_Driver/Inc/Legacy -I../Drivers/CMSIS/Device/ST/STM32F4xx/Include -I../Drivers/CMSIS/Include -O0 -ffunction-sections -fdata-sections -Wall -fstack-usage -fcyclomatic-complexity -MMD -MP -MF"Core/Src/system_stm32f4xx.d" -MT"Core/Src/system_stm32f4xx.o" --specs=nano.specs -mfpu=fpv4-sp-d16 -mfloat-abi=hard -mthumb -o "Core/Src/system_stm32f4xx.o"
arm-none-eabi-gcc -o "ComplexCalcProject.elf" @"objects.list"   -mcpu=cortex-m4 -T"C:\Users\dasre\Documents\Knowledge-db\ghFiles\pycodes\ComplexCalc\Py-ComplexCalc\OtherCalcs\HW Version\ComplexCalcProject\STM32F411CEUX_FLASH.ld" --specs=nosys.specs -Wl,-Map="ComplexCalcProject.map" -Wl,--gc-sections -static --specs=nano.specs -mfpu=fpv4-sp-d16 -mfloat-abi=hard -mthumb -Wl,--start-group -lc -lm -Wl,--end-group
Finished building target: ComplexCalcProject.elf
 
arm-none-eabi-size  ComplexCalcProject.elf 
arm-none-eabi-objdump -h -S ComplexCalcProject.elf  > "ComplexCalcProject.list"
   text	   data	    bss	    dec	    hex	filename
  19364	    496	   2120	  21980	   55dc	ComplexCalcProject.elf
Finished building: default.size.stdout
 
Finished building: ComplexCalcProject.list
 
08:35:46 **** Incremental Build of configuration Debug for project ComplexCalcProject ****
make -j8 all 
arm-none-eabi-gcc "../Core/Src/0main.c" -mcpu=cortex-m4 -std=gnu11 -g3 -DDEBUG -DUSE_HAL_DRIVER -DSTM32F411xE -c -I../Core/Inc -I../Drivers/STM32F4xx_HAL_Driver/Inc -I../Drivers/STM32F4xx_HAL_Driver/Inc/Legacy -I../Drivers/CMSIS/Device/ST/STM32F4xx/Include -I../Drivers/CMSIS/Include -O0 -ffunction-sections -fdata-sections -Wall -fstack-usage -fcyclomatic-complexity -MMD -MP -MF"Core/Src/0main.d" -MT"Core/Src/0main.o" --specs=nano.specs -mfpu=fpv4-sp-d16 -mfloat-abi=hard -mthumb -o "Core/Src/0main.o"
arm-none-eabi-gcc "../Core/Src/HALst7735.c" -mcpu=cortex-m4 -std=gnu11 -g3 -DDEBUG -DUSE_HAL_DRIVER -DSTM32F411xE -c -I../Core/Inc -I../Drivers/STM32F4xx_HAL_Driver/Inc -I../Drivers/STM32F4xx_HAL_Driver/Inc/Legacy -I../Drivers/CMSIS/Device/ST/STM32F4xx/Include -I../Drivers/CMSIS/Include -O0 -ffunction-sections -fdata-sections -Wall -fstack-usage -fcyclomatic-complexity -MMD -MP -MF"Core/Src/HALst7735.d" -MT"Core/Src/HALst7735.o" --specs=nano.specs -mfpu=fpv4-sp-d16 -mfloat-abi=hard -mthumb -o "Core/Src/HALst7735.o"
arm-none-eabi-gcc "../Core/Src/HALtecmat4x4.c" -mcpu=cortex-m4 -std=gnu11 -g3 -DDEBUG -DUSE_HAL_DRIVER -DSTM32F411xE -c -I../Core/Inc -I../Drivers/STM32F4xx_HAL_Driver/Inc -I../Drivers/STM32F4xx_HAL_Driver/Inc/Legacy -I../Drivers/CMSIS/Device/ST/STM32F4xx/Include -I../Drivers/CMSIS/Include -O0 -ffunction-sections -fdata-sections -Wall -fstack-usage -fcyclomatic-complexity -MMD -MP -MF"Core/Src/HALtecmat4x4.d" -MT"Core/Src/HALtecmat4x4.o" --specs=nano.specs -mfpu=fpv4-sp-d16 -mfloat-abi=hard -mthumb -o "Core/Src/HALtecmat4x4.o"
arm-none-eabi-gcc "../Core/Src/SWComplexGJ.c" -mcpu=cortex-m4 -std=gnu11 -g3 -DDEBUG -DUSE_HAL_DRIVER -DSTM32F411xE -c -I../Core/Inc -I../Drivers/STM32F4xx_HAL_Driver/Inc -I../Drivers/STM32F4xx_HAL_Driver/Inc/Legacy -I../Drivers/CMSIS/Device/ST/STM32F4xx/Include -I../Drivers/CMSIS/Include -O0 -ffunction-sections -fdata-sections -Wall -fstack-usage -fcyclomatic-complexity -MMD -MP -MF"Core/Src/SWComplexGJ.d" -MT"Core/Src/SWComplexGJ.o" --specs=nano.specs -mfpu=fpv4-sp-d16 -mfloat-abi=hard -mthumb -o "Core/Src/SWComplexGJ.o"
arm-none-eabi-gcc "../Core/Src/SWfonts.c" -mcpu=cortex-m4 -std=gnu11 -g3 -DDEBUG -DUSE_HAL_DRIVER -DSTM32F411xE -c -I../Core/Inc -I../Drivers/STM32F4xx_HAL_Driver/Inc -I../Drivers/STM32F4xx_HAL_Driver/Inc/Legacy -I../Drivers/CMSIS/Device/ST/STM32F4xx/Include -I../Drivers/CMSIS/Include -O0 -ffunction-sections -fdata-sections -Wall -fstack-usage -fcyclomatic-complexity -MMD -MP -MF"Core/Src/SWfonts.d" -MT"Core/Src/SWfonts.o" --specs=nano.specs -mfpu=fpv4-sp-d16 -mfloat-abi=hard -mthumb -o "Core/Src/SWfonts.o"
arm-none-eabi-gcc "../Core/Src/stm32f4xx_hal_msp.c" -mcpu=cortex-m4 -std=gnu11 -g3 -DDEBUG -DUSE_HAL_DRIVER -DSTM32F411xE -c -I../Core/Inc -I../Drivers/STM32F4xx_HAL_Driver/Inc -I../Drivers/STM32F4xx_HAL_Driver/Inc/Legacy -I../Drivers/CMSIS/Device/ST/STM32F4xx/Include -I../Drivers/CMSIS/Include -O0 -ffunction-sections -fdata-sections -Wall -fstack-usage -fcyclomatic-complexity -MMD -MP -MF"Core/Src/stm32f4xx_hal_msp.d" -MT"Core/Src/stm32f4xx_hal_msp.o" --specs=nano.specs -mfpu=fpv4-sp-d16 -mfloat-abi=hard -mthumb -o "Core/Src/stm32f4xx_hal_msp.o"
arm-none-eabi-gcc "../Core/Src/stm32f4xx_it.c" -mcpu=cortex-m4 -std=gnu11 -g3 -DDEBUG -DUSE_HAL_DRIVER -DSTM32F411xE -c -I../Core/Inc -I../Drivers/STM32F4xx_HAL_Driver/Inc -I../Drivers/STM32F4xx_HAL_Driver/Inc/Legacy -I../Drivers/CMSIS/Device/ST/STM32F4xx/Include -I../Drivers/CMSIS/Include -O0 -ffunction-sections -fdata-sections -Wall -fstack-usage -fcyclomatic-complexity -MMD -MP -MF"Core/Src/stm32f4xx_it.d" -MT"Core/Src/stm32f4xx_it.o" --specs=nano.specs -mfpu=fpv4-sp-d16 -mfloat-abi=hard -mthumb -o "Core/Src/stm32f4xx_it.o"
arm-none-eabi-gcc "../Core/Src/syscalls.c" -mcpu=cortex-m4 -std=gnu11 -g3 -DDEBUG -DUSE_HAL_DRIVER -DSTM32F411xE -c -I../Core/Inc -I../Drivers/STM32F4xx_HAL_Driver/Inc -I../Drivers/STM32F4xx_HAL_Driver/Inc/Legacy -I../Drivers/CMSIS/Device/ST/STM32F4xx/Include -I../Drivers/CMSIS/Include -O0 -ffunction-sections -fdata-sections -Wall -fstack-usage -fcyclomatic-complexity -MMD -MP -MF"Core/Src/syscalls.d" -MT"Core/Src/syscalls.o" --specs=nano.specs -mfpu=fpv4-sp-d16 -mfloat-abi=hard -mthumb -o "Core/Src/syscalls.o"
../Core/Src/HALtecmat4x4.c: In function 'gotKey':
../Core/Src/HALtecmat4x4.c:34:42: warning: returning 'uint8_t' {aka 'unsigned char'} from a function with return type 'char *' makes pointer from integer without a cast [-Wint-conversion]
   34 |                         return keyHexa[i][j];
      |                                ~~~~~~~~~~^~~
../Core/Src/HALtecmat4x4.c:38:24: warning: returning 'int' from a function with return type 'char *' makes pointer from integer without a cast [-Wint-conversion]
   38 |                 return 0x88;
      |                        ^~~~
../Core/Src/0main.c: In function 'main':
../Core/Src/0main.c:161:29: warning: unused variable 'jaloone' [-Wunused-variable]
  161 |                         int jaloone = solve_complex_system(matSize, A, b, x);
      |                             ^~~~~~~
../Core/Src/0main.c: At top level:
../Core/Src/0main.c:31:23: warning: 'TestImage' defined but not used [-Wunused-const-variable=]
   31 | static const uint16_t TestImage [] ={
      |                       ^~~~~~~~~
arm-none-eabi-gcc "../Core/Src/sysmem.c" -mcpu=cortex-m4 -std=gnu11 -g3 -DDEBUG -DUSE_HAL_DRIVER -DSTM32F411xE -c -I../Core/Inc -I../Drivers/STM32F4xx_HAL_Driver/Inc -I../Drivers/STM32F4xx_HAL_Driver/Inc/Legacy -I../Drivers/CMSIS/Device/ST/STM32F4xx/Include -I../Drivers/CMSIS/Include -O0 -ffunction-sections -fdata-sections -Wall -fstack-usage -fcyclomatic-complexity -MMD -MP -MF"Core/Src/sysmem.d" -MT"Core/Src/sysmem.o" --specs=nano.specs -mfpu=fpv4-sp-d16 -mfloat-abi=hard -mthumb -o "Core/Src/sysmem.o"
arm-none-eabi-gcc "../Core/Src/system_stm32f4xx.c" -mcpu=cortex-m4 -std=gnu11 -g3 -DDEBUG -DUSE_HAL_DRIVER -DSTM32F411xE -c -I../Core/Inc -I../Drivers/STM32F4xx_HAL_Driver/Inc -I../Drivers/STM32F4xx_HAL_Driver/Inc/Legacy -I../Drivers/CMSIS/Device/ST/STM32F4xx/Include -I../Drivers/CMSIS/Include -O0 -ffunction-sections -fdata-sections -Wall -fstack-usage -fcyclomatic-complexity -MMD -MP -MF"Core/Src/system_stm32f4xx.d" -MT"Core/Src/system_stm32f4xx.o" --specs=nano.specs -mfpu=fpv4-sp-d16 -mfloat-abi=hard -mthumb -o "Core/Src/system_stm32f4xx.o"
arm-none-eabi-gcc -o "ComplexCalcProject.elf" @"objects.list"   -mcpu=cortex-m4 -T"C:\Users\dasre\Documents\Knowledge-db\ghFiles\pycodes\ComplexCalc\Py-ComplexCalc\OtherCalcs\HW Version\ComplexCalcProject\STM32F411CEUX_FLASH.ld" --specs=nosys.specs -Wl,-Map="ComplexCalcProject.map" -Wl,--gc-sections -static --specs=nano.specs -mfpu=fpv4-sp-d16 -mfloat-abi=hard -mthumb -Wl,--start-group -lc -lm -Wl,--end-group
Finished building target: ComplexCalcProject.elf
 
arm-none-eabi-size  ComplexCalcProject.elf 
arm-none-eabi-objdump -h -S ComplexCalcProject.elf  > "ComplexCalcProject.list"
   text	   data	    bss	    dec	    hex	filename
  19364	    496	   2120	  21980	   55dc	ComplexCalcProject.elf
Finished building: default.size.stdout
 
Finished building: ComplexCalcProject.list
 
08:36:37 **** Incremental Build of configuration Debug for project ComplexCalcProject ****
make -j8 all 
arm-none-eabi-gcc "../Core/Src/0main.c" -mcpu=cortex-m4 -std=gnu11 -g3 -DDEBUG -DUSE_HAL_DRIVER -DSTM32F411xE -c -I../Core/Inc -I../Drivers/STM32F4xx_HAL_Driver/Inc -I../Drivers/STM32F4xx_HAL_Driver/Inc/Legacy -I../Drivers/CMSIS/Device/ST/STM32F4xx/Include -I../Drivers/CMSIS/Include -O0 -ffunction-sections -fdata-sections -Wall -fstack-usage -fcyclomatic-complexity -MMD -MP -MF"Core/Src/0main.d" -MT"Core/Src/0main.o" --specs=nano.specs -mfpu=fpv4-sp-d16 -mfloat-abi=hard -mthumb -o "Core/Src/0main.o"
../Core/Src/0main.c: In function 'main':
../Core/Src/0main.c:55:9: warning: implicit declaration of function 'SystemClock_Config'; did you mean 'SysTick_Config'? [-Wimplicit-function-declaration]
   55 |         SystemClock_Config();
      |         ^~~~~~~~~~~~~~~~~~
      |         SysTick_Config
../Core/Src/0main.c:56:9: warning: implicit declaration of function 'MX_GPIO_Init'; did you mean 'HAL_GPIO_Init'? [-Wimplicit-function-declaration]
   56 |         MX_GPIO_Init();
      |         ^~~~~~~~~~~~
      |         HAL_GPIO_Init
../Core/Src/0main.c:57:9: warning: implicit declaration of function 'MX_SPI1_Init'; did you mean 'HAL_SPI_Init'? [-Wimplicit-function-declaration]
   57 |         MX_SPI1_Init();
      |         ^~~~~~~~~~~~
      |         HAL_SPI_Init
../Core/Src/0main.c:58:9: warning: implicit declaration of function 'init' [-Wimplicit-function-declaration]
   58 |         init();
      |         ^~~~
../Core/Src/0main.c:59:9: warning: implicit declaration of function 'ST7735_FillScreen' [-Wimplicit-function-declaration]
   59 |         ST7735_FillScreen(ST7735_BLACK);
      |         ^~~~~~~~~~~~~~~~~
../Core/Src/0main.c:59:27: error: 'ST7735_BLACK' undeclared (first use in this function)
   59 |         ST7735_FillScreen(ST7735_BLACK);
      |                           ^~~~~~~~~~~~
../Core/Src/0main.c:59:27: note: each undeclared identifier is reported only once for each function it appears in
../Core/Src/0main.c:158:29: warning: unused variable 'jaloone' [-Wunused-variable]
  158 |                         int jaloone = solve_complex_system(matSize, A, b, x);
      |                             ^~~~~~~
../Core/Src/0main.c: At top level:
../Core/Src/0main.c:31:23: warning: 'TestImage' defined but not used [-Wunused-const-variable=]
   31 | static const uint16_t TestImage [] ={
      |                       ^~~~~~~~~
make: *** [Core/Src/subdir.mk:46: Core/Src/0main.o] Error 1
"make -j8 all" terminated with exit code 2. Build might be incomplete.
08:36:51 **** Incremental Build of configuration Debug for project ComplexCalcProject ****
make -j8 all 
arm-none-eabi-gcc "../Core/Src/0main.c" -mcpu=cortex-m4 -std=gnu11 -g3 -DDEBUG -DUSE_HAL_DRIVER -DSTM32F411xE -c -I../Core/Inc -I../Drivers/STM32F4xx_HAL_Driver/Inc -I../Drivers/STM32F4xx_HAL_Driver/Inc/Legacy -I../Drivers/CMSIS/Device/ST/STM32F4xx/Include -I../Drivers/CMSIS/Include -O0 -ffunction-sections -fdata-sections -Wall -fstack-usage -fcyclomatic-complexity -MMD -MP -MF"Core/Src/0main.d" -MT"Core/Src/0main.o" --specs=nano.specs -mfpu=fpv4-sp-d16 -mfloat-abi=hard -mthumb -o "Core/Src/0main.o"
../Core/Src/0main.c:24:10: fatal error: testimg.h: No such file or directory
   24 | #include "testimg.h"
      |          ^~~~~~~~~~~
compilation terminated.
make: *** [Core/Src/subdir.mk:46: Core/Src/0main.o] Error 1
"make -j8 all" terminated with exit code 2. Build might be incomplete.
08:37:00 **** Incremental Build of configuration Debug for project ComplexCalcProject ****
make -j8 all 
arm-none-eabi-gcc "../Core/Src/0main.c" -mcpu=cortex-m4 -std=gnu11 -g3 -DDEBUG -DUSE_HAL_DRIVER -DSTM32F411xE -c -I../Core/Inc -I../Drivers/STM32F4xx_HAL_Driver/Inc -I../Drivers/STM32F4xx_HAL_Driver/Inc/Legacy -I../Drivers/CMSIS/Device/ST/STM32F4xx/Include -I../Drivers/CMSIS/Include -O0 -ffunction-sections -fdata-sections -Wall -fstack-usage -fcyclomatic-complexity -MMD -MP -MF"Core/Src/0main.d" -MT"Core/Src/0main.o" --specs=nano.specs -mfpu=fpv4-sp-d16 -mfloat-abi=hard -mthumb -o "Core/Src/0main.o"
../Core/Src/0main.c: In function 'main':
../Core/Src/0main.c:55:9: warning: implicit declaration of function 'SystemClock_Config'; did you mean 'SysTick_Config'? [-Wimplicit-function-declaration]
   55 |         SystemClock_Config();
      |         ^~~~~~~~~~~~~~~~~~
      |         SysTick_Config
../Core/Src/0main.c:56:9: warning: implicit declaration of function 'MX_GPIO_Init'; did you mean 'HAL_GPIO_Init'? [-Wimplicit-function-declaration]
   56 |         MX_GPIO_Init();
      |         ^~~~~~~~~~~~
      |         HAL_GPIO_Init
../Core/Src/0main.c:57:9: warning: implicit declaration of function 'MX_SPI1_Init'; did you mean 'HAL_SPI_Init'? [-Wimplicit-function-declaration]
   57 |         MX_SPI1_Init();
      |         ^~~~~~~~~~~~
      |         HAL_SPI_Init
../Core/Src/0main.c:58:9: warning: implicit declaration of function 'init' [-Wimplicit-function-declaration]
   58 |         init();
      |         ^~~~
../Core/Src/0main.c:158:29: warning: unused variable 'jaloone' [-Wunused-variable]
  158 |                         int jaloone = solve_complex_system(matSize, A, b, x);
      |                             ^~~~~~~
../Core/Src/0main.c: At top level:
../Core/Src/0main.c:31:23: warning: 'TestImage' defined but not used [-Wunused-const-variable=]
   31 | static const uint16_t TestImage [] ={
      |                       ^~~~~~~~~
arm-none-eabi-gcc -o "ComplexCalcProject.elf" @"objects.list"   -mcpu=cortex-m4 -T"C:\Users\dasre\Documents\Knowledge-db\ghFiles\pycodes\ComplexCalc\Py-ComplexCalc\OtherCalcs\HW Version\ComplexCalcProject\STM32F411CEUX_FLASH.ld" --specs=nosys.specs -Wl,-Map="ComplexCalcProject.map" -Wl,--gc-sections -static --specs=nano.specs -mfpu=fpv4-sp-d16 -mfloat-abi=hard -mthumb -Wl,--start-group -lc -lm -Wl,--end-group
C:/ST/STM32CubeIDE_1.19.0/STM32CubeIDE/plugins/com.st.stm32cube.ide.mcu.externaltools.gnu-tools-for-stm32.13.3.rel1.win32_1.0.0.202411081344/tools/bin/../lib/gcc/arm-none-eabi/13.3.1/../../../../arm-none-eabi/bin/ld.exe: ./Core/Src/0main.o: in function `main':
C:/Users/dasre/Documents/Knowledge-db/ghFiles/pycodes/ComplexCalc/Py-ComplexCalc/OtherCalcs/HW Version/ComplexCalcProject/Debug/../Core/Src/0main.c:55:(.text.main+0xa): undefined reference to `SystemClock_Config'
C:/ST/STM32CubeIDE_1.19.0/STM32CubeIDE/plugins/com.st.stm32cube.ide.mcu.externaltools.gnu-tools-for-stm32.13.3.rel1.win32_1.0.0.202411081344/tools/bin/../lib/gcc/arm-none-eabi/13.3.1/../../../../arm-none-eabi/bin/ld.exe: C:/Users/dasre/Documents/Knowledge-db/ghFiles/pycodes/ComplexCalc/Py-ComplexCalc/OtherCalcs/HW Version/ComplexCalcProject/Debug/../Core/Src/0main.c:56:(.text.main+0xe): undefined reference to `MX_GPIO_Init'
C:/ST/STM32CubeIDE_1.19.0/STM32CubeIDE/plugins/com.st.stm32cube.ide.mcu.externaltools.gnu-tools-for-stm32.13.3.rel1.win32_1.0.0.202411081344/tools/bin/../lib/gcc/arm-none-eabi/13.3.1/../../../../arm-none-eabi/bin/ld.exe: C:/Users/dasre/Documents/Knowledge-db/ghFiles/pycodes/ComplexCalc/Py-ComplexCalc/OtherCalcs/HW Version/ComplexCalcProject/Debug/../Core/Src/0main.c:57:(.text.main+0x12): undefined reference to `MX_SPI1_Init'
C:/ST/STM32CubeIDE_1.19.0/STM32CubeIDE/plugins/com.st.stm32cube.ide.mcu.externaltools.gnu-tools-for-stm32.13.3.rel1.win32_1.0.0.202411081344/tools/bin/../lib/gcc/arm-none-eabi/13.3.1/../../../../arm-none-eabi/bin/ld.exe: C:/Users/dasre/Documents/Knowledge-db/ghFiles/pycodes/ComplexCalc/Py-ComplexCalc/OtherCalcs/HW Version/ComplexCalcProject/Debug/../Core/Src/0main.c:58:(.text.main+0x16): undefined reference to `init'
C:/ST/STM32CubeIDE_1.19.0/STM32CubeIDE/plugins/com.st.stm32cube.ide.mcu.externaltools.gnu-tools-for-stm32.13.3.rel1.win32_1.0.0.202411081344/tools/bin/../lib/gcc/arm-none-eabi/13.3.1/../../../../arm-none-eabi/bin/ld.exe: ./Core/Src/HALst7735.o: in function `ST7735_WriteCommand':
C:/Users/dasre/Documents/Knowledge-db/ghFiles/pycodes/ComplexCalc/Py-ComplexCalc/OtherCalcs/HW Version/ComplexCalcProject/Debug/../Core/Src/HALst7735.c:105:(.text.ST7735_WriteCommand+0x30): undefined reference to `hspi1'
C:/ST/STM32CubeIDE_1.19.0/STM32CubeIDE/plugins/com.st.stm32cube.ide.mcu.externaltools.gnu-tools-for-stm32.13.3.rel1.win32_1.0.0.202411081344/tools/bin/../lib/gcc/arm-none-eabi/13.3.1/../../../../arm-none-eabi/bin/ld.exe: ./Core/Src/HALst7735.o: in function `ST7735_WriteData':
C:/Users/dasre/Documents/Knowledge-db/ghFiles/pycodes/ComplexCalc/Py-ComplexCalc/OtherCalcs/HW Version/ComplexCalcProject/Debug/../Core/Src/HALst7735.c:110:(.text.ST7735_WriteData+0x30): undefined reference to `hspi1'
C:/ST/STM32CubeIDE_1.19.0/STM32CubeIDE/plugins/com.st.stm32cube.ide.mcu.externaltools.gnu-tools-for-stm32.13.3.rel1.win32_1.0.0.202411081344/tools/bin/../lib/gcc/arm-none-eabi/13.3.1/../../../../arm-none-eabi/bin/ld.exe: ./Core/Src/HALst7735.o: in function `ST7735_FillRectangle':
C:/Users/dasre/Documents/Knowledge-db/ghFiles/pycodes/ComplexCalc/Py-ComplexCalc/OtherCalcs/HW Version/ComplexCalcProject/Debug/../Core/Src/HALst7735.c:256:(.text.ST7735_FillRectangle+0xe0): undefined reference to `hspi1'
collect2.exe: error: ld returned 1 exit status
make: *** [makefile:64: ComplexCalcProject.elf] Error 1
"make -j8 all" terminated with exit code 2. Build might be incomplete.
08:39:09 **** Incremental Build of configuration Debug for project ComplexCalcProject ****
make -j8 all 
arm-none-eabi-gcc "../Core/Src/0main.c" -mcpu=cortex-m4 -std=gnu11 -g3 -DDEBUG -DUSE_HAL_DRIVER -DSTM32F411xE -c -I../Core/Inc -I../Drivers/STM32F4xx_HAL_Driver/Inc -I../Drivers/STM32F4xx_HAL_Driver/Inc/Legacy -I../Drivers/CMSIS/Device/ST/STM32F4xx/Include -I../Drivers/CMSIS/Include -O0 -ffunction-sections -fdata-sections -Wall -fstack-usage -fcyclomatic-complexity -MMD -MP -MF"Core/Src/0main.d" -MT"Core/Src/0main.o" --specs=nano.specs -mfpu=fpv4-sp-d16 -mfloat-abi=hard -mthumb -o "Core/Src/0main.o"
arm-none-eabi-gcc "../Core/Src/HALConfig.c" -mcpu=cortex-m4 -std=gnu11 -g3 -DDEBUG -DUSE_HAL_DRIVER -DSTM32F411xE -c -I../Core/Inc -I../Drivers/STM32F4xx_HAL_Driver/Inc -I../Drivers/STM32F4xx_HAL_Driver/Inc/Legacy -I../Drivers/CMSIS/Device/ST/STM32F4xx/Include -I../Drivers/CMSIS/Include -O0 -ffunction-sections -fdata-sections -Wall -fstack-usage -fcyclomatic-complexity -MMD -MP -MF"Core/Src/HALConfig.d" -MT"Core/Src/HALConfig.o" --specs=nano.specs -mfpu=fpv4-sp-d16 -mfloat-abi=hard -mthumb -o "Core/Src/HALConfig.o"
arm-none-eabi-gcc "../Core/Src/HALst7735.c" -mcpu=cortex-m4 -std=gnu11 -g3 -DDEBUG -DUSE_HAL_DRIVER -DSTM32F411xE -c -I../Core/Inc -I../Drivers/STM32F4xx_HAL_Driver/Inc -I../Drivers/STM32F4xx_HAL_Driver/Inc/Legacy -I../Drivers/CMSIS/Device/ST/STM32F4xx/Include -I../Drivers/CMSIS/Include -O0 -ffunction-sections -fdata-sections -Wall -fstack-usage -fcyclomatic-complexity -MMD -MP -MF"Core/Src/HALst7735.d" -MT"Core/Src/HALst7735.o" --specs=nano.specs -mfpu=fpv4-sp-d16 -mfloat-abi=hard -mthumb -o "Core/Src/HALst7735.o"
arm-none-eabi-gcc "../Core/Src/HALtecmat4x4.c" -mcpu=cortex-m4 -std=gnu11 -g3 -DDEBUG -DUSE_HAL_DRIVER -DSTM32F411xE -c -I../Core/Inc -I../Drivers/STM32F4xx_HAL_Driver/Inc -I../Drivers/STM32F4xx_HAL_Driver/Inc/Legacy -I../Drivers/CMSIS/Device/ST/STM32F4xx/Include -I../Drivers/CMSIS/Include -O0 -ffunction-sections -fdata-sections -Wall -fstack-usage -fcyclomatic-complexity -MMD -MP -MF"Core/Src/HALtecmat4x4.d" -MT"Core/Src/HALtecmat4x4.o" --specs=nano.specs -mfpu=fpv4-sp-d16 -mfloat-abi=hard -mthumb -o "Core/Src/HALtecmat4x4.o"
arm-none-eabi-gcc "../Core/Src/SWComplexGJ.c" -mcpu=cortex-m4 -std=gnu11 -g3 -DDEBUG -DUSE_HAL_DRIVER -DSTM32F411xE -c -I../Core/Inc -I../Drivers/STM32F4xx_HAL_Driver/Inc -I../Drivers/STM32F4xx_HAL_Driver/Inc/Legacy -I../Drivers/CMSIS/Device/ST/STM32F4xx/Include -I../Drivers/CMSIS/Include -O0 -ffunction-sections -fdata-sections -Wall -fstack-usage -fcyclomatic-complexity -MMD -MP -MF"Core/Src/SWComplexGJ.d" -MT"Core/Src/SWComplexGJ.o" --specs=nano.specs -mfpu=fpv4-sp-d16 -mfloat-abi=hard -mthumb -o "Core/Src/SWComplexGJ.o"
arm-none-eabi-gcc "../Core/Src/SWfonts.c" -mcpu=cortex-m4 -std=gnu11 -g3 -DDEBUG -DUSE_HAL_DRIVER -DSTM32F411xE -c -I../Core/Inc -I../Drivers/STM32F4xx_HAL_Driver/Inc -I../Drivers/STM32F4xx_HAL_Driver/Inc/Legacy -I../Drivers/CMSIS/Device/ST/STM32F4xx/Include -I../Drivers/CMSIS/Include -O0 -ffunction-sections -fdata-sections -Wall -fstack-usage -fcyclomatic-complexity -MMD -MP -MF"Core/Src/SWfonts.d" -MT"Core/Src/SWfonts.o" --specs=nano.specs -mfpu=fpv4-sp-d16 -mfloat-abi=hard -mthumb -o "Core/Src/SWfonts.o"
arm-none-eabi-gcc "../Core/Src/stm32f4xx_hal_msp.c" -mcpu=cortex-m4 -std=gnu11 -g3 -DDEBUG -DUSE_HAL_DRIVER -DSTM32F411xE -c -I../Core/Inc -I../Drivers/STM32F4xx_HAL_Driver/Inc -I../Drivers/STM32F4xx_HAL_Driver/Inc/Legacy -I../Drivers/CMSIS/Device/ST/STM32F4xx/Include -I../Drivers/CMSIS/Include -O0 -ffunction-sections -fdata-sections -Wall -fstack-usage -fcyclomatic-complexity -MMD -MP -MF"Core/Src/stm32f4xx_hal_msp.d" -MT"Core/Src/stm32f4xx_hal_msp.o" --specs=nano.specs -mfpu=fpv4-sp-d16 -mfloat-abi=hard -mthumb -o "Core/Src/stm32f4xx_hal_msp.o"
arm-none-eabi-gcc "../Core/Src/stm32f4xx_it.c" -mcpu=cortex-m4 -std=gnu11 -g3 -DDEBUG -DUSE_HAL_DRIVER -DSTM32F411xE -c -I../Core/Inc -I../Drivers/STM32F4xx_HAL_Driver/Inc -I../Drivers/STM32F4xx_HAL_Driver/Inc/Legacy -I../Drivers/CMSIS/Device/ST/STM32F4xx/Include -I../Drivers/CMSIS/Include -O0 -ffunction-sections -fdata-sections -Wall -fstack-usage -fcyclomatic-complexity -MMD -MP -MF"Core/Src/stm32f4xx_it.d" -MT"Core/Src/stm32f4xx_it.o" --specs=nano.specs -mfpu=fpv4-sp-d16 -mfloat-abi=hard -mthumb -o "Core/Src/stm32f4xx_it.o"
../Core/Src/HALConfig.c:1:10: fatal error: conf.h: No such file or directory
    1 | #include "conf.h"
      |          ^~~~~~~~
compilation terminated.
make: *** [Core/Src/subdir.mk:49: Core/Src/HALConfig.o] Error 1
make: *** Waiting for unfinished jobs....
../Core/Src/HALtecmat4x4.c: In function 'gotKey':
../Core/Src/HALtecmat4x4.c:34:42: warning: returning 'uint8_t' {aka 'unsigned char'} from a function with return type 'char *' makes pointer from integer without a cast [-Wint-conversion]
   34 |                         return keyHexa[i][j];
      |                                ~~~~~~~~~~^~~
../Core/Src/HALtecmat4x4.c:38:24: warning: returning 'int' from a function with return type 'char *' makes pointer from integer without a cast [-Wint-conversion]
   38 |                 return 0x88;
      |                        ^~~~
../Core/Src/0main.c: In function 'main':
../Core/Src/0main.c:55:9: warning: implicit declaration of function 'SystemClock_Config'; did you mean 'SysTick_Config'? [-Wimplicit-function-declaration]
   55 |         SystemClock_Config();
      |         ^~~~~~~~~~~~~~~~~~
      |         SysTick_Config
../Core/Src/0main.c:56:9: warning: implicit declaration of function 'MX_GPIO_Init'; did you mean 'HAL_GPIO_Init'? [-Wimplicit-function-declaration]
   56 |         MX_GPIO_Init();
      |         ^~~~~~~~~~~~
      |         HAL_GPIO_Init
../Core/Src/0main.c:57:9: warning: implicit declaration of function 'MX_SPI1_Init'; did you mean 'HAL_SPI_Init'? [-Wimplicit-function-declaration]
   57 |         MX_SPI1_Init();
      |         ^~~~~~~~~~~~
      |         HAL_SPI_Init
../Core/Src/0main.c:58:9: warning: implicit declaration of function 'init' [-Wimplicit-function-declaration]
   58 |         init();
      |         ^~~~
../Core/Src/0main.c:158:29: warning: unused variable 'jaloone' [-Wunused-variable]
  158 |                         int jaloone = solve_complex_system(matSize, A, b, x);
      |                             ^~~~~~~
../Core/Src/0main.c: At top level:
../Core/Src/0main.c:31:23: warning: 'TestImage' defined but not used [-Wunused-const-variable=]
   31 | static const uint16_t TestImage [] ={
      |                       ^~~~~~~~~
"make -j8 all" terminated with exit code 2. Build might be incomplete.
08:40:46 **** Incremental Build of configuration Debug for project ComplexCalcProject ****
make -j8 all 
arm-none-eabi-gcc "../Core/Src/HALConfig.c" -mcpu=cortex-m4 -std=gnu11 -g3 -DDEBUG -DUSE_HAL_DRIVER -DSTM32F411xE -c -I../Core/Inc -I../Drivers/STM32F4xx_HAL_Driver/Inc -I../Drivers/STM32F4xx_HAL_Driver/Inc/Legacy -I../Drivers/CMSIS/Device/ST/STM32F4xx/Include -I../Drivers/CMSIS/Include -O0 -ffunction-sections -fdata-sections -Wall -fstack-usage -fcyclomatic-complexity -MMD -MP -MF"Core/Src/HALConfig.d" -MT"Core/Src/HALConfig.o" --specs=nano.specs -mfpu=fpv4-sp-d16 -mfloat-abi=hard -mthumb -o "Core/Src/HALConfig.o"
arm-none-eabi-gcc "../Core/Src/syscalls.c" -mcpu=cortex-m4 -std=gnu11 -g3 -DDEBUG -DUSE_HAL_DRIVER -DSTM32F411xE -c -I../Core/Inc -I../Drivers/STM32F4xx_HAL_Driver/Inc -I../Drivers/STM32F4xx_HAL_Driver/Inc/Legacy -I../Drivers/CMSIS/Device/ST/STM32F4xx/Include -I../Drivers/CMSIS/Include -O0 -ffunction-sections -fdata-sections -Wall -fstack-usage -fcyclomatic-complexity -MMD -MP -MF"Core/Src/syscalls.d" -MT"Core/Src/syscalls.o" --specs=nano.specs -mfpu=fpv4-sp-d16 -mfloat-abi=hard -mthumb -o "Core/Src/syscalls.o"
arm-none-eabi-gcc "../Core/Src/sysmem.c" -mcpu=cortex-m4 -std=gnu11 -g3 -DDEBUG -DUSE_HAL_DRIVER -DSTM32F411xE -c -I../Core/Inc -I../Drivers/STM32F4xx_HAL_Driver/Inc -I../Drivers/STM32F4xx_HAL_Driver/Inc/Legacy -I../Drivers/CMSIS/Device/ST/STM32F4xx/Include -I../Drivers/CMSIS/Include -O0 -ffunction-sections -fdata-sections -Wall -fstack-usage -fcyclomatic-complexity -MMD -MP -MF"Core/Src/sysmem.d" -MT"Core/Src/sysmem.o" --specs=nano.specs -mfpu=fpv4-sp-d16 -mfloat-abi=hard -mthumb -o "Core/Src/sysmem.o"
arm-none-eabi-gcc "../Core/Src/system_stm32f4xx.c" -mcpu=cortex-m4 -std=gnu11 -g3 -DDEBUG -DUSE_HAL_DRIVER -DSTM32F411xE -c -I../Core/Inc -I../Drivers/STM32F4xx_HAL_Driver/Inc -I../Drivers/STM32F4xx_HAL_Driver/Inc/Legacy -I../Drivers/CMSIS/Device/ST/STM32F4xx/Include -I../Drivers/CMSIS/Include -O0 -ffunction-sections -fdata-sections -Wall -fstack-usage -fcyclomatic-complexity -MMD -MP -MF"Core/Src/system_stm32f4xx.d" -MT"Core/Src/system_stm32f4xx.o" --specs=nano.specs -mfpu=fpv4-sp-d16 -mfloat-abi=hard -mthumb -o "Core/Src/system_stm32f4xx.o"
../Core/Src/HALConfig.c:12:1: error: unknown type name 'SPI_HandleTypeDef'
   12 | SPI_HandleTypeDef hspi1;
      | ^~~~~~~~~~~~~~~~~
../Core/Src/HALConfig.c: In function 'SystemClock_Config':
../Core/Src/HALConfig.c:15:3: error: unknown type name 'RCC_OscInitTypeDef'
   15 |   RCC_OscInitTypeDef RCC_OscInitStruct = {0};
      |   ^~~~~~~~~~~~~~~~~~
../Core/Src/HALConfig.c:16:3: error: unknown type name 'RCC_ClkInitTypeDef'
   16 |   RCC_ClkInitTypeDef RCC_ClkInitStruct = {0};
      |   ^~~~~~~~~~~~~~~~~~
../Core/Src/HALConfig.c:20:3: warning: implicit declaration of function '__HAL_RCC_PWR_CLK_ENABLE' [-Wimplicit-function-declaration]
   20 |   __HAL_RCC_PWR_CLK_ENABLE();
      |   ^~~~~~~~~~~~~~~~~~~~~~~~
../Core/Src/HALConfig.c:21:3: warning: implicit declaration of function '__HAL_PWR_VOLTAGESCALING_CONFIG' [-Wimplicit-function-declaration]
   21 |   __HAL_PWR_VOLTAGESCALING_CONFIG(PWR_REGULATOR_VOLTAGE_SCALE3);
      |   ^~~~~~~~~~~~~~~~~~~~~~~~~~~~~~~
../Core/Src/HALConfig.c:21:35: error: 'PWR_REGULATOR_VOLTAGE_SCALE3' undeclared (first use in this function)
   21 |   __HAL_PWR_VOLTAGESCALING_CONFIG(PWR_REGULATOR_VOLTAGE_SCALE3);
      |                                   ^~~~~~~~~~~~~~~~~~~~~~~~~~~~
../Core/Src/HALConfig.c:21:35: note: each undeclared identifier is reported only once for each function it appears in
../Core/Src/HALConfig.c:26:20: error: request for member 'OscillatorType' in something not a structure or union
   26 |   RCC_OscInitStruct.OscillatorType = RCC_OSCILLATORTYPE_HSI;
      |                    ^
../Core/Src/HALConfig.c:26:38: error: 'RCC_OSCILLATORTYPE_HSI' undeclared (first use in this function)
   26 |   RCC_OscInitStruct.OscillatorType = RCC_OSCILLATORTYPE_HSI;
      |                                      ^~~~~~~~~~~~~~~~~~~~~~
../Core/Src/HALConfig.c:27:20: error: request for member 'HSIState' in something not a structure or union
   27 |   RCC_OscInitStruct.HSIState = RCC_HSI_ON;
      |                    ^
../Core/Src/HALConfig.c:27:32: error: 'RCC_HSI_ON' undeclared (first use in this function)
   27 |   RCC_OscInitStruct.HSIState = RCC_HSI_ON;
      |                                ^~~~~~~~~~
../Core/Src/HALConfig.c:28:20: error: request for member 'HSICalibrationValue' in something not a structure or union
   28 |   RCC_OscInitStruct.HSICalibrationValue = RCC_HSICALIBRATION_DEFAULT;
      |                    ^
../Core/Src/HALConfig.c:28:43: error: 'RCC_HSICALIBRATION_DEFAULT' undeclared (first use in this function)
   28 |   RCC_OscInitStruct.HSICalibrationValue = RCC_HSICALIBRATION_DEFAULT;
      |                                           ^~~~~~~~~~~~~~~~~~~~~~~~~~
../Core/Src/HALConfig.c:29:20: error: request for member 'PLL' in something not a structure or union
   29 |   RCC_OscInitStruct.PLL.PLLState = RCC_PLL_NONE;
      |                    ^
../Core/Src/HALConfig.c:29:36: error: 'RCC_PLL_NONE' undeclared (first use in this function)
   29 |   RCC_OscInitStruct.PLL.PLLState = RCC_PLL_NONE;
      |                                    ^~~~~~~~~~~~
../Core/Src/HALConfig.c:30:7: warning: implicit declaration of function 'HAL_RCC_OscConfig' [-Wimplicit-function-declaration]
   30 |   if (HAL_RCC_OscConfig(&RCC_OscInitStruct) != HAL_OK)
      |       ^~~~~~~~~~~~~~~~~
../Core/Src/HALConfig.c:30:48: error: 'HAL_OK' undeclared (first use in this function)
   30 |   if (HAL_RCC_OscConfig(&RCC_OscInitStruct) != HAL_OK)
      |                                                ^~~~~~
../Core/Src/HALConfig.c:32:5: warning: implicit declaration of function 'Error_Handler' [-Wimplicit-function-declaration]
   32 |     Error_Handler();
      |     ^~~~~~~~~~~~~
../Core/Src/HALConfig.c:37:20: error: request for member 'ClockType' in something not a structure or union
   37 |   RCC_ClkInitStruct.ClockType = RCC_CLOCKTYPE_HCLK|RCC_CLOCKTYPE_SYSCLK
      |                    ^
../Core/Src/HALConfig.c:37:33: error: 'RCC_CLOCKTYPE_HCLK' undeclared (first use in this function)
   37 |   RCC_ClkInitStruct.ClockType = RCC_CLOCKTYPE_HCLK|RCC_CLOCKTYPE_SYSCLK
      |                                 ^~~~~~~~~~~~~~~~~~
../Core/Src/HALConfig.c:37:52: error: 'RCC_CLOCKTYPE_SYSCLK' undeclared (first use in this function)
   37 |   RCC_ClkInitStruct.ClockType = RCC_CLOCKTYPE_HCLK|RCC_CLOCKTYPE_SYSCLK
      |                                                    ^~~~~~~~~~~~~~~~~~~~
../Core/Src/HALConfig.c:38:32: error: 'RCC_CLOCKTYPE_PCLK1' undeclared (first use in this function)
   38 |                               |RCC_CLOCKTYPE_PCLK1|RCC_CLOCKTYPE_PCLK2;
      |                                ^~~~~~~~~~~~~~~~~~~
../Core/Src/HALConfig.c:38:52: error: 'RCC_CLOCKTYPE_PCLK2' undeclared (first use in this function)
   38 |                               |RCC_CLOCKTYPE_PCLK1|RCC_CLOCKTYPE_PCLK2;
      |                                                    ^~~~~~~~~~~~~~~~~~~
../Core/Src/HALConfig.c:39:20: error: request for member 'SYSCLKSource' in something not a structure or union
   39 |   RCC_ClkInitStruct.SYSCLKSource = RCC_SYSCLKSOURCE_HSI;
      |                    ^
../Core/Src/HALConfig.c:39:36: error: 'RCC_SYSCLKSOURCE_HSI' undeclared (first use in this function)
   39 |   RCC_ClkInitStruct.SYSCLKSource = RCC_SYSCLKSOURCE_HSI;
[...]
  146 | void Error_Handler(void)
      |      ^~~~~~~~~~~~~
../Core/Src/HALConfig.c:32:5: note: previous implicit declaration of 'Error_Handler' with type 'void(void)'
   32 |     Error_Handler();
      |     ^~~~~~~~~~~~~
../Core/Src/HALConfig.c: In function 'Error_Handler':
../Core/Src/HALConfig.c:150:3: warning: implicit declaration of function '__disable_irq' [-Wimplicit-function-declaration]
  150 |   __disable_irq();
      |   ^~~~~~~~~~~~~
make: *** [Core/Src/subdir.mk:49: Core/Src/HALConfig.o] Error 1
make: *** Waiting for unfinished jobs....
"make -j8 all" terminated with exit code 2. Build might be incomplete.
08:40:55 **** Incremental Build of configuration Debug for project ComplexCalcProject ****
make -j8 all 
arm-none-eabi-gcc "../Core/Src/HALConfig.c" -mcpu=cortex-m4 -std=gnu11 -g3 -DDEBUG -DUSE_HAL_DRIVER -DSTM32F411xE -c -I../Core/Inc -I../Drivers/STM32F4xx_HAL_Driver/Inc -I../Drivers/STM32F4xx_HAL_Driver/Inc/Legacy -I../Drivers/CMSIS/Device/ST/STM32F4xx/Include -I../Drivers/CMSIS/Include -O0 -ffunction-sections -fdata-sections -Wall -fstack-usage -fcyclomatic-complexity -MMD -MP -MF"Core/Src/HALConfig.d" -MT"Core/Src/HALConfig.o" --specs=nano.specs -mfpu=fpv4-sp-d16 -mfloat-abi=hard -mthumb -o "Core/Src/HALConfig.o"
arm-none-eabi-gcc -o "ComplexCalcProject.elf" @"objects.list"   -mcpu=cortex-m4 -T"C:\Users\dasre\Documents\Knowledge-db\ghFiles\pycodes\ComplexCalc\Py-ComplexCalc\OtherCalcs\HW Version\ComplexCalcProject\STM32F411CEUX_FLASH.ld" --specs=nosys.specs -Wl,-Map="ComplexCalcProject.map" -Wl,--gc-sections -static --specs=nano.specs -mfpu=fpv4-sp-d16 -mfloat-abi=hard -mthumb -Wl,--start-group -lc -lm -Wl,--end-group
C:/ST/STM32CubeIDE_1.19.0/STM32CubeIDE/plugins/com.st.stm32cube.ide.mcu.externaltools.gnu-tools-for-stm32.13.3.rel1.win32_1.0.0.202411081344/tools/bin/../lib/gcc/arm-none-eabi/13.3.1/../../../../arm-none-eabi/bin/ld.exe: ./Core/Src/0main.o: in function `main':
C:/Users/dasre/Documents/Knowledge-db/ghFiles/pycodes/ComplexCalc/Py-ComplexCalc/OtherCalcs/HW Version/ComplexCalcProject/Debug/../Core/Src/0main.c:58:(.text.main+0x16): undefined reference to `init'
collect2.exe: error: ld returned 1 exit status
make: *** [makefile:64: ComplexCalcProject.elf] Error 1
"make -j8 all" terminated with exit code 2. Build might be incomplete.
08:41:45 **** Incremental Build of configuration Debug for project ComplexCalcProject ****
make -j8 all 
arm-none-eabi-gcc "../Core/Src/0main.c" -mcpu=cortex-m4 -std=gnu11 -g3 -DDEBUG -DUSE_HAL_DRIVER -DSTM32F411xE -c -I../Core/Inc -I../Drivers/STM32F4xx_HAL_Driver/Inc -I../Drivers/STM32F4xx_HAL_Driver/Inc/Legacy -I../Drivers/CMSIS/Device/ST/STM32F4xx/Include -I../Drivers/CMSIS/Include -O0 -ffunction-sections -fdata-sections -Wall -fstack-usage -fcyclomatic-complexity -MMD -MP -MF"Core/Src/0main.d" -MT"Core/Src/0main.o" --specs=nano.specs -mfpu=fpv4-sp-d16 -mfloat-abi=hard -mthumb -o "Core/Src/0main.o"
../Core/Src/0main.c: In function 'main':
../Core/Src/0main.c:63:9: warning: implicit declaration of function 'SystemClock_Config'; did you mean 'SysTick_Config'? [-Wimplicit-function-declaration]
   63 |         SystemClock_Config();
      |         ^~~~~~~~~~~~~~~~~~
      |         SysTick_Config
../Core/Src/0main.c:64:9: warning: implicit declaration of function 'MX_GPIO_Init'; did you mean 'HAL_GPIO_Init'? [-Wimplicit-function-declaration]
   64 |         MX_GPIO_Init();
      |         ^~~~~~~~~~~~
      |         HAL_GPIO_Init
../Core/Src/0main.c:65:9: warning: implicit declaration of function 'MX_SPI1_Init'; did you mean 'HAL_SPI_Init'? [-Wimplicit-function-declaration]
   65 |         MX_SPI1_Init();
      |         ^~~~~~~~~~~~
      |         HAL_SPI_Init
../Core/Src/0main.c:166:29: warning: unused variable 'jaloone' [-Wunused-variable]
  166 |                         int jaloone = solve_complex_system(matSize, A, b, x);
      |                             ^~~~~~~
../Core/Src/0main.c: At top level:
../Core/Src/0main.c:31:23: warning: 'TestImage' defined but not used [-Wunused-const-variable=]
   31 | static const uint16_t TestImage [] ={
      |                       ^~~~~~~~~
arm-none-eabi-gcc -o "ComplexCalcProject.elf" @"objects.list"   -mcpu=cortex-m4 -T"C:\Users\dasre\Documents\Knowledge-db\ghFiles\pycodes\ComplexCalc\Py-ComplexCalc\OtherCalcs\HW Version\ComplexCalcProject\STM32F411CEUX_FLASH.ld" --specs=nosys.specs -Wl,-Map="ComplexCalcProject.map" -Wl,--gc-sections -static --specs=nano.specs -mfpu=fpv4-sp-d16 -mfloat-abi=hard -mthumb -Wl,--start-group -lc -lm -Wl,--end-group
Finished building target: ComplexCalcProject.elf
 
arm-none-eabi-size  ComplexCalcProject.elf 
arm-none-eabi-objdump -h -S ComplexCalcProject.elf  > "ComplexCalcProject.list"
   text	   data	    bss	    dec	    hex	filename
  26852	    504	   2208	  29564	   737c	ComplexCalcProject.elf
Finished building: default.size.stdout
 
Finished building: ComplexCalcProject.list
 
08:42:27 **** Incremental Build of configuration Debug for project ComplexCalcProject ****
make -j8 all 
arm-none-eabi-gcc "../Core/Src/0main.c" -mcpu=cortex-m4 -std=gnu11 -g3 -DDEBUG -DUSE_HAL_DRIVER -DSTM32F411xE -c -I../Core/Inc -I../Drivers/STM32F4xx_HAL_Driver/Inc -I../Drivers/STM32F4xx_HAL_Driver/Inc/Legacy -I../Drivers/CMSIS/Device/ST/STM32F4xx/Include -I../Drivers/CMSIS/Include -O0 -ffunction-sections -fdata-sections -Wall -fstack-usage -fcyclomatic-complexity -MMD -MP -MF"Core/Src/0main.d" -MT"Core/Src/0main.o" --specs=nano.specs -mfpu=fpv4-sp-d16 -mfloat-abi=hard -mthumb -o "Core/Src/0main.o"
../Core/Src/0main.c: In function 'init':
../Core/Src/0main.c:54:9: warning: implicit declaration of function 'SystemClock_Config'; did you mean 'SysTick_Config'? [-Wimplicit-function-declaration]
   54 |         SystemClock_Config();
      |         ^~~~~~~~~~~~~~~~~~
      |         SysTick_Config
../Core/Src/0main.c:55:9: warning: implicit declaration of function 'MX_GPIO_Init'; did you mean 'HAL_GPIO_Init'? [-Wimplicit-function-declaration]
   55 |         MX_GPIO_Init();
      |         ^~~~~~~~~~~~
      |         HAL_GPIO_Init
../Core/Src/0main.c:56:9: warning: implicit declaration of function 'MX_SPI1_Init'; did you mean 'HAL_SPI_Init'? [-Wimplicit-function-declaration]
   56 |         MX_SPI1_Init();
      |         ^~~~~~~~~~~~
      |         HAL_SPI_Init
../Core/Src/0main.c: In function 'main':
../Core/Src/0main.c:167:29: warning: unused variable 'jaloone' [-Wunused-variable]
  167 |                         int jaloone = solve_complex_system(matSize, A, b, x);
      |                             ^~~~~~~
../Core/Src/0main.c: At top level:
../Core/Src/0main.c:31:23: warning: 'TestImage' defined but not used [-Wunused-const-variable=]
   31 | static const uint16_t TestImage [] ={
      |                       ^~~~~~~~~
arm-none-eabi-gcc -o "ComplexCalcProject.elf" @"objects.list"   -mcpu=cortex-m4 -T"C:\Users\dasre\Documents\Knowledge-db\ghFiles\pycodes\ComplexCalc\Py-ComplexCalc\OtherCalcs\HW Version\ComplexCalcProject\STM32F411CEUX_FLASH.ld" --specs=nosys.specs -Wl,-Map="ComplexCalcProject.map" -Wl,--gc-sections -static --specs=nano.specs -mfpu=fpv4-sp-d16 -mfloat-abi=hard -mthumb -Wl,--start-group -lc -lm -Wl,--end-group
Finished building target: ComplexCalcProject.elf
 
arm-none-eabi-size  ComplexCalcProject.elf 
arm-none-eabi-objdump -h -S ComplexCalcProject.elf  > "ComplexCalcProject.list"
   text	   data	    bss	    dec	    hex	filename
  26860	    504	   2208	  29572	   7384	ComplexCalcProject.elf
Finished building: default.size.stdout
 
Finished building: ComplexCalcProject.list
 
08:43:28 **** Incremental Build of configuration Debug for project ComplexCalcProject ****
make -j8 all 
arm-none-eabi-gcc "../Core/Src/0main.c" -mcpu=cortex-m4 -std=gnu11 -g3 -DDEBUG -DUSE_HAL_DRIVER -DSTM32F411xE -c -I../Core/Inc -I../Drivers/STM32F4xx_HAL_Driver/Inc -I../Drivers/STM32F4xx_HAL_Driver/Inc/Legacy -I../Drivers/CMSIS/Device/ST/STM32F4xx/Include -I../Drivers/CMSIS/Include -O0 -ffunction-sections -fdata-sections -Wall -fstack-usage -fcyclomatic-complexity -MMD -MP -MF"Core/Src/0main.d" -MT"Core/Src/0main.o" --specs=nano.specs -mfpu=fpv4-sp-d16 -mfloat-abi=hard -mthumb -o "Core/Src/0main.o"
../Core/Src/0main.c: In function 'main':
../Core/Src/0main.c:168:29: warning: unused variable 'jaloone' [-Wunused-variable]
  168 |                         int jaloone = solve_complex_system(matSize, A, b, x);
      |                             ^~~~~~~
../Core/Src/0main.c: At top level:
../Core/Src/0main.c:32:23: warning: 'TestImage' defined but not used [-Wunused-const-variable=]
   32 | static const uint16_t TestImage [] ={
      |                       ^~~~~~~~~
arm-none-eabi-gcc -o "ComplexCalcProject.elf" @"objects.list"   -mcpu=cortex-m4 -T"C:\Users\dasre\Documents\Knowledge-db\ghFiles\pycodes\ComplexCalc\Py-ComplexCalc\OtherCalcs\HW Version\ComplexCalcProject\STM32F411CEUX_FLASH.ld" --specs=nosys.specs -Wl,-Map="ComplexCalcProject.map" -Wl,--gc-sections -static --specs=nano.specs -mfpu=fpv4-sp-d16 -mfloat-abi=hard -mthumb -Wl,--start-group -lc -lm -Wl,--end-group
Finished building target: ComplexCalcProject.elf
 
arm-none-eabi-size  ComplexCalcProject.elf 
arm-none-eabi-objdump -h -S ComplexCalcProject.elf  > "ComplexCalcProject.list"
   text	   data	    bss	    dec	    hex	filename
  26860	    504	   2208	  29572	   7384	ComplexCalcProject.elf
Finished building: default.size.stdout
 
Finished building: ComplexCalcProject.list
 
08:45:49 **** Incremental Build of configuration Debug for project ComplexCalcProject ****
make -j8 all 
arm-none-eabi-gcc "../Core/Src/0main.c" -mcpu=cortex-m4 -std=gnu11 -g3 -DDEBUG -DUSE_HAL_DRIVER -DSTM32F411xE -c -I../Core/Inc -I../Drivers/STM32F4xx_HAL_Driver/Inc -I../Drivers/STM32F4xx_HAL_Driver/Inc/Legacy -I../Drivers/CMSIS/Device/ST/STM32F4xx/Include -I../Drivers/CMSIS/Include -O0 -ffunction-sections -fdata-sections -Wall -fstack-usage -fcyclomatic-complexity -MMD -MP -MF"Core/Src/0main.d" -MT"Core/Src/0main.o" --specs=nano.specs -mfpu=fpv4-sp-d16 -mfloat-abi=hard -mthumb -o "Core/Src/0main.o"
arm-none-eabi-gcc "../Core/Src/HALConfig.c" -mcpu=cortex-m4 -std=gnu11 -g3 -DDEBUG -DUSE_HAL_DRIVER -DSTM32F411xE -c -I../Core/Inc -I../Drivers/STM32F4xx_HAL_Driver/Inc -I../Drivers/STM32F4xx_HAL_Driver/Inc/Legacy -I../Drivers/CMSIS/Device/ST/STM32F4xx/Include -I../Drivers/CMSIS/Include -O0 -ffunction-sections -fdata-sections -Wall -fstack-usage -fcyclomatic-complexity -MMD -MP -MF"Core/Src/HALConfig.d" -MT"Core/Src/HALConfig.o" --specs=nano.specs -mfpu=fpv4-sp-d16 -mfloat-abi=hard -mthumb -o "Core/Src/HALConfig.o"
arm-none-eabi-gcc "../Core/Src/HALTecMat4x4.c" -mcpu=cortex-m4 -std=gnu11 -g3 -DDEBUG -DUSE_HAL_DRIVER -DSTM32F411xE -c -I../Core/Inc -I../Drivers/STM32F4xx_HAL_Driver/Inc -I../Drivers/STM32F4xx_HAL_Driver/Inc/Legacy -I../Drivers/CMSIS/Device/ST/STM32F4xx/Include -I../Drivers/CMSIS/Include -O0 -ffunction-sections -fdata-sections -Wall -fstack-usage -fcyclomatic-complexity -MMD -MP -MF"Core/Src/HALTecMat4x4.d" -MT"Core/Src/HALTecMat4x4.o" --specs=nano.specs -mfpu=fpv4-sp-d16 -mfloat-abi=hard -mthumb -o "Core/Src/HALTecMat4x4.o"
arm-none-eabi-gcc "../Core/Src/HALst7735.c" -mcpu=cortex-m4 -std=gnu11 -g3 -DDEBUG -DUSE_HAL_DRIVER -DSTM32F411xE -c -I../Core/Inc -I../Drivers/STM32F4xx_HAL_Driver/Inc -I../Drivers/STM32F4xx_HAL_Driver/Inc/Legacy -I../Drivers/CMSIS/Device/ST/STM32F4xx/Include -I../Drivers/CMSIS/Include -O0 -ffunction-sections -fdata-sections -Wall -fstack-usage -fcyclomatic-complexity -MMD -MP -MF"Core/Src/HALst7735.d" -MT"Core/Src/HALst7735.o" --specs=nano.specs -mfpu=fpv4-sp-d16 -mfloat-abi=hard -mthumb -o "Core/Src/HALst7735.o"
arm-none-eabi-gcc "../Core/Src/SWComplexGJ.c" -mcpu=cortex-m4 -std=gnu11 -g3 -DDEBUG -DUSE_HAL_DRIVER -DSTM32F411xE -c -I../Core/Inc -I../Drivers/STM32F4xx_HAL_Driver/Inc -I../Drivers/STM32F4xx_HAL_Driver/Inc/Legacy -I../Drivers/CMSIS/Device/ST/STM32F4xx/Include -I../Drivers/CMSIS/Include -O0 -ffunction-sections -fdata-sections -Wall -fstack-usage -fcyclomatic-complexity -MMD -MP -MF"Core/Src/SWComplexGJ.d" -MT"Core/Src/SWComplexGJ.o" --specs=nano.specs -mfpu=fpv4-sp-d16 -mfloat-abi=hard -mthumb -o "Core/Src/SWComplexGJ.o"
arm-none-eabi-gcc "../Core/Src/SWfonts.c" -mcpu=cortex-m4 -std=gnu11 -g3 -DDEBUG -DUSE_HAL_DRIVER -DSTM32F411xE -c -I../Core/Inc -I../Drivers/STM32F4xx_HAL_Driver/Inc -I../Drivers/STM32F4xx_HAL_Driver/Inc/Legacy -I../Drivers/CMSIS/Device/ST/STM32F4xx/Include -I../Drivers/CMSIS/Include -O0 -ffunction-sections -fdata-sections -Wall -fstack-usage -fcyclomatic-complexity -MMD -MP -MF"Core/Src/SWfonts.d" -MT"Core/Src/SWfonts.o" --specs=nano.specs -mfpu=fpv4-sp-d16 -mfloat-abi=hard -mthumb -o "Core/Src/SWfonts.o"
arm-none-eabi-gcc "../Core/Src/stm32f4xx_hal_msp.c" -mcpu=cortex-m4 -std=gnu11 -g3 -DDEBUG -DUSE_HAL_DRIVER -DSTM32F411xE -c -I../Core/Inc -I../Drivers/STM32F4xx_HAL_Driver/Inc -I../Drivers/STM32F4xx_HAL_Driver/Inc/Legacy -I../Drivers/CMSIS/Device/ST/STM32F4xx/Include -I../Drivers/CMSIS/Include -O0 -ffunction-sections -fdata-sections -Wall -fstack-usage -fcyclomatic-complexity -MMD -MP -MF"Core/Src/stm32f4xx_hal_msp.d" -MT"Core/Src/stm32f4xx_hal_msp.o" --specs=nano.specs -mfpu=fpv4-sp-d16 -mfloat-abi=hard -mthumb -o "Core/Src/stm32f4xx_hal_msp.o"
arm-none-eabi-gcc "../Core/Src/stm32f4xx_it.c" -mcpu=cortex-m4 -std=gnu11 -g3 -DDEBUG -DUSE_HAL_DRIVER -DSTM32F411xE -c -I../Core/Inc -I../Drivers/STM32F4xx_HAL_Driver/Inc -I../Drivers/STM32F4xx_HAL_Driver/Inc/Legacy -I../Drivers/CMSIS/Device/ST/STM32F4xx/Include -I../Drivers/CMSIS/Include -O0 -ffunction-sections -fdata-sections -Wall -fstack-usage -fcyclomatic-complexity -MMD -MP -MF"Core/Src/stm32f4xx_it.d" -MT"Core/Src/stm32f4xx_it.o" --specs=nano.specs -mfpu=fpv4-sp-d16 -mfloat-abi=hard -mthumb -o "Core/Src/stm32f4xx_it.o"
../Core/Src/HALTecMat4x4.c: In function 'gotKey':
../Core/Src/HALTecMat4x4.c:34:42: warning: returning 'uint8_t' {aka 'unsigned char'} from a function with return type 'char *' makes pointer from integer without a cast [-Wint-conversion]
   34 |                         return keyHexa[i][j];
      |                                ~~~~~~~~~~^~~
../Core/Src/HALTecMat4x4.c:38:24: warning: returning 'int' from a function with return type 'char *' makes pointer from integer without a cast [-Wint-conversion]
   38 |                 return 0x88;
      |                        ^~~~
../Core/Src/0main.c:18:10: fatal error: tecmat4x4.h: No such file or directory
   18 | #include "tecmat4x4.h"
      |          ^~~~~~~~~~~~~
compilation terminated.
make: *** [Core/Src/subdir.mk:49: Core/Src/0main.o] Error 1
make: *** Waiting for unfinished jobs....
"make -j8 all" terminated with exit code 2. Build might be incomplete.
08:46:00 **** Incremental Build of configuration Debug for project ComplexCalcProject ****
make -j8 all 
arm-none-eabi-gcc "../Core/Src/0main.c" -mcpu=cortex-m4 -std=gnu11 -g3 -DDEBUG -DUSE_HAL_DRIVER -DSTM32F411xE -c -I../Core/Inc -I../Drivers/STM32F4xx_HAL_Driver/Inc -I../Drivers/STM32F4xx_HAL_Driver/Inc/Legacy -I../Drivers/CMSIS/Device/ST/STM32F4xx/Include -I../Drivers/CMSIS/Include -O0 -ffunction-sections -fdata-sections -Wall -fstack-usage -fcyclomatic-complexity -MMD -MP -MF"Core/Src/0main.d" -MT"Core/Src/0main.o" --specs=nano.specs -mfpu=fpv4-sp-d16 -mfloat-abi=hard -mthumb -o "Core/Src/0main.o"
arm-none-eabi-gcc "../Core/Src/syscalls.c" -mcpu=cortex-m4 -std=gnu11 -g3 -DDEBUG -DUSE_HAL_DRIVER -DSTM32F411xE -c -I../Core/Inc -I../Drivers/STM32F4xx_HAL_Driver/Inc -I../Drivers/STM32F4xx_HAL_Driver/Inc/Legacy -I../Drivers/CMSIS/Device/ST/STM32F4xx/Include -I../Drivers/CMSIS/Include -O0 -ffunction-sections -fdata-sections -Wall -fstack-usage -fcyclomatic-complexity -MMD -MP -MF"Core/Src/syscalls.d" -MT"Core/Src/syscalls.o" --specs=nano.specs -mfpu=fpv4-sp-d16 -mfloat-abi=hard -mthumb -o "Core/Src/syscalls.o"
arm-none-eabi-gcc "../Core/Src/sysmem.c" -mcpu=cortex-m4 -std=gnu11 -g3 -DDEBUG -DUSE_HAL_DRIVER -DSTM32F411xE -c -I../Core/Inc -I../Drivers/STM32F4xx_HAL_Driver/Inc -I../Drivers/STM32F4xx_HAL_Driver/Inc/Legacy -I../Drivers/CMSIS/Device/ST/STM32F4xx/Include -I../Drivers/CMSIS/Include -O0 -ffunction-sections -fdata-sections -Wall -fstack-usage -fcyclomatic-complexity -MMD -MP -MF"Core/Src/sysmem.d" -MT"Core/Src/sysmem.o" --specs=nano.specs -mfpu=fpv4-sp-d16 -mfloat-abi=hard -mthumb -o "Core/Src/sysmem.o"
arm-none-eabi-gcc "../Core/Src/system_stm32f4xx.c" -mcpu=cortex-m4 -std=gnu11 -g3 -DDEBUG -DUSE_HAL_DRIVER -DSTM32F411xE -c -I../Core/Inc -I../Drivers/STM32F4xx_HAL_Driver/Inc -I../Drivers/STM32F4xx_HAL_Driver/Inc/Legacy -I../Drivers/CMSIS/Device/ST/STM32F4xx/Include -I../Drivers/CMSIS/Include -O0 -ffunction-sections -fdata-sections -Wall -fstack-usage -fcyclomatic-complexity -MMD -MP -MF"Core/Src/system_stm32f4xx.d" -MT"Core/Src/system_stm32f4xx.o" --specs=nano.specs -mfpu=fpv4-sp-d16 -mfloat-abi=hard -mthumb -o "Core/Src/system_stm32f4xx.o"
../Core/Src/0main.c: In function 'main':
../Core/Src/0main.c:168:29: warning: unused variable 'jaloone' [-Wunused-variable]
  168 |                         int jaloone = solve_complex_system(matSize, A, b, x);
      |                             ^~~~~~~
../Core/Src/0main.c: At top level:
../Core/Src/0main.c:32:23: warning: 'TestImage' defined but not used [-Wunused-const-variable=]
   32 | static const uint16_t TestImage [] ={
      |                       ^~~~~~~~~
arm-none-eabi-gcc -o "ComplexCalcProject.elf" @"objects.list"   -mcpu=cortex-m4 -T"C:\Users\dasre\Documents\Knowledge-db\ghFiles\pycodes\ComplexCalc\Py-ComplexCalc\OtherCalcs\HW Version\ComplexCalcProject\STM32F411CEUX_FLASH.ld" --specs=nosys.specs -Wl,-Map="ComplexCalcProject.map" -Wl,--gc-sections -static --specs=nano.specs -mfpu=fpv4-sp-d16 -mfloat-abi=hard -mthumb -Wl,--start-group -lc -lm -Wl,--end-group
Finished building target: ComplexCalcProject.elf
 
arm-none-eabi-size  ComplexCalcProject.elf 
arm-none-eabi-objdump -h -S ComplexCalcProject.elf  > "ComplexCalcProject.list"
   text	   data	    bss	    dec	    hex	filename
  26852	    504	   2208	  29564	   737c	ComplexCalcProject.elf
Finished building: default.size.stdout
 
Finished building: ComplexCalcProject.list
 
08:46:48 **** Incremental Build of configuration Debug for project ComplexCalcProject ****
make -j8 all 
arm-none-eabi-gcc "../Core/Src/0main.c" -mcpu=cortex-m4 -std=gnu11 -g3 -DDEBUG -DUSE_HAL_DRIVER -DSTM32F411xE -c -I../Core/Inc -I../Drivers/STM32F4xx_HAL_Driver/Inc -I../Drivers/STM32F4xx_HAL_Driver/Inc/Legacy -I../Drivers/CMSIS/Device/ST/STM32F4xx/Include -I../Drivers/CMSIS/Include -O0 -ffunction-sections -fdata-sections -Wall -fstack-usage -fcyclomatic-complexity -MMD -MP -MF"Core/Src/0main.d" -MT"Core/Src/0main.o" --specs=nano.specs -mfpu=fpv4-sp-d16 -mfloat-abi=hard -mthumb -o "Core/Src/0main.o"
../Core/Src/0main.c: In function 'main':
../Core/Src/0main.c:168:29: warning: unused variable 'jaloone' [-Wunused-variable]
  168 |                         int jaloone = solve_complex_system(matSize, A, b, x);
      |                             ^~~~~~~
../Core/Src/0main.c: At top level:
../Core/Src/0main.c:32:23: warning: 'TestImage' defined but not used [-Wunused-const-variable=]
   32 | static const uint16_t TestImage [] ={
      |                       ^~~~~~~~~
arm-none-eabi-gcc -o "ComplexCalcProject.elf" @"objects.list"   -mcpu=cortex-m4 -T"C:\Users\dasre\Documents\Knowledge-db\ghFiles\pycodes\ComplexCalc\Py-ComplexCalc\OtherCalcs\HW Version\ComplexCalcProject\STM32F411CEUX_FLASH.ld" --specs=nosys.specs -Wl,-Map="ComplexCalcProject.map" -Wl,--gc-sections -static --specs=nano.specs -mfpu=fpv4-sp-d16 -mfloat-abi=hard -mthumb -Wl,--start-group -lc -lm -Wl,--end-group
Finished building target: ComplexCalcProject.elf
 
arm-none-eabi-size  ComplexCalcProject.elf 
arm-none-eabi-objdump -h -S ComplexCalcProject.elf  > "ComplexCalcProject.list"
   text	   data	    bss	    dec	    hex	filename
  26852	    504	   2208	  29564	   737c	ComplexCalcProject.elf
Finished building: default.size.stdout
 
Finished building: ComplexCalcProject.list
 
