21:18:48 **** Incremental Build of configuration Debug for project ComplexCalcProject ****
make -j8 all 
arm-none-eabi-gcc "../Core/Src/display_ui.c" -mcpu=cortex-m4 -std=gnu11 -g3 -DDEBUG -DUSE_HAL_DRIVER -DSTM32F411xE -c -I../Core/Inc -I../Drivers/STM32F4xx_HAL_Driver/Inc -I../Drivers/STM32F4xx_HAL_Driver/Inc/Legacy -I../Drivers/CMSIS/Device/ST/STM32F4xx/Include -I../Drivers/CMSIS/Include -O0 -ffunction-sections -fdata-sections -Wall -fstack-usage -fcyclomatic-complexity -MMD -MP -MF"Core/Src/display_ui.d" -MT"Core/Src/display_ui.o" --specs=nano.specs -mfpu=fpv4-sp-d16 -mfloat-abi=hard -mthumb -o "Core/Src/display_ui.o"
../Core/Src/display_ui.c: In function 'drawLevel0':
../Core/Src/display_ui.c:36:39: warning: '%s' directive writing up to 15 bytes into a region of size 11 [-Wformat-overflow=]
   36 |         sprintf(displayStr, "Sistema: %s", buffer);
      |                                       ^~   ~~~~~~
../Core/Src/display_ui.c:36:9: note: 'sprintf' output between 10 and 25 bytes into a destination of size 20
   36 |         sprintf(displayStr, "Sistema: %s", buffer);
      |         ^~~~~~~~~~~~~~~~~~~~~~~~~~~~~~~~~~~~~~~~~~
../Core/Src/display_ui.c: In function 'drawLevel1':
../Core/Src/display_ui.c:139:28: warning: '%s' directive writing up to 15 bytes into a region of size 11 [-Wformat-overflow=]
  139 |     sprintf(realStr, "Real %s", buffer);
      |                            ^~   ~~~~~~
../Core/Src/display_ui.c:139:5: note: 'sprintf' output between 6 and 21 bytes into a destination of size 16
  139 |     sprintf(realStr, "Real %s", buffer);
      |     ^~~~~~~~~~~~~~~~~~~~~~~~~~~~~~~~~~~
../Core/Src/display_ui.c:140:28: warning: '%s' directive writing up to 15 bytes into a region of size 11 [-Wformat-overflow=]
  140 |     sprintf(imagStr, "Imag %s", buffer);
      |                            ^~   ~~~~~~
../Core/Src/display_ui.c:140:5: note: 'sprintf' output between 6 and 21 bytes into a destination of size 16
  140 |     sprintf(imagStr, "Imag %s", buffer);
      |     ^~~~~~~~~~~~~~~~~~~~~~~~~~~~~~~~~~~
../Core/Src/display_ui.c: In function 'drawLevel2':
../Core/Src/display_ui.c:171:33: warning: ' = ' directive writing 3 bytes into a region of size between 2 and 4 [-Wformat-overflow=]
  171 |             sprintf(varStr, "x%d = ", i + 1);
      |                                 ^~~
../Core/Src/display_ui.c:171:13: note: 'sprintf' output between 6 and 8 bytes into a destination of size 6
  171 |             sprintf(varStr, "x%d = ", i + 1);
      |             ^~~~~~~~~~~~~~~~~~~~~~~~~~~~~~~~
arm-none-eabi-gcc -o "ComplexCalcProject.elf" @"objects.list"   -mcpu=cortex-m4 -T"C:\Users\dasre\Documents\Knowledge-db\ghFiles\pycodes\ComplexCalc\Py-ComplexCalc\OtherCalcs\HW Version\BlackPill STM32F411CE\04ComplexCalcProject\STM32F411CEUX_FLASH.ld" --specs=nosys.specs -Wl,-Map="ComplexCalcProject.map" -Wl,--gc-sections -static --specs=nano.specs -mfpu=fpv4-sp-d16 -mfloat-abi=hard -mthumb -u _printf_float -Wl,--start-group -lc -lm -Wl,--end-group
Finished building target: ComplexCalcProject.elf
 
arm-none-eabi-size  ComplexCalcProject.elf 
arm-none-eabi-objdump -h -S ComplexCalcProject.elf  > "ComplexCalcProject.list"
   text	   data	    bss	    dec	    hex	filename
  38856	    628	   2212	  41696	   a2e0	ComplexCalcProject.elf
Finished building: default.size.stdout
 
Finished building: ComplexCalcProject.list
 
21:19:09 **** Incremental Build of configuration Debug for project ComplexCalcProject ****
make -j8 all 
arm-none-eabi-size  ComplexCalcProject.elf 
   text	   data	    bss	    dec	    hex	filename
  38856	    628	   2212	  41696	   a2e0	ComplexCalcProject.elf
Finished building: default.size.stdout
 
21:22:55 **** Incremental Build of configuration Debug for project ComplexCalcProject ****
make -j8 all 
arm-none-eabi-gcc "../Core/Src/display_ui.c" -mcpu=cortex-m4 -std=gnu11 -g3 -DDEBUG -DUSE_HAL_DRIVER -DSTM32F411xE -c -I../Core/Inc -I../Drivers/STM32F4xx_HAL_Driver/Inc -I../Drivers/STM32F4xx_HAL_Driver/Inc/Legacy -I../Drivers/CMSIS/Device/ST/STM32F4xx/Include -I../Drivers/CMSIS/Include -O0 -ffunction-sections -fdata-sections -Wall -fstack-usage -fcyclomatic-complexity -MMD -MP -MF"Core/Src/display_ui.d" -MT"Core/Src/display_ui.o" --specs=nano.specs -mfpu=fpv4-sp-d16 -mfloat-abi=hard -mthumb -o "Core/Src/display_ui.o"
../Core/Src/display_ui.c: In function 'drawLevel0':
../Core/Src/display_ui.c:36:39: warning: '%s' directive writing up to 15 bytes into a region of size 11 [-Wformat-overflow=]
   36 |         sprintf(displayStr, "Sistema: %s", buffer);
      |                                       ^~   ~~~~~~
../Core/Src/display_ui.c:36:9: note: 'sprintf' output between 10 and 25 bytes into a destination of size 20
   36 |         sprintf(displayStr, "Sistema: %s", buffer);
      |         ^~~~~~~~~~~~~~~~~~~~~~~~~~~~~~~~~~~~~~~~~~
../Core/Src/display_ui.c: In function 'drawLevel1':
../Core/Src/display_ui.c:145:28: warning: '%s' directive writing up to 15 bytes into a region of size 11 [-Wformat-overflow=]
  145 |     sprintf(realStr, "Real %s", buffer);
      |                            ^~   ~~~~~~
../Core/Src/display_ui.c:145:5: note: 'sprintf' output between 6 and 21 bytes into a destination of size 16
  145 |     sprintf(realStr, "Real %s", buffer);
      |     ^~~~~~~~~~~~~~~~~~~~~~~~~~~~~~~~~~~
../Core/Src/display_ui.c:146:28: warning: '%s' directive writing up to 15 bytes into a region of size 11 [-Wformat-overflow=]
  146 |     sprintf(imagStr, "Imag %s", buffer);
      |                            ^~   ~~~~~~
../Core/Src/display_ui.c:146:5: note: 'sprintf' output between 6 and 21 bytes into a destination of size 16
  146 |     sprintf(imagStr, "Imag %s", buffer);
      |     ^~~~~~~~~~~~~~~~~~~~~~~~~~~~~~~~~~~
../Core/Src/display_ui.c: In function 'drawLevel2':
../Core/Src/display_ui.c:177:33: warning: ' = ' directive writing 3 bytes into a region of size between 2 and 4 [-Wformat-overflow=]
  177 |             sprintf(varStr, "x%d = ", i + 1);
      |                                 ^~~
../Core/Src/display_ui.c:177:13: note: 'sprintf' output between 6 and 8 bytes into a destination of size 6
  177 |             sprintf(varStr, "x%d = ", i + 1);
      |             ^~~~~~~~~~~~~~~~~~~~~~~~~~~~~~~~
arm-none-eabi-gcc -o "ComplexCalcProject.elf" @"objects.list"   -mcpu=cortex-m4 -T"C:\Users\dasre\Documents\Knowledge-db\ghFiles\pycodes\ComplexCalc\Py-ComplexCalc\OtherCalcs\HW Version\BlackPill STM32F411CE\04ComplexCalcProject\STM32F411CEUX_FLASH.ld" --specs=nosys.specs -Wl,-Map="ComplexCalcProject.map" -Wl,--gc-sections -static --specs=nano.specs -mfpu=fpv4-sp-d16 -mfloat-abi=hard -mthumb -u _printf_float -Wl,--start-group -lc -lm -Wl,--end-group
Finished building target: ComplexCalcProject.elf
 
arm-none-eabi-size  ComplexCalcProject.elf 
arm-none-eabi-objdump -h -S ComplexCalcProject.elf  > "ComplexCalcProject.list"
   text	   data	    bss	    dec	    hex	filename
  38936	    628	   2212	  41776	   a330	ComplexCalcProject.elf
Finished building: default.size.stdout
 
Finished building: ComplexCalcProject.list
 
21:27:23 **** Incremental Build of configuration Debug for project ComplexCalcProject ****
make -j8 all 
arm-none-eabi-gcc "../Core/Src/display_ui.c" -mcpu=cortex-m4 -std=gnu11 -g3 -DDEBUG -DUSE_HAL_DRIVER -DSTM32F411xE -c -I../Core/Inc -I../Drivers/STM32F4xx_HAL_Driver/Inc -I../Drivers/STM32F4xx_HAL_Driver/Inc/Legacy -I../Drivers/CMSIS/Device/ST/STM32F4xx/Include -I../Drivers/CMSIS/Include -O0 -ffunction-sections -fdata-sections -Wall -fstack-usage -fcyclomatic-complexity -MMD -MP -MF"Core/Src/display_ui.d" -MT"Core/Src/display_ui.o" --specs=nano.specs -mfpu=fpv4-sp-d16 -mfloat-abi=hard -mthumb -o "Core/Src/display_ui.o"
../Core/Src/display_ui.c: In function 'drawLevel0':
../Core/Src/display_ui.c:36:39: warning: '%s' directive writing up to 15 bytes into a region of size 11 [-Wformat-overflow=]
   36 |         sprintf(displayStr, "Sistema: %s", buffer);
      |                                       ^~   ~~~~~~
../Core/Src/display_ui.c:36:9: note: 'sprintf' output between 10 and 25 bytes into a destination of size 20
   36 |         sprintf(displayStr, "Sistema: %s", buffer);
      |         ^~~~~~~~~~~~~~~~~~~~~~~~~~~~~~~~~~~~~~~~~~
../Core/Src/display_ui.c: In function 'drawLevel1':
../Core/Src/display_ui.c:145:28: warning: '%s' directive writing up to 15 bytes into a region of size 11 [-Wformat-overflow=]
  145 |     sprintf(realStr, "Real %s", buffer);
      |                            ^~   ~~~~~~
../Core/Src/display_ui.c:145:5: note: 'sprintf' output between 6 and 21 bytes into a destination of size 16
  145 |     sprintf(realStr, "Real %s", buffer);
      |     ^~~~~~~~~~~~~~~~~~~~~~~~~~~~~~~~~~~
../Core/Src/display_ui.c:146:28: warning: '%s' directive writing up to 15 bytes into a region of size 11 [-Wformat-overflow=]
  146 |     sprintf(imagStr, "Imag %s", buffer);
      |                            ^~   ~~~~~~
../Core/Src/display_ui.c:146:5: note: 'sprintf' output between 6 and 21 bytes into a destination of size 16
  146 |     sprintf(imagStr, "Imag %s", buffer);
      |     ^~~~~~~~~~~~~~~~~~~~~~~~~~~~~~~~~~~
../Core/Src/display_ui.c: In function 'drawLevel2':
../Core/Src/display_ui.c:177:33: warning: ' = ' directive writing 3 bytes into a region of size between 2 and 4 [-Wformat-overflow=]
  177 |             sprintf(varStr, "x%d = ", i + 1);
      |                                 ^~~
../Core/Src/display_ui.c:177:13: note: 'sprintf' output between 6 and 8 bytes into a destination of size 6
  177 |             sprintf(varStr, "x%d = ", i + 1);
      |             ^~~~~~~~~~~~~~~~~~~~~~~~~~~~~~~~
arm-none-eabi-gcc -o "ComplexCalcProject.elf" @"objects.list"   -mcpu=cortex-m4 -T"C:\Users\dasre\Documents\Knowledge-db\ghFiles\pycodes\ComplexCalc\Py-ComplexCalc\OtherCalcs\HW Version\BlackPill STM32F411CE\04ComplexCalcProject\STM32F411CEUX_FLASH.ld" --specs=nosys.specs -Wl,-Map="ComplexCalcProject.map" -Wl,--gc-sections -static --specs=nano.specs -mfpu=fpv4-sp-d16 -mfloat-abi=hard -mthumb -u _printf_float -Wl,--start-group -lc -lm -Wl,--end-group
Finished building target: ComplexCalcProject.elf
 
arm-none-eabi-size  ComplexCalcProject.elf 
arm-none-eabi-objdump -h -S ComplexCalcProject.elf  > "ComplexCalcProject.list"
   text	   data	    bss	    dec	    hex	filename
  38936	    628	   2212	  41776	   a330	ComplexCalcProject.elf
Finished building: default.size.stdout
 
Finished building: ComplexCalcProject.list
 
21:30:58 **** Incremental Build of configuration Debug for project ComplexCalcProject ****
make -j8 all 
arm-none-eabi-gcc "../Core/Src/0main.c" -mcpu=cortex-m4 -std=gnu11 -g3 -DDEBUG -DUSE_HAL_DRIVER -DSTM32F411xE -c -I../Core/Inc -I../Drivers/STM32F4xx_HAL_Driver/Inc -I../Drivers/STM32F4xx_HAL_Driver/Inc/Legacy -I../Drivers/CMSIS/Device/ST/STM32F4xx/Include -I../Drivers/CMSIS/Include -O0 -ffunction-sections -fdata-sections -Wall -fstack-usage -fcyclomatic-complexity -MMD -MP -MF"Core/Src/0main.d" -MT"Core/Src/0main.o" --specs=nano.specs -mfpu=fpv4-sp-d16 -mfloat-abi=hard -mthumb -o "Core/Src/0main.o"
../Core/Src/0main.c: In function 'main':
../Core/Src/0main.c:89:13: warning: implicit declaration of function 'drawLevel0' [-Wimplicit-function-declaration]
   89 |             drawLevel0();
      |             ^~~~~~~~~~
../Core/Src/0main.c:126:13: warning: implicit declaration of function 'drawLevel1' [-Wimplicit-function-declaration]
  126 |             drawLevel1(colMat, rowMat, navigating);
      |             ^~~~~~~~~~
../Core/Src/0main.c:216:9: warning: implicit declaration of function 'drawLevel2' [-Wimplicit-function-declaration]
  216 |         drawLevel2(success == 0);
      |         ^~~~~~~~~~
../Core/Src/0main.c: In function 'readPad':
../Core/Src/0main.c:239:15: warning: comparison between pointer and integer
  239 |   if(keypress == 0x27)
      |               ^~
../Core/Src/0main.c: At top level:
../Core/Src/0main.c:32:23: warning: 'TestImage' defined but not used [-Wunused-const-variable=]
   32 | static const uint16_t TestImage [] ={
      |                       ^~~~~~~~~
arm-none-eabi-gcc -o "ComplexCalcProject.elf" @"objects.list"   -mcpu=cortex-m4 -T"C:\Users\dasre\Documents\Knowledge-db\ghFiles\pycodes\ComplexCalc\Py-ComplexCalc\OtherCalcs\HW Version\BlackPill STM32F411CE\04ComplexCalcProject\STM32F411CEUX_FLASH.ld" --specs=nosys.specs -Wl,-Map="ComplexCalcProject.map" -Wl,--gc-sections -static --specs=nano.specs -mfpu=fpv4-sp-d16 -mfloat-abi=hard -mthumb -u _printf_float -Wl,--start-group -lc -lm -Wl,--end-group
Finished building target: ComplexCalcProject.elf
 
arm-none-eabi-size  ComplexCalcProject.elf 
arm-none-eabi-objdump -h -S ComplexCalcProject.elf  > "ComplexCalcProject.list"
   text	   data	    bss	    dec	    hex	filename
  38936	    628	   2212	  41776	   a330	ComplexCalcProject.elf
Finished building: default.size.stdout
 
Finished building: ComplexCalcProject.list
 
21:34:37 **** Incremental Build of configuration Debug for project ComplexCalcProject ****
make -j8 all 
arm-none-eabi-gcc "../Core/Src/0main.c" -mcpu=cortex-m4 -std=gnu11 -g3 -DDEBUG -DUSE_HAL_DRIVER -DSTM32F411xE -c -I../Core/Inc -I../Drivers/STM32F4xx_HAL_Driver/Inc -I../Drivers/STM32F4xx_HAL_Driver/Inc/Legacy -I../Drivers/CMSIS/Device/ST/STM32F4xx/Include -I../Drivers/CMSIS/Include -O0 -ffunction-sections -fdata-sections -Wall -fstack-usage -fcyclomatic-complexity -MMD -MP -MF"Core/Src/0main.d" -MT"Core/Src/0main.o" --specs=nano.specs -mfpu=fpv4-sp-d16 -mfloat-abi=hard -mthumb -o "Core/Src/0main.o"
../Core/Src/0main.c: In function 'main':
../Core/Src/0main.c:89:13: warning: implicit declaration of function 'drawLevel0' [-Wimplicit-function-declaration]
   89 |             drawLevel0();
      |             ^~~~~~~~~~
../Core/Src/0main.c:126:13: warning: implicit declaration of function 'drawLevel1' [-Wimplicit-function-declaration]
  126 |             drawLevel1(colMat, rowMat, navigating);
      |             ^~~~~~~~~~
../Core/Src/0main.c:216:9: warning: implicit declaration of function 'drawLevel2' [-Wimplicit-function-declaration]
  216 |         drawLevel2(success == 0);
      |         ^~~~~~~~~~
../Core/Src/0main.c: In function 'readPad':
../Core/Src/0main.c:242:9: warning: cast from pointer to integer of different size [-Wpointer-to-int-cast]
  242 |     if ((unsigned char)keypress == 0x27) return 0;
      |         ^
../Core/Src/0main.c: At top level:
../Core/Src/0main.c:32:23: warning: 'TestImage' defined but not used [-Wunused-const-variable=]
   32 | static const uint16_t TestImage [] ={
      |                       ^~~~~~~~~
arm-none-eabi-gcc -o "ComplexCalcProject.elf" @"objects.list"   -mcpu=cortex-m4 -T"C:\Users\dasre\Documents\Knowledge-db\ghFiles\pycodes\ComplexCalc\Py-ComplexCalc\OtherCalcs\HW Version\BlackPill STM32F411CE\04ComplexCalcProject\STM32F411CEUX_FLASH.ld" --specs=nosys.specs -Wl,-Map="ComplexCalcProject.map" -Wl,--gc-sections -static --specs=nano.specs -mfpu=fpv4-sp-d16 -mfloat-abi=hard -mthumb -u _printf_float -Wl,--start-group -lc -lm -Wl,--end-group
Finished building target: ComplexCalcProject.elf
 
arm-none-eabi-size  ComplexCalcProject.elf 
arm-none-eabi-objdump -h -S ComplexCalcProject.elf  > "ComplexCalcProject.list"
   text	   data	    bss	    dec	    hex	filename
  38856	    628	   2212	  41696	   a2e0	ComplexCalcProject.elf
Finished building: default.size.stdout
 
Finished building: ComplexCalcProject.list
 
21:37:22 **** Incremental Build of configuration Debug for project ComplexCalcProject ****
make -j8 all 
arm-none-eabi-gcc "../Core/Src/display_ui.c" -mcpu=cortex-m4 -std=gnu11 -g3 -DDEBUG -DUSE_HAL_DRIVER -DSTM32F411xE -c -I../Core/Inc -I../Drivers/STM32F4xx_HAL_Driver/Inc -I../Drivers/STM32F4xx_HAL_Driver/Inc/Legacy -I../Drivers/CMSIS/Device/ST/STM32F4xx/Include -I../Drivers/CMSIS/Include -O0 -ffunction-sections -fdata-sections -Wall -fstack-usage -fcyclomatic-complexity -MMD -MP -MF"Core/Src/display_ui.d" -MT"Core/Src/display_ui.o" --specs=nano.specs -mfpu=fpv4-sp-d16 -mfloat-abi=hard -mthumb -o "Core/Src/display_ui.o"
../Core/Src/display_ui.c: In function 'drawLevel0':
../Core/Src/display_ui.c:36:39: warning: '%s' directive writing up to 15 bytes into a region of size 11 [-Wformat-overflow=]
   36 |         sprintf(displayStr, "Sistema: %s", buffer);
      |                                       ^~   ~~~~~~
../Core/Src/display_ui.c:36:9: note: 'sprintf' output between 10 and 25 bytes into a destination of size 20
   36 |         sprintf(displayStr, "Sistema: %s", buffer);
      |         ^~~~~~~~~~~~~~~~~~~~~~~~~~~~~~~~~~~~~~~~~~
../Core/Src/display_ui.c: In function 'drawLevel1':
../Core/Src/display_ui.c:145:28: warning: '%s' directive writing up to 15 bytes into a region of size 11 [-Wformat-overflow=]
  145 |     sprintf(realStr, "Real %s", buffer);
      |                            ^~   ~~~~~~
../Core/Src/display_ui.c:145:5: note: 'sprintf' output between 6 and 21 bytes into a destination of size 16
  145 |     sprintf(realStr, "Real %s", buffer);
      |     ^~~~~~~~~~~~~~~~~~~~~~~~~~~~~~~~~~~
../Core/Src/display_ui.c:146:28: warning: '%s' directive writing up to 15 bytes into a region of size 11 [-Wformat-overflow=]
  146 |     sprintf(imagStr, "Imag %s", buffer);
      |                            ^~   ~~~~~~
../Core/Src/display_ui.c:146:5: note: 'sprintf' output between 6 and 21 bytes into a destination of size 16
  146 |     sprintf(imagStr, "Imag %s", buffer);
      |     ^~~~~~~~~~~~~~~~~~~~~~~~~~~~~~~~~~~
../Core/Src/display_ui.c: In function 'drawLevel2':
../Core/Src/display_ui.c:179:33: warning: ' = ' directive writing 3 bytes into a region of size between 2 and 4 [-Wformat-overflow=]
  179 |             sprintf(varStr, "x%d = ", i + 1);
      |                                 ^~~
../Core/Src/display_ui.c:179:13: note: 'sprintf' output between 6 and 8 bytes into a destination of size 6
  179 |             sprintf(varStr, "x%d = ", i + 1);
      |             ^~~~~~~~~~~~~~~~~~~~~~~~~~~~~~~~
arm-none-eabi-gcc -o "ComplexCalcProject.elf" @"objects.list"   -mcpu=cortex-m4 -T"C:\Users\dasre\Documents\Knowledge-db\ghFiles\pycodes\ComplexCalc\Py-ComplexCalc\OtherCalcs\HW Version\BlackPill STM32F411CE\04ComplexCalcProject\STM32F411CEUX_FLASH.ld" --specs=nosys.specs -Wl,-Map="ComplexCalcProject.map" -Wl,--gc-sections -static --specs=nano.specs -mfpu=fpv4-sp-d16 -mfloat-abi=hard -mthumb -u _printf_float -Wl,--start-group -lc -lm -Wl,--end-group
Finished building target: ComplexCalcProject.elf
 
arm-none-eabi-size  ComplexCalcProject.elf 
arm-none-eabi-objdump -h -S ComplexCalcProject.elf  > "ComplexCalcProject.list"
   text	   data	    bss	    dec	    hex	filename
  38904	    628	   2212	  41744	   a310	ComplexCalcProject.elf
Finished building: default.size.stdout
 
Finished building: ComplexCalcProject.list
 
21:37:32 **** Incremental Build of configuration Debug for project ComplexCalcProject ****
make -j8 all 
arm-none-eabi-size  ComplexCalcProject.elf 
   text	   data	    bss	    dec	    hex	filename
  38904	    628	   2212	  41744	   a310	ComplexCalcProject.elf
Finished building: default.size.stdout
 
21:38:04 **** Incremental Build of configuration Debug for project ComplexCalcProject ****
make -j8 all 
arm-none-eabi-size  ComplexCalcProject.elf 
   text	   data	    bss	    dec	    hex	filename
  38904	    628	   2212	  41744	   a310	ComplexCalcProject.elf
Finished building: default.size.stdout
 
21:39:58 **** Incremental Build of configuration Debug for project ComplexCalcProject ****
make -j8 all 
arm-none-eabi-gcc "../Core/Src/display_ui.c" -mcpu=cortex-m4 -std=gnu11 -g3 -DDEBUG -DUSE_HAL_DRIVER -DSTM32F411xE -c -I../Core/Inc -I../Drivers/STM32F4xx_HAL_Driver/Inc -I../Drivers/STM32F4xx_HAL_Driver/Inc/Legacy -I../Drivers/CMSIS/Device/ST/STM32F4xx/Include -I../Drivers/CMSIS/Include -O0 -ffunction-sections -fdata-sections -Wall -fstack-usage -fcyclomatic-complexity -MMD -MP -MF"Core/Src/display_ui.d" -MT"Core/Src/display_ui.o" --specs=nano.specs -mfpu=fpv4-sp-d16 -mfloat-abi=hard -mthumb -o "Core/Src/display_ui.o"
../Core/Src/display_ui.c: In function 'drawLevel0':
../Core/Src/display_ui.c:36:39: warning: '%s' directive writing up to 15 bytes into a region of size 11 [-Wformat-overflow=]
   36 |         sprintf(displayStr, "Sistema: %s", buffer);
      |                                       ^~   ~~~~~~
../Core/Src/display_ui.c:36:9: note: 'sprintf' output between 10 and 25 bytes into a destination of size 20
   36 |         sprintf(displayStr, "Sistema: %s", buffer);
      |         ^~~~~~~~~~~~~~~~~~~~~~~~~~~~~~~~~~~~~~~~~~
../Core/Src/display_ui.c: In function 'drawLevel1':
../Core/Src/display_ui.c:146:28: warning: '%s' directive writing up to 15 bytes into a region of size 11 [-Wformat-overflow=]
  146 |     sprintf(realStr, "Real %s", buffer);
      |                            ^~   ~~~~~~
../Core/Src/display_ui.c:146:5: note: 'sprintf' output between 6 and 21 bytes into a destination of size 16
  146 |     sprintf(realStr, "Real %s", buffer);
      |     ^~~~~~~~~~~~~~~~~~~~~~~~~~~~~~~~~~~
../Core/Src/display_ui.c:147:28: warning: '%s' directive writing up to 15 bytes into a region of size 11 [-Wformat-overflow=]
  147 |     sprintf(imagStr, "Imag %s", buffer);
      |                            ^~   ~~~~~~
../Core/Src/display_ui.c:147:5: note: 'sprintf' output between 6 and 21 bytes into a destination of size 16
  147 |     sprintf(imagStr, "Imag %s", buffer);
      |     ^~~~~~~~~~~~~~~~~~~~~~~~~~~~~~~~~~~
../Core/Src/display_ui.c: In function 'drawLevel2':
../Core/Src/display_ui.c:181:33: warning: ' = ' directive writing 3 bytes into a region of size between 2 and 4 [-Wformat-overflow=]
  181 |             sprintf(varStr, "x%d = ", i + 1);
      |                                 ^~~
../Core/Src/display_ui.c:181:13: note: 'sprintf' output between 6 and 8 bytes into a destination of size 6
  181 |             sprintf(varStr, "x%d = ", i + 1);
      |             ^~~~~~~~~~~~~~~~~~~~~~~~~~~~~~~~
arm-none-eabi-gcc -o "ComplexCalcProject.elf" @"objects.list"   -mcpu=cortex-m4 -T"C:\Users\dasre\Documents\Knowledge-db\ghFiles\pycodes\ComplexCalc\Py-ComplexCalc\OtherCalcs\HW Version\BlackPill STM32F411CE\04ComplexCalcProject\STM32F411CEUX_FLASH.ld" --specs=nosys.specs -Wl,-Map="ComplexCalcProject.map" -Wl,--gc-sections -static --specs=nano.specs -mfpu=fpv4-sp-d16 -mfloat-abi=hard -mthumb -u _printf_float -Wl,--start-group -lc -lm -Wl,--end-group
Finished building target: ComplexCalcProject.elf
 
arm-none-eabi-size  ComplexCalcProject.elf 
arm-none-eabi-objdump -h -S ComplexCalcProject.elf  > "ComplexCalcProject.list"
   text	   data	    bss	    dec	    hex	filename
  38904	    628	   2212	  41744	   a310	ComplexCalcProject.elf
Finished building: default.size.stdout
 
Finished building: ComplexCalcProject.list
 
21:41:26 **** Incremental Build of configuration Debug for project ComplexCalcProject ****
make -j8 all 
arm-none-eabi-gcc "../Core/Src/display_ui.c" -mcpu=cortex-m4 -std=gnu11 -g3 -DDEBUG -DUSE_HAL_DRIVER -DSTM32F411xE -c -I../Core/Inc -I../Drivers/STM32F4xx_HAL_Driver/Inc -I../Drivers/STM32F4xx_HAL_Driver/Inc/Legacy -I../Drivers/CMSIS/Device/ST/STM32F4xx/Include -I../Drivers/CMSIS/Include -O0 -ffunction-sections -fdata-sections -Wall -fstack-usage -fcyclomatic-complexity -MMD -MP -MF"Core/Src/display_ui.d" -MT"Core/Src/display_ui.o" --specs=nano.specs -mfpu=fpv4-sp-d16 -mfloat-abi=hard -mthumb -o "Core/Src/display_ui.o"
../Core/Src/display_ui.c: In function 'drawLevel0':
../Core/Src/display_ui.c:36:39: warning: '%s' directive writing up to 15 bytes into a region of size 11 [-Wformat-overflow=]
   36 |         sprintf(displayStr, "Sistema: %s", buffer);
      |                                       ^~   ~~~~~~
../Core/Src/display_ui.c:36:9: note: 'sprintf' output between 10 and 25 bytes into a destination of size 20
   36 |         sprintf(displayStr, "Sistema: %s", buffer);
      |         ^~~~~~~~~~~~~~~~~~~~~~~~~~~~~~~~~~~~~~~~~~
../Core/Src/display_ui.c: In function 'drawLevel1':
../Core/Src/display_ui.c:146:28: warning: '%s' directive writing up to 15 bytes into a region of size 11 [-Wformat-overflow=]
  146 |     sprintf(realStr, "Real %s", buffer);
      |                            ^~   ~~~~~~
../Core/Src/display_ui.c:146:5: note: 'sprintf' output between 6 and 21 bytes into a destination of size 16
  146 |     sprintf(realStr, "Real %s", buffer);
      |     ^~~~~~~~~~~~~~~~~~~~~~~~~~~~~~~~~~~
../Core/Src/display_ui.c:147:28: warning: '%s' directive writing up to 15 bytes into a region of size 11 [-Wformat-overflow=]
  147 |     sprintf(imagStr, "Imag %s", buffer);
      |                            ^~   ~~~~~~
../Core/Src/display_ui.c:147:5: note: 'sprintf' output between 6 and 21 bytes into a destination of size 16
  147 |     sprintf(imagStr, "Imag %s", buffer);
      |     ^~~~~~~~~~~~~~~~~~~~~~~~~~~~~~~~~~~
../Core/Src/display_ui.c: In function 'drawLevel2':
../Core/Src/display_ui.c:181:33: warning: ' = ' directive writing 3 bytes into a region of size between 2 and 4 [-Wformat-overflow=]
  181 |             sprintf(varStr, "x%d = ", i + 1);
      |                                 ^~~
../Core/Src/display_ui.c:181:13: note: 'sprintf' output between 6 and 8 bytes into a destination of size 6
  181 |             sprintf(varStr, "x%d = ", i + 1);
      |             ^~~~~~~~~~~~~~~~~~~~~~~~~~~~~~~~
arm-none-eabi-gcc -o "ComplexCalcProject.elf" @"objects.list"   -mcpu=cortex-m4 -T"C:\Users\dasre\Documents\Knowledge-db\ghFiles\pycodes\ComplexCalc\Py-ComplexCalc\OtherCalcs\HW Version\BlackPill STM32F411CE\04ComplexCalcProject\STM32F411CEUX_FLASH.ld" --specs=nosys.specs -Wl,-Map="ComplexCalcProject.map" -Wl,--gc-sections -static --specs=nano.specs -mfpu=fpv4-sp-d16 -mfloat-abi=hard -mthumb -u _printf_float -Wl,--start-group -lc -lm -Wl,--end-group
Finished building target: ComplexCalcProject.elf
 
arm-none-eabi-size  ComplexCalcProject.elf 
arm-none-eabi-objdump -h -S ComplexCalcProject.elf  > "ComplexCalcProject.list"
   text	   data	    bss	    dec	    hex	filename
  38904	    628	   2212	  41744	   a310	ComplexCalcProject.elf
Finished building: default.size.stdout
 
Finished building: ComplexCalcProject.list
 
21:43:42 **** Incremental Build of configuration Debug for project ComplexCalcProject ****
make -j8 all 
arm-none-eabi-gcc "../Core/Src/display_ui.c" -mcpu=cortex-m4 -std=gnu11 -g3 -DDEBUG -DUSE_HAL_DRIVER -DSTM32F411xE -c -I../Core/Inc -I../Drivers/STM32F4xx_HAL_Driver/Inc -I../Drivers/STM32F4xx_HAL_Driver/Inc/Legacy -I../Drivers/CMSIS/Device/ST/STM32F4xx/Include -I../Drivers/CMSIS/Include -O0 -ffunction-sections -fdata-sections -Wall -fstack-usage -fcyclomatic-complexity -MMD -MP -MF"Core/Src/display_ui.d" -MT"Core/Src/display_ui.o" --specs=nano.specs -mfpu=fpv4-sp-d16 -mfloat-abi=hard -mthumb -o "Core/Src/display_ui.o"
../Core/Src/display_ui.c: In function 'drawLevel0':
../Core/Src/display_ui.c:36:39: warning: '%s' directive writing up to 15 bytes into a region of size 11 [-Wformat-overflow=]
   36 |         sprintf(displayStr, "Sistema: %s", buffer);
      |                                       ^~   ~~~~~~
../Core/Src/display_ui.c:36:9: note: 'sprintf' output between 10 and 25 bytes into a destination of size 20
   36 |         sprintf(displayStr, "Sistema: %s", buffer);
      |         ^~~~~~~~~~~~~~~~~~~~~~~~~~~~~~~~~~~~~~~~~~
../Core/Src/display_ui.c: In function 'drawLevel1':
../Core/Src/display_ui.c:146:28: warning: '%s' directive writing up to 15 bytes into a region of size 11 [-Wformat-overflow=]
  146 |     sprintf(realStr, "Real %s", buffer);
      |                            ^~   ~~~~~~
../Core/Src/display_ui.c:146:5: note: 'sprintf' output between 6 and 21 bytes into a destination of size 16
  146 |     sprintf(realStr, "Real %s", buffer);
      |     ^~~~~~~~~~~~~~~~~~~~~~~~~~~~~~~~~~~
../Core/Src/display_ui.c:147:28: warning: '%s' directive writing up to 15 bytes into a region of size 11 [-Wformat-overflow=]
  147 |     sprintf(imagStr, "Imag %s", buffer);
      |                            ^~   ~~~~~~
../Core/Src/display_ui.c:147:5: note: 'sprintf' output between 6 and 21 bytes into a destination of size 16
  147 |     sprintf(imagStr, "Imag %s", buffer);
      |     ^~~~~~~~~~~~~~~~~~~~~~~~~~~~~~~~~~~
../Core/Src/display_ui.c: In function 'drawLevel2':
../Core/Src/display_ui.c:181:33: warning: ' = ' directive writing 3 bytes into a region of size between 2 and 4 [-Wformat-overflow=]
  181 |             sprintf(varStr, "x%d = ", i + 1);
      |                                 ^~~
../Core/Src/display_ui.c:181:13: note: 'sprintf' output between 6 and 8 bytes into a destination of size 6
  181 |             sprintf(varStr, "x%d = ", i + 1);
      |             ^~~~~~~~~~~~~~~~~~~~~~~~~~~~~~~~
arm-none-eabi-gcc -o "ComplexCalcProject.elf" @"objects.list"   -mcpu=cortex-m4 -T"C:\Users\dasre\Documents\Knowledge-db\ghFiles\pycodes\ComplexCalc\Py-ComplexCalc\OtherCalcs\HW Version\BlackPill STM32F411CE\04ComplexCalcProject\STM32F411CEUX_FLASH.ld" --specs=nosys.specs -Wl,-Map="ComplexCalcProject.map" -Wl,--gc-sections -static --specs=nano.specs -mfpu=fpv4-sp-d16 -mfloat-abi=hard -mthumb -u _printf_float -Wl,--start-group -lc -lm -Wl,--end-group
Finished building target: ComplexCalcProject.elf
 
arm-none-eabi-size  ComplexCalcProject.elf 
arm-none-eabi-objdump -h -S ComplexCalcProject.elf  > "ComplexCalcProject.list"
   text	   data	    bss	    dec	    hex	filename
  38904	    628	   2212	  41744	   a310	ComplexCalcProject.elf
Finished building: default.size.stdout
 
Finished building: ComplexCalcProject.list
 
21:45:55 **** Incremental Build of configuration Debug for project ComplexCalcProject ****
make -j8 all 
arm-none-eabi-size  ComplexCalcProject.elf 
   text	   data	    bss	    dec	    hex	filename
  38904	    628	   2212	  41744	   a310	ComplexCalcProject.elf
Finished building: default.size.stdout
 
21:48:35 **** Incremental Build of configuration Debug for project ComplexCalcProject ****
make -j8 all 
arm-none-eabi-size  ComplexCalcProject.elf 
   text	   data	    bss	    dec	    hex	filename
  38904	    628	   2212	  41744	   a310	ComplexCalcProject.elf
Finished building: default.size.stdout
 
21:58:35 **** Incremental Build of configuration Debug for project ComplexCalcProject ****
make -j8 all 
arm-none-eabi-gcc "../Core/Src/0main.c" -mcpu=cortex-m4 -std=gnu11 -g3 -DDEBUG -DUSE_HAL_DRIVER -DSTM32F411xE -c -I../Core/Inc -I../Drivers/STM32F4xx_HAL_Driver/Inc -I../Drivers/STM32F4xx_HAL_Driver/Inc/Legacy -I../Drivers/CMSIS/Device/ST/STM32F4xx/Include -I../Drivers/CMSIS/Include -O0 -ffunction-sections -fdata-sections -Wall -fstack-usage -fcyclomatic-complexity -MMD -MP -MF"Core/Src/0main.d" -MT"Core/Src/0main.o" --specs=nano.specs -mfpu=fpv4-sp-d16 -mfloat-abi=hard -mthumb -o "Core/Src/0main.o"
arm-none-eabi-gcc "../Core/Src/display_ui.c" -mcpu=cortex-m4 -std=gnu11 -g3 -DDEBUG -DUSE_HAL_DRIVER -DSTM32F411xE -c -I../Core/Inc -I../Drivers/STM32F4xx_HAL_Driver/Inc -I../Drivers/STM32F4xx_HAL_Driver/Inc/Legacy -I../Drivers/CMSIS/Device/ST/STM32F4xx/Include -I../Drivers/CMSIS/Include -O0 -ffunction-sections -fdata-sections -Wall -fstack-usage -fcyclomatic-complexity -MMD -MP -MF"Core/Src/display_ui.d" -MT"Core/Src/display_ui.o" --specs=nano.specs -mfpu=fpv4-sp-d16 -mfloat-abi=hard -mthumb -o "Core/Src/display_ui.o"
../Core/Src/0main.c: In function 'main':
../Core/Src/0main.c:89:13: warning: implicit declaration of function 'drawLevel0' [-Wimplicit-function-declaration]
   89 |             drawLevel0();
      |             ^~~~~~~~~~
../Core/Src/0main.c:126:13: warning: implicit declaration of function 'drawLevel1' [-Wimplicit-function-declaration]
  126 |             drawLevel1(colMat, rowMat, navigating);
      |             ^~~~~~~~~~
../Core/Src/display_ui.c: In function 'drawLevel0':
../Core/Src/display_ui.c:37:39: warning: '%s' directive writing up to 15 bytes into a region of size 11 [-Wformat-overflow=]
   37 |         sprintf(displayStr, "Sistema: %s", buffer);
      |                                       ^~   ~~~~~~
../Core/Src/display_ui.c:37:9: note: 'sprintf' output between 10 and 25 bytes into a destination of size 20
   37 |         sprintf(displayStr, "Sistema: %s", buffer);
      |         ^~~~~~~~~~~~~~~~~~~~~~~~~~~~~~~~~~~~~~~~~~
../Core/Src/0main.c:215:9: warning: implicit declaration of function 'drawLevel2' [-Wimplicit-function-declaration]
  215 |         drawLevel2(success == 0);
      |         ^~~~~~~~~~
../Core/Src/display_ui.c: In function 'drawLevel1':
../Core/Src/display_ui.c:159:36: warning: '%s' directive writing up to 15 bytes into a region of size 11 [-Wformat-overflow=]
  159 |             sprintf(imagStr, "Imag %s", buffer);
      |                                    ^~   ~~~~~~
../Core/Src/display_ui.c:159:13: note: 'sprintf' output between 6 and 21 bytes into a destination of size 16
  159 |             sprintf(imagStr, "Imag %s", buffer);
      |             ^~~~~~~~~~~~~~~~~~~~~~~~~~~~~~~~~~~
../Core/Src/display_ui.c:154:36: warning: '%s' directive writing up to 15 bytes into a region of size 11 [-Wformat-overflow=]
  154 |             sprintf(realStr, "Real %s", buffer);
      |                                    ^~   ~~~~~~
../Core/Src/display_ui.c:154:13: note: 'sprintf' output between 6 and 21 bytes into a destination of size 16
  154 |             sprintf(realStr, "Real %s", buffer);
      |             ^~~~~~~~~~~~~~~~~~~~~~~~~~~~~~~~~~~
../Core/Src/0main.c: In function 'readPad':
../Core/Src/0main.c:241:9: warning: cast from pointer to integer of different size [-Wpointer-to-int-cast]
  241 |     if ((unsigned char)keypress == 0x27) return 0;
      |         ^
../Core/Src/display_ui.c: In function 'drawLevel2':
../Core/Src/display_ui.c:192:33: warning: ' = ' directive writing 3 bytes into a region of size between 2 and 4 [-Wformat-overflow=]
  192 |             sprintf(varStr, "x%d = ", i + 1);
      |                                 ^~~
../Core/Src/display_ui.c:192:13: note: 'sprintf' output between 6 and 8 bytes into a destination of size 6
  192 |             sprintf(varStr, "x%d = ", i + 1);
      |             ^~~~~~~~~~~~~~~~~~~~~~~~~~~~~~~~
../Core/Src/0main.c: At top level:
../Core/Src/0main.c:32:23: warning: 'TestImage' defined but not used [-Wunused-const-variable=]
   32 | static const uint16_t TestImage [] ={
      |                       ^~~~~~~~~
arm-none-eabi-gcc -o "ComplexCalcProject.elf" @"objects.list"   -mcpu=cortex-m4 -T"C:\Users\dasre\Documents\Knowledge-db\ghFiles\pycodes\ComplexCalc\Py-ComplexCalc\OtherCalcs\HW Version\BlackPill STM32F411CE\04ComplexCalcProject\STM32F411CEUX_FLASH.ld" --specs=nosys.specs -Wl,-Map="ComplexCalcProject.map" -Wl,--gc-sections -static --specs=nano.specs -mfpu=fpv4-sp-d16 -mfloat-abi=hard -mthumb -u _printf_float -Wl,--start-group -lc -lm -Wl,--end-group
Finished building target: ComplexCalcProject.elf
 
arm-none-eabi-size  ComplexCalcProject.elf 
arm-none-eabi-objdump -h -S ComplexCalcProject.elf  > "ComplexCalcProject.list"
   text	   data	    bss	    dec	    hex	filename
  38984	    628	   2232	  41844	   a374	ComplexCalcProject.elf
Finished building: default.size.stdout
 
Finished building: ComplexCalcProject.list
 
22:03:43 **** Incremental Build of configuration Debug for project ComplexCalcProject ****
make -j8 all 
arm-none-eabi-gcc "../Core/Src/display_ui.c" -mcpu=cortex-m4 -std=gnu11 -g3 -DDEBUG -DUSE_HAL_DRIVER -DSTM32F411xE -c -I../Core/Inc -I../Drivers/STM32F4xx_HAL_Driver/Inc -I../Drivers/STM32F4xx_HAL_Driver/Inc/Legacy -I../Drivers/CMSIS/Device/ST/STM32F4xx/Include -I../Drivers/CMSIS/Include -O0 -ffunction-sections -fdata-sections -Wall -fstack-usage -fcyclomatic-complexity -MMD -MP -MF"Core/Src/display_ui.d" -MT"Core/Src/display_ui.o" --specs=nano.specs -mfpu=fpv4-sp-d16 -mfloat-abi=hard -mthumb -o "Core/Src/display_ui.o"
../Core/Src/display_ui.c: In function 'drawLevel1':
../Core/Src/display_ui.c:149:39: warning: format '%f' expects argument of type 'double', but argument 3 has type 'int' [-Wformat=]
  149 |             sprintf(realStr, "Real %.4f", 0);
      |                                    ~~~^   ~
      |                                       |   |
      |                                       |   int
      |                                       double
      |                                    %.4d
../Core/Src/display_ui.c:150:39: warning: format '%f' expects argument of type 'double', but argument 3 has type 'int' [-Wformat=]
  150 |             sprintf(imagStr, "Imag %.4f", 0);
      |                                    ~~~^   ~
      |                                       |   |
      |                                       |   int
      |                                       double
      |                                    %.4d
../Core/Src/display_ui.c:154:39: warning: format '%f' expects argument of type 'double', but argument 3 has type 'int' [-Wformat=]
  154 |             sprintf(imagStr, "Imag %.4f", 0);
      |                                    ~~~^   ~
      |                                       |   |
      |                                       |   int
      |                                       double
      |                                    %.4d
../Core/Src/display_ui.c: In function 'drawLevel0':
../Core/Src/display_ui.c:37:39: warning: '%s' directive writing up to 15 bytes into a region of size 11 [-Wformat-overflow=]
   37 |         sprintf(displayStr, "Sistema: %s", buffer);
      |                                       ^~   ~~~~~~
../Core/Src/display_ui.c:37:9: note: 'sprintf' output between 10 and 25 bytes into a destination of size 20
   37 |         sprintf(displayStr, "Sistema: %s", buffer);
      |         ^~~~~~~~~~~~~~~~~~~~~~~~~~~~~~~~~~~~~~~~~~
../Core/Src/display_ui.c: In function 'drawLevel1':
../Core/Src/display_ui.c:161:36: warning: '%s' directive writing up to 15 bytes into a region of size 11 [-Wformat-overflow=]
  161 |             sprintf(imagStr, "Imag %s", buffer);
      |                                    ^~   ~~~~~~
../Core/Src/display_ui.c:161:13: note: 'sprintf' output between 6 and 21 bytes into a destination of size 16
  161 |             sprintf(imagStr, "Imag %s", buffer);
      |             ^~~~~~~~~~~~~~~~~~~~~~~~~~~~~~~~~~~
../Core/Src/display_ui.c:157:36: warning: '%s' directive writing up to 15 bytes into a region of size 11 [-Wformat-overflow=]
  157 |             sprintf(imagStr, "Imag %s", buffer);
      |                                    ^~   ~~~~~~
../Core/Src/display_ui.c:157:13: note: 'sprintf' output between 6 and 21 bytes into a destination of size 16
  157 |             sprintf(imagStr, "Imag %s", buffer);
      |             ^~~~~~~~~~~~~~~~~~~~~~~~~~~~~~~~~~~
../Core/Src/display_ui.c:153:36: warning: '%s' directive writing up to 15 bytes into a region of size 11 [-Wformat-overflow=]
  153 |             sprintf(realStr, "Real %s", buffer);
      |                                    ^~   ~~~~~~
../Core/Src/display_ui.c:153:13: note: 'sprintf' output between 6 and 21 bytes into a destination of size 16
  153 |             sprintf(realStr, "Real %s", buffer);
      |             ^~~~~~~~~~~~~~~~~~~~~~~~~~~~~~~~~~~
../Core/Src/display_ui.c: In function 'drawLevel2':
../Core/Src/display_ui.c:194:33: warning: ' = ' directive writing 3 bytes into a region of size between 2 and 4 [-Wformat-overflow=]
  194 |             sprintf(varStr, "x%d = ", i + 1);
      |                                 ^~~
../Core/Src/display_ui.c:194:13: note: 'sprintf' output between 6 and 8 bytes into a destination of size 6
  194 |             sprintf(varStr, "x%d = ", i + 1);
      |             ^~~~~~~~~~~~~~~~~~~~~~~~~~~~~~~~
arm-none-eabi-gcc -o "ComplexCalcProject.elf" @"objects.list"   -mcpu=cortex-m4 -T"C:\Users\dasre\Documents\Knowledge-db\ghFiles\pycodes\ComplexCalc\Py-ComplexCalc\OtherCalcs\HW Version\BlackPill STM32F411CE\04ComplexCalcProject\STM32F411CEUX_FLASH.ld" --specs=nosys.specs -Wl,-Map="ComplexCalcProject.map" -Wl,--gc-sections -static --specs=nano.specs -mfpu=fpv4-sp-d16 -mfloat-abi=hard -mthumb -u _printf_float -Wl,--start-group -lc -lm -Wl,--end-group
Finished building target: ComplexCalcProject.elf
 
arm-none-eabi-size  ComplexCalcProject.elf 
arm-none-eabi-objdump -h -S ComplexCalcProject.elf  > "ComplexCalcProject.list"
   text	   data	    bss	    dec	    hex	filename
  39048	    628	   2212	  41888	   a3a0	ComplexCalcProject.elf
Finished building: default.size.stdout
 
Finished building: ComplexCalcProject.list
 
22:09:28 **** Incremental Build of configuration Debug for project ComplexCalcProject ****
make -j8 all 
arm-none-eabi-gcc "../Core/Src/display_ui.c" -mcpu=cortex-m4 -std=gnu11 -g3 -DDEBUG -DUSE_HAL_DRIVER -DSTM32F411xE -c -I../Core/Inc -I../Drivers/STM32F4xx_HAL_Driver/Inc -I../Drivers/STM32F4xx_HAL_Driver/Inc/Legacy -I../Drivers/CMSIS/Device/ST/STM32F4xx/Include -I../Drivers/CMSIS/Include -O0 -ffunction-sections -fdata-sections -Wall -fstack-usage -fcyclomatic-complexity -MMD -MP -MF"Core/Src/display_ui.d" -MT"Core/Src/display_ui.o" --specs=nano.specs -mfpu=fpv4-sp-d16 -mfloat-abi=hard -mthumb -o "Core/Src/display_ui.o"
../Core/Src/display_ui.c: In function 'drawLevel1':
../Core/Src/display_ui.c:150:39: warning: format '%f' expects argument of type 'double', but argument 3 has type 'int' [-Wformat=]
  150 |             sprintf(imagStr, "Imag %.4f", 0);
      |                                    ~~~^   ~
      |                                       |   |
      |                                       |   int
      |                                       double
      |                                    %.4d
../Core/Src/display_ui.c:154:39: warning: format '%f' expects argument of type 'double', but argument 3 has type 'int' [-Wformat=]
  154 |             sprintf(imagStr, "Imag %.4f", 0);
      |                                    ~~~^   ~
      |                                       |   |
      |                                       |   int
      |                                       double
      |                                    %.4d
../Core/Src/display_ui.c: In function 'drawLevel0':
../Core/Src/display_ui.c:37:39: warning: '%s' directive writing up to 15 bytes into a region of size 11 [-Wformat-overflow=]
   37 |         sprintf(displayStr, "Sistema: %s", buffer);
      |                                       ^~   ~~~~~~
../Core/Src/display_ui.c:37:9: note: 'sprintf' output between 10 and 25 bytes into a destination of size 20
   37 |         sprintf(displayStr, "Sistema: %s", buffer);
      |         ^~~~~~~~~~~~~~~~~~~~~~~~~~~~~~~~~~~~~~~~~~
../Core/Src/display_ui.c: In function 'drawLevel1':
../Core/Src/display_ui.c:161:36: warning: '%s' directive writing up to 15 bytes into a region of size 11 [-Wformat-overflow=]
  161 |             sprintf(imagStr, "Imag %s", buffer);
      |                                    ^~   ~~~~~~
../Core/Src/display_ui.c:161:13: note: 'sprintf' output between 6 and 21 bytes into a destination of size 16
  161 |             sprintf(imagStr, "Imag %s", buffer);
      |             ^~~~~~~~~~~~~~~~~~~~~~~~~~~~~~~~~~~
../Core/Src/display_ui.c:157:36: warning: '%s' directive writing up to 15 bytes into a region of size 11 [-Wformat-overflow=]
  157 |             sprintf(imagStr, "Imag %s", buffer);
      |                                    ^~   ~~~~~~
../Core/Src/display_ui.c:157:13: note: 'sprintf' output between 6 and 21 bytes into a destination of size 16
  157 |             sprintf(imagStr, "Imag %s", buffer);
      |             ^~~~~~~~~~~~~~~~~~~~~~~~~~~~~~~~~~~
../Core/Src/display_ui.c:153:36: warning: '%s' directive writing up to 15 bytes into a region of size 11 [-Wformat-overflow=]
  153 |             sprintf(realStr, "Real %s", buffer);
      |                                    ^~   ~~~~~~
../Core/Src/display_ui.c:153:13: note: 'sprintf' output between 6 and 21 bytes into a destination of size 16
  153 |             sprintf(realStr, "Real %s", buffer);
      |             ^~~~~~~~~~~~~~~~~~~~~~~~~~~~~~~~~~~
../Core/Src/display_ui.c: In function 'drawLevel2':
../Core/Src/display_ui.c:194:33: warning: ' = ' directive writing 3 bytes into a region of size between 2 and 4 [-Wformat-overflow=]
  194 |             sprintf(varStr, "x%d = ", i + 1);
      |                                 ^~~
../Core/Src/display_ui.c:194:13: note: 'sprintf' output between 6 and 8 bytes into a destination of size 6
  194 |             sprintf(varStr, "x%d = ", i + 1);
      |             ^~~~~~~~~~~~~~~~~~~~~~~~~~~~~~~~
arm-none-eabi-gcc -o "ComplexCalcProject.elf" @"objects.list"   -mcpu=cortex-m4 -T"C:\Users\dasre\Documents\Knowledge-db\ghFiles\pycodes\ComplexCalc\Py-ComplexCalc\OtherCalcs\HW Version\BlackPill STM32F411CE\04ComplexCalcProject\STM32F411CEUX_FLASH.ld" --specs=nosys.specs -Wl,-Map="ComplexCalcProject.map" -Wl,--gc-sections -static --specs=nano.specs -mfpu=fpv4-sp-d16 -mfloat-abi=hard -mthumb -u _printf_float -Wl,--start-group -lc -lm -Wl,--end-group
Finished building target: ComplexCalcProject.elf
 
arm-none-eabi-size  ComplexCalcProject.elf 
arm-none-eabi-objdump -h -S ComplexCalcProject.elf  > "ComplexCalcProject.list"
   text	   data	    bss	    dec	    hex	filename
  39072	    628	   2212	  41912	   a3b8	ComplexCalcProject.elf
Finished building: default.size.stdout
 
Finished building: ComplexCalcProject.list
 
22:11:46 **** Incremental Build of configuration Debug for project ComplexCalcProject ****
make -j8 all 
arm-none-eabi-size  ComplexCalcProject.elf 
   text	   data	    bss	    dec	    hex	filename
  39072	    628	   2212	  41912	   a3b8	ComplexCalcProject.elf
Finished building: default.size.stdout
 
22:16:40 **** Incremental Build of configuration Debug for project ComplexCalcProject ****
make -j8 all 
arm-none-eabi-gcc "../Core/Src/0main.c" -mcpu=cortex-m4 -std=gnu11 -g3 -DDEBUG -DUSE_HAL_DRIVER -DSTM32F411xE -c -I../Core/Inc -I../Drivers/STM32F4xx_HAL_Driver/Inc -I../Drivers/STM32F4xx_HAL_Driver/Inc/Legacy -I../Drivers/CMSIS/Device/ST/STM32F4xx/Include -I../Drivers/CMSIS/Include -O0 -ffunction-sections -fdata-sections -Wall -fstack-usage -fcyclomatic-complexity -MMD -MP -MF"Core/Src/0main.d" -MT"Core/Src/0main.o" --specs=nano.specs -mfpu=fpv4-sp-d16 -mfloat-abi=hard -mthumb -o "Core/Src/0main.o"
../Core/Src/0main.c: In function 'main':
../Core/Src/0main.c:89:13: warning: implicit declaration of function 'drawLevel0' [-Wimplicit-function-declaration]
   89 |             drawLevel0();
      |             ^~~~~~~~~~
../Core/Src/0main.c:126:13: warning: implicit declaration of function 'drawLevel1' [-Wimplicit-function-declaration]
  126 |             drawLevel1(colMat, rowMat, navigating);
      |             ^~~~~~~~~~
../Core/Src/0main.c:214:9: warning: implicit declaration of function 'drawLevel2' [-Wimplicit-function-declaration]
  214 |         drawLevel2(success == 0);
      |         ^~~~~~~~~~
../Core/Src/0main.c: In function 'readPad':
../Core/Src/0main.c:240:9: warning: cast from pointer to integer of different size [-Wpointer-to-int-cast]
  240 |     if ((unsigned char)keypress == 0x27) return 0;
      |         ^
../Core/Src/0main.c: At top level:
../Core/Src/0main.c:32:23: warning: 'TestImage' defined but not used [-Wunused-const-variable=]
   32 | static const uint16_t TestImage [] ={
      |                       ^~~~~~~~~
arm-none-eabi-gcc -o "ComplexCalcProject.elf" @"objects.list"   -mcpu=cortex-m4 -T"C:\Users\dasre\Documents\Knowledge-db\ghFiles\pycodes\ComplexCalc\Py-ComplexCalc\OtherCalcs\HW Version\BlackPill STM32F411CE\04ComplexCalcProject\STM32F411CEUX_FLASH.ld" --specs=nosys.specs -Wl,-Map="ComplexCalcProject.map" -Wl,--gc-sections -static --specs=nano.specs -mfpu=fpv4-sp-d16 -mfloat-abi=hard -mthumb -u _printf_float -Wl,--start-group -lc -lm -Wl,--end-group
Finished building target: ComplexCalcProject.elf
 
arm-none-eabi-size  ComplexCalcProject.elf 
arm-none-eabi-objdump -h -S ComplexCalcProject.elf  > "ComplexCalcProject.list"
   text	   data	    bss	    dec	    hex	filename
  39088	    628	   2212	  41928	   a3c8	ComplexCalcProject.elf
Finished building: default.size.stdout
 
Finished building: ComplexCalcProject.list
 
22:22:06 **** Incremental Build of configuration Debug for project ComplexCalcProject ****
make -j8 all 
arm-none-eabi-gcc "../Core/Src/display_ui.c" -mcpu=cortex-m4 -std=gnu11 -g3 -DDEBUG -DUSE_HAL_DRIVER -DSTM32F411xE -c -I../Core/Inc -I../Drivers/STM32F4xx_HAL_Driver/Inc -I../Drivers/STM32F4xx_HAL_Driver/Inc/Legacy -I../Drivers/CMSIS/Device/ST/STM32F4xx/Include -I../Drivers/CMSIS/Include -O0 -ffunction-sections -fdata-sections -Wall -fstack-usage -fcyclomatic-complexity -MMD -MP -MF"Core/Src/display_ui.d" -MT"Core/Src/display_ui.o" --specs=nano.specs -mfpu=fpv4-sp-d16 -mfloat-abi=hard -mthumb -o "Core/Src/display_ui.o"
../Core/Src/display_ui.c: In function 'drawLevel1':
../Core/Src/display_ui.c:150:39: warning: format '%f' expects argument of type 'double', but argument 3 has type 'int' [-Wformat=]
  150 |             sprintf(imagStr, "Imag %.4f", 0);
      |                                    ~~~^   ~
      |                                       |   |
      |                                       |   int
      |                                       double
      |                                    %.4d
../Core/Src/display_ui.c:156:39: warning: format '%f' expects argument of type 'double', but argument 3 has type 'int' [-Wformat=]
  156 |             sprintf(imagStr, "Imag %.4f", 0);
      |                                    ~~~^   ~
      |                                       |   |
      |                                       |   int
      |                                       double
      |                                    %.4d
../Core/Src/display_ui.c: In function 'drawLevel0':
../Core/Src/display_ui.c:37:39: warning: '%s' directive writing up to 15 bytes into a region of size 11 [-Wformat-overflow=]
   37 |         sprintf(displayStr, "Sistema: %s", buffer);
      |                                       ^~   ~~~~~~
../Core/Src/display_ui.c:37:9: note: 'sprintf' output between 10 and 25 bytes into a destination of size 20
   37 |         sprintf(displayStr, "Sistema: %s", buffer);
      |         ^~~~~~~~~~~~~~~~~~~~~~~~~~~~~~~~~~~~~~~~~~
../Core/Src/display_ui.c: In function 'drawLevel1':
../Core/Src/display_ui.c:166:36: warning: '%s' directive writing up to 15 bytes into a region of size 11 [-Wformat-overflow=]
  166 |             sprintf(imagStr, "Imag %s", buffer);
      |                                    ^~   ~~~~~~
../Core/Src/display_ui.c:166:13: note: 'sprintf' output between 6 and 21 bytes into a destination of size 16
  166 |             sprintf(imagStr, "Imag %s", buffer);
      |             ^~~~~~~~~~~~~~~~~~~~~~~~~~~~~~~~~~~
../Core/Src/display_ui.c:160:36: warning: '%s' directive writing up to 15 bytes into a region of size 11 [-Wformat-overflow=]
  160 |             sprintf(imagStr, "Imag %s", buffer);
      |                                    ^~   ~~~~~~
../Core/Src/display_ui.c:160:13: note: 'sprintf' output between 6 and 21 bytes into a destination of size 16
  160 |             sprintf(imagStr, "Imag %s", buffer);
      |             ^~~~~~~~~~~~~~~~~~~~~~~~~~~~~~~~~~~
../Core/Src/display_ui.c:153:36: warning: '%s' directive writing up to 15 bytes into a region of size 11 [-Wformat-overflow=]
  153 |             sprintf(realStr, "Real %s", buffer);
      |                                    ^~   ~~~~~~
../Core/Src/display_ui.c:153:13: note: 'sprintf' output between 6 and 21 bytes into a destination of size 16
  153 |             sprintf(realStr, "Real %s", buffer);
      |             ^~~~~~~~~~~~~~~~~~~~~~~~~~~~~~~~~~~
../Core/Src/display_ui.c: In function 'drawLevel2':
../Core/Src/display_ui.c:201:33: warning: ' = ' directive writing 3 bytes into a region of size between 2 and 4 [-Wformat-overflow=]
  201 |             sprintf(varStr, "x%d = ", i + 1);
      |                                 ^~~
../Core/Src/display_ui.c:201:13: note: 'sprintf' output between 6 and 8 bytes into a destination of size 6
  201 |             sprintf(varStr, "x%d = ", i + 1);
      |             ^~~~~~~~~~~~~~~~~~~~~~~~~~~~~~~~
arm-none-eabi-gcc -o "ComplexCalcProject.elf" @"objects.list"   -mcpu=cortex-m4 -T"C:\Users\dasre\Documents\Knowledge-db\ghFiles\pycodes\ComplexCalc\Py-ComplexCalc\OtherCalcs\HW Version\BlackPill STM32F411CE\04ComplexCalcProject\STM32F411CEUX_FLASH.ld" --specs=nosys.specs -Wl,-Map="ComplexCalcProject.map" -Wl,--gc-sections -static --specs=nano.specs -mfpu=fpv4-sp-d16 -mfloat-abi=hard -mthumb -u _printf_float -Wl,--start-group -lc -lm -Wl,--end-group
Finished building target: ComplexCalcProject.elf
 
arm-none-eabi-size  ComplexCalcProject.elf 
arm-none-eabi-objdump -h -S ComplexCalcProject.elf  > "ComplexCalcProject.list"
   text	   data	    bss	    dec	    hex	filename
  39224	    628	   2212	  42064	   a450	ComplexCalcProject.elf
Finished building: default.size.stdout
 
Finished building: ComplexCalcProject.list
 
22:25:19 **** Incremental Build of configuration Debug for project ComplexCalcProject ****
make -j8 all 
arm-none-eabi-gcc "../Core/Src/display_ui.c" -mcpu=cortex-m4 -std=gnu11 -g3 -DDEBUG -DUSE_HAL_DRIVER -DSTM32F411xE -c -I../Core/Inc -I../Drivers/STM32F4xx_HAL_Driver/Inc -I../Drivers/STM32F4xx_HAL_Driver/Inc/Legacy -I../Drivers/CMSIS/Device/ST/STM32F4xx/Include -I../Drivers/CMSIS/Include -O0 -ffunction-sections -fdata-sections -Wall -fstack-usage -fcyclomatic-complexity -MMD -MP -MF"Core/Src/display_ui.d" -MT"Core/Src/display_ui.o" --specs=nano.specs -mfpu=fpv4-sp-d16 -mfloat-abi=hard -mthumb -o "Core/Src/display_ui.o"
../Core/Src/display_ui.c: In function 'drawLevel1':
../Core/Src/display_ui.c:150:39: warning: format '%f' expects argument of type 'double', but argument 3 has type 'int' [-Wformat=]
  150 |             sprintf(imagStr, "Imag %.4f", 0);
      |                                    ~~~^   ~
      |                                       |   |
      |                                       |   int
      |                                       double
      |                                    %.4d
../Core/Src/display_ui.c:156:39: warning: format '%f' expects argument of type 'double', but argument 3 has type 'int' [-Wformat=]
  156 |             sprintf(imagStr, "Imag %.4f", 0);
      |                                    ~~~^   ~
      |                                       |   |
      |                                       |   int
      |                                       double
      |                                    %.4d
../Core/Src/display_ui.c: In function 'drawLevel0':
../Core/Src/display_ui.c:37:39: warning: '%s' directive writing up to 15 bytes into a region of size 11 [-Wformat-overflow=]
   37 |         sprintf(displayStr, "Sistema: %s", buffer);
      |                                       ^~   ~~~~~~
../Core/Src/display_ui.c:37:9: note: 'sprintf' output between 10 and 25 bytes into a destination of size 20
   37 |         sprintf(displayStr, "Sistema: %s", buffer);
      |         ^~~~~~~~~~~~~~~~~~~~~~~~~~~~~~~~~~~~~~~~~~
../Core/Src/display_ui.c: In function 'drawLevel1':
../Core/Src/display_ui.c:153:36: warning: '%s' directive writing up to 15 bytes into a region of size 11 [-Wformat-overflow=]
  153 |             sprintf(realStr, "Real %s", buffer);
      |                                    ^~   ~~~~~~
../Core/Src/display_ui.c:153:13: note: 'sprintf' output between 6 and 21 bytes into a destination of size 16
  153 |             sprintf(realStr, "Real %s", buffer);
      |             ^~~~~~~~~~~~~~~~~~~~~~~~~~~~~~~~~~~
../Core/Src/display_ui.c:166:36: warning: '%s' directive writing up to 15 bytes into a region of size 11 [-Wformat-overflow=]
  166 |             sprintf(imagStr, "Imag %s", buffer);
      |                                    ^~   ~~~~~~
../Core/Src/display_ui.c:166:13: note: 'sprintf' output between 6 and 21 bytes into a destination of size 16
  166 |             sprintf(imagStr, "Imag %s", buffer);
      |             ^~~~~~~~~~~~~~~~~~~~~~~~~~~~~~~~~~~
../Core/Src/display_ui.c:160:36: warning: '%s' directive writing up to 15 bytes into a region of size 11 [-Wformat-overflow=]
  160 |             sprintf(imagStr, "Imag %s", buffer);
      |                                    ^~   ~~~~~~
../Core/Src/display_ui.c:160:13: note: 'sprintf' output between 6 and 21 bytes into a destination of size 16
  160 |             sprintf(imagStr, "Imag %s", buffer);
      |             ^~~~~~~~~~~~~~~~~~~~~~~~~~~~~~~~~~~
../Core/Src/display_ui.c: In function 'drawLevel2':
../Core/Src/display_ui.c:201:33: warning: ' = ' directive writing 3 bytes into a region of size between 2 and 4 [-Wformat-overflow=]
  201 |             sprintf(varStr, "x%d = ", i + 1);
      |                                 ^~~
../Core/Src/display_ui.c:201:13: note: 'sprintf' output between 6 and 8 bytes into a destination of size 6
  201 |             sprintf(varStr, "x%d = ", i + 1);
      |             ^~~~~~~~~~~~~~~~~~~~~~~~~~~~~~~~
arm-none-eabi-gcc -o "ComplexCalcProject.elf" @"objects.list"   -mcpu=cortex-m4 -T"C:\Users\dasre\Documents\Knowledge-db\ghFiles\pycodes\ComplexCalc\Py-ComplexCalc\OtherCalcs\HW Version\BlackPill STM32F411CE\04ComplexCalcProject\STM32F411CEUX_FLASH.ld" --specs=nosys.specs -Wl,-Map="ComplexCalcProject.map" -Wl,--gc-sections -static --specs=nano.specs -mfpu=fpv4-sp-d16 -mfloat-abi=hard -mthumb -u _printf_float -Wl,--start-group -lc -lm -Wl,--end-group
Finished building target: ComplexCalcProject.elf
 
arm-none-eabi-size  ComplexCalcProject.elf 
arm-none-eabi-objdump -h -S ComplexCalcProject.elf  > "ComplexCalcProject.list"
   text	   data	    bss	    dec	    hex	filename
  39240	    628	   2212	  42080	   a460	ComplexCalcProject.elf
Finished building: default.size.stdout
 
Finished building: ComplexCalcProject.list
 
22:27:59 **** Incremental Build of configuration Debug for project ComplexCalcProject ****
make -j8 all 
arm-none-eabi-gcc "../Core/Src/display_ui.c" -mcpu=cortex-m4 -std=gnu11 -g3 -DDEBUG -DUSE_HAL_DRIVER -DSTM32F411xE -c -I../Core/Inc -I../Drivers/STM32F4xx_HAL_Driver/Inc -I../Drivers/STM32F4xx_HAL_Driver/Inc/Legacy -I../Drivers/CMSIS/Device/ST/STM32F4xx/Include -I../Drivers/CMSIS/Include -O0 -ffunction-sections -fdata-sections -Wall -fstack-usage -fcyclomatic-complexity -MMD -MP -MF"Core/Src/display_ui.d" -MT"Core/Src/display_ui.o" --specs=nano.specs -mfpu=fpv4-sp-d16 -mfloat-abi=hard -mthumb -o "Core/Src/display_ui.o"
../Core/Src/display_ui.c: In function 'drawLevel0':
../Core/Src/display_ui.c:37:39: warning: '%s' directive writing up to 15 bytes into a region of size 11 [-Wformat-overflow=]
   37 |         sprintf(displayStr, "Sistema: %s", buffer);
      |                                       ^~   ~~~~~~
../Core/Src/display_ui.c:37:9: note: 'sprintf' output between 10 and 25 bytes into a destination of size 20
   37 |         sprintf(displayStr, "Sistema: %s", buffer);
      |         ^~~~~~~~~~~~~~~~~~~~~~~~~~~~~~~~~~~~~~~~~~
../Core/Src/display_ui.c: In function 'drawLevel1':
../Core/Src/display_ui.c:164:36: warning: '%s' directive writing up to 15 bytes into a region of size 11 [-Wformat-overflow=]
  164 |             sprintf(imagStr, "Imag %s", buffer);
      |                                    ^~   ~~~~~~
../Core/Src/display_ui.c:164:13: note: 'sprintf' output between 6 and 21 bytes into a destination of size 16
  164 |             sprintf(imagStr, "Imag %s", buffer);
      |             ^~~~~~~~~~~~~~~~~~~~~~~~~~~~~~~~~~~
../Core/Src/display_ui.c:154:36: warning: '%s' directive writing up to 15 bytes into a region of size 11 [-Wformat-overflow=]
  154 |             sprintf(realStr, "Real %s", buffer);
      |                                    ^~   ~~~~~~
../Core/Src/display_ui.c:154:13: note: 'sprintf' output between 6 and 21 bytes into a destination of size 16
  154 |             sprintf(realStr, "Real %s", buffer);
      |             ^~~~~~~~~~~~~~~~~~~~~~~~~~~~~~~~~~~
../Core/Src/display_ui.c: In function 'drawLevel2':
../Core/Src/display_ui.c:204:33: warning: ' = ' directive writing 3 bytes into a region of size between 2 and 4 [-Wformat-overflow=]
  204 |             sprintf(varStr, "x%d = ", i + 1);
      |                                 ^~~
../Core/Src/display_ui.c:204:13: note: 'sprintf' output between 6 and 8 bytes into a destination of size 6
  204 |             sprintf(varStr, "x%d = ", i + 1);
      |             ^~~~~~~~~~~~~~~~~~~~~~~~~~~~~~~~
arm-none-eabi-gcc -o "ComplexCalcProject.elf" @"objects.list"   -mcpu=cortex-m4 -T"C:\Users\dasre\Documents\Knowledge-db\ghFiles\pycodes\ComplexCalc\Py-ComplexCalc\OtherCalcs\HW Version\BlackPill STM32F411CE\04ComplexCalcProject\STM32F411CEUX_FLASH.ld" --specs=nosys.specs -Wl,-Map="ComplexCalcProject.map" -Wl,--gc-sections -static --specs=nano.specs -mfpu=fpv4-sp-d16 -mfloat-abi=hard -mthumb -u _printf_float -Wl,--start-group -lc -lm -Wl,--end-group
Finished building target: ComplexCalcProject.elf
 
arm-none-eabi-size  ComplexCalcProject.elf 
arm-none-eabi-objdump -h -S ComplexCalcProject.elf  > "ComplexCalcProject.list"
   text	   data	    bss	    dec	    hex	filename
  39232	    628	   2212	  42072	   a458	ComplexCalcProject.elf
Finished building: default.size.stdout
 
Finished building: ComplexCalcProject.list
 
22:30:07 **** Incremental Build of configuration Debug for project ComplexCalcProject ****
make -j8 all 
arm-none-eabi-gcc "../Core/Src/display_ui.c" -mcpu=cortex-m4 -std=gnu11 -g3 -DDEBUG -DUSE_HAL_DRIVER -DSTM32F411xE -c -I../Core/Inc -I../Drivers/STM32F4xx_HAL_Driver/Inc -I../Drivers/STM32F4xx_HAL_Driver/Inc/Legacy -I../Drivers/CMSIS/Device/ST/STM32F4xx/Include -I../Drivers/CMSIS/Include -O0 -ffunction-sections -fdata-sections -Wall -fstack-usage -fcyclomatic-complexity -MMD -MP -MF"Core/Src/display_ui.d" -MT"Core/Src/display_ui.o" --specs=nano.specs -mfpu=fpv4-sp-d16 -mfloat-abi=hard -mthumb -o "Core/Src/display_ui.o"
../Core/Src/display_ui.c: In function 'drawLevel1':
../Core/Src/display_ui.c:150:39: warning: format '%f' expects argument of type 'double', but argument 3 has type 'int' [-Wformat=]
  150 |             sprintf(imagStr, "Imag %.4f", 0);
      |                                    ~~~^   ~
      |                                       |   |
      |                                       |   int
      |                                       double
      |                                    %.4d
../Core/Src/display_ui.c:156:39: warning: format '%f' expects argument of type 'double', but argument 3 has type 'int' [-Wformat=]
  156 |             sprintf(imagStr, "Imag %.4f", 0);
      |                                    ~~~^   ~
      |                                       |   |
      |                                       |   int
      |                                       double
      |                                    %.4d
../Core/Src/display_ui.c: In function 'drawLevel0':
../Core/Src/display_ui.c:37:39: warning: '%s' directive writing up to 15 bytes into a region of size 11 [-Wformat-overflow=]
   37 |         sprintf(displayStr, "Sistema: %s", buffer);
      |                                       ^~   ~~~~~~
../Core/Src/display_ui.c:37:9: note: 'sprintf' output between 10 and 25 bytes into a destination of size 20
   37 |         sprintf(displayStr, "Sistema: %s", buffer);
      |         ^~~~~~~~~~~~~~~~~~~~~~~~~~~~~~~~~~~~~~~~~~
../Core/Src/display_ui.c: In function 'drawLevel1':
../Core/Src/display_ui.c:166:36: warning: '%s' directive writing up to 15 bytes into a region of size 11 [-Wformat-overflow=]
  166 |             sprintf(imagStr, "Imag %s", buffer);
      |                                    ^~   ~~~~~~
../Core/Src/display_ui.c:166:13: note: 'sprintf' output between 6 and 21 bytes into a destination of size 16
  166 |             sprintf(imagStr, "Imag %s", buffer);
      |             ^~~~~~~~~~~~~~~~~~~~~~~~~~~~~~~~~~~
../Core/Src/display_ui.c:160:36: warning: '%s' directive writing up to 15 bytes into a region of size 11 [-Wformat-overflow=]
  160 |             sprintf(imagStr, "Imag %s", buffer);
      |                                    ^~   ~~~~~~
../Core/Src/display_ui.c:160:13: note: 'sprintf' output between 6 and 21 bytes into a destination of size 16
  160 |             sprintf(imagStr, "Imag %s", buffer);
      |             ^~~~~~~~~~~~~~~~~~~~~~~~~~~~~~~~~~~
../Core/Src/display_ui.c:153:36: warning: '%s' directive writing up to 15 bytes into a region of size 11 [-Wformat-overflow=]
  153 |             sprintf(realStr, "Real %s", buffer);
      |                                    ^~   ~~~~~~
../Core/Src/display_ui.c:153:13: note: 'sprintf' output between 6 and 21 bytes into a destination of size 16
  153 |             sprintf(realStr, "Real %s", buffer);
      |             ^~~~~~~~~~~~~~~~~~~~~~~~~~~~~~~~~~~
../Core/Src/display_ui.c: In function 'drawLevel2':
../Core/Src/display_ui.c:201:33: warning: ' = ' directive writing 3 bytes into a region of size between 2 and 4 [-Wformat-overflow=]
  201 |             sprintf(varStr, "x%d = ", i + 1);
      |                                 ^~~
../Core/Src/display_ui.c:201:13: note: 'sprintf' output between 6 and 8 bytes into a destination of size 6
  201 |             sprintf(varStr, "x%d = ", i + 1);
      |             ^~~~~~~~~~~~~~~~~~~~~~~~~~~~~~~~
arm-none-eabi-gcc -o "ComplexCalcProject.elf" @"objects.list"   -mcpu=cortex-m4 -T"C:\Users\dasre\Documents\Knowledge-db\ghFiles\pycodes\ComplexCalc\Py-ComplexCalc\OtherCalcs\HW Version\BlackPill STM32F411CE\04ComplexCalcProject\STM32F411CEUX_FLASH.ld" --specs=nosys.specs -Wl,-Map="ComplexCalcProject.map" -Wl,--gc-sections -static --specs=nano.specs -mfpu=fpv4-sp-d16 -mfloat-abi=hard -mthumb -u _printf_float -Wl,--start-group -lc -lm -Wl,--end-group
Finished building target: ComplexCalcProject.elf
 
arm-none-eabi-size  ComplexCalcProject.elf 
arm-none-eabi-objdump -h -S ComplexCalcProject.elf  > "ComplexCalcProject.list"
   text	   data	    bss	    dec	    hex	filename
  39224	    628	   2212	  42064	   a450	ComplexCalcProject.elf
Finished building: default.size.stdout
 
Finished building: ComplexCalcProject.list
 
22:36:56 **** Incremental Build of configuration Debug for project ComplexCalcProject ****
make -j8 all 
arm-none-eabi-gcc "../Core/Src/0main.c" -mcpu=cortex-m4 -std=gnu11 -g3 -DDEBUG -DUSE_HAL_DRIVER -DSTM32F411xE -c -I../Core/Inc -I../Drivers/STM32F4xx_HAL_Driver/Inc -I../Drivers/STM32F4xx_HAL_Driver/Inc/Legacy -I../Drivers/CMSIS/Device/ST/STM32F4xx/Include -I../Drivers/CMSIS/Include -O0 -ffunction-sections -fdata-sections -Wall -fstack-usage -fcyclomatic-complexity -MMD -MP -MF"Core/Src/0main.d" -MT"Core/Src/0main.o" --specs=nano.specs -mfpu=fpv4-sp-d16 -mfloat-abi=hard -mthumb -o "Core/Src/0main.o"
../Core/Src/0main.c: In function 'main':
../Core/Src/0main.c:89:13: warning: implicit declaration of function 'drawLevel0' [-Wimplicit-function-declaration]
   89 |             drawLevel0();
      |             ^~~~~~~~~~
../Core/Src/0main.c:126:13: warning: implicit declaration of function 'drawLevel1' [-Wimplicit-function-declaration]
  126 |             drawLevel1(colMat, rowMat, navigating);
      |             ^~~~~~~~~~
../Core/Src/0main.c:214:9: warning: implicit declaration of function 'drawLevel2' [-Wimplicit-function-declaration]
  214 |         drawLevel2(success == 0);
      |         ^~~~~~~~~~
../Core/Src/0main.c: In function 'readPad':
../Core/Src/0main.c:240:9: warning: cast from pointer to integer of different size [-Wpointer-to-int-cast]
  240 |     if ((unsigned char)keypress == 0x27) return 0;
      |         ^
../Core/Src/0main.c: At top level:
../Core/Src/0main.c:32:23: warning: 'TestImage' defined but not used [-Wunused-const-variable=]
   32 | static const uint16_t TestImage [] ={
      |                       ^~~~~~~~~
arm-none-eabi-gcc -o "ComplexCalcProject.elf" @"objects.list"   -mcpu=cortex-m4 -T"C:\Users\dasre\Documents\Knowledge-db\ghFiles\pycodes\ComplexCalc\Py-ComplexCalc\OtherCalcs\HW Version\BlackPill STM32F411CE\04ComplexCalcProject\STM32F411CEUX_FLASH.ld" --specs=nosys.specs -Wl,-Map="ComplexCalcProject.map" -Wl,--gc-sections -static --specs=nano.specs -mfpu=fpv4-sp-d16 -mfloat-abi=hard -mthumb -u _printf_float -Wl,--start-group -lc -lm -Wl,--end-group
Finished building target: ComplexCalcProject.elf
 
arm-none-eabi-size  ComplexCalcProject.elf 
arm-none-eabi-objdump -h -S ComplexCalcProject.elf  > "ComplexCalcProject.list"
   text	   data	    bss	    dec	    hex	filename
  39272	    628	   2212	  42112	   a480	ComplexCalcProject.elf
Finished building: default.size.stdout
 
Finished building: ComplexCalcProject.list
 
22:37:01 **** Incremental Build of configuration Debug for project ComplexCalcProject ****
make -j8 all 
arm-none-eabi-size  ComplexCalcProject.elf 
   text	   data	    bss	    dec	    hex	filename
  39272	    628	   2212	  42112	   a480	ComplexCalcProject.elf
Finished building: default.size.stdout
 
22:57:19 **** Incremental Build of configuration Debug for project ComplexCalcProject ****
make -j8 all 
arm-none-eabi-gcc "../Core/Src/display_ui.c" -mcpu=cortex-m4 -std=gnu11 -g3 -DDEBUG -DUSE_HAL_DRIVER -DSTM32F411xE -c -I../Core/Inc -I../Drivers/STM32F4xx_HAL_Driver/Inc -I../Drivers/STM32F4xx_HAL_Driver/Inc/Legacy -I../Drivers/CMSIS/Device/ST/STM32F4xx/Include -I../Drivers/CMSIS/Include -O0 -ffunction-sections -fdata-sections -Wall -fstack-usage -fcyclomatic-complexity -MMD -MP -MF"Core/Src/display_ui.d" -MT"Core/Src/display_ui.o" --specs=nano.specs -mfpu=fpv4-sp-d16 -mfloat-abi=hard -mthumb -o "Core/Src/display_ui.o"
../Core/Src/display_ui.c: In function 'drawLevel1':
../Core/Src/display_ui.c:150:40: warning: format '%f' expects argument of type 'double', but argument 3 has type 'int' [-Wformat=]
  150 |             sprintf(imagStr, "Imag j%.4f", 0);
      |                                     ~~~^   ~
      |                                        |   |
      |                                        |   int
      |                                        double
      |                                     %.4d
../Core/Src/display_ui.c:156:40: warning: format '%f' expects argument of type 'double', but argument 3 has type 'int' [-Wformat=]
  156 |             sprintf(imagStr, "Imag j%.4f", 0);
      |                                     ~~~^   ~
      |                                        |   |
      |                                        |   int
      |                                        double
      |                                     %.4d
../Core/Src/display_ui.c: In function 'drawLevel2':
../Core/Src/display_ui.c:204:17: warning: unused variable 'idx' [-Wunused-variable]
  204 |             int idx = 0;
      |                 ^~~
../Core/Src/display_ui.c:203:18: warning: unused variable 'realStr' [-Wunused-variable]
  203 |             char realStr[12];
      |                  ^~~~~~~
../Core/Src/display_ui.c:200:21: warning: unused variable 'posy' [-Wunused-variable]
  200 |             uint8_t posy = 8;
      |                     ^~~~
../Core/Src/display_ui.c: In function 'drawLevel0':
../Core/Src/display_ui.c:37:39: warning: '%s' directive writing up to 15 bytes into a region of size 11 [-Wformat-overflow=]
   37 |         sprintf(displayStr, "Sistema: %s", buffer);
      |                                       ^~   ~~~~~~
../Core/Src/display_ui.c:37:9: note: 'sprintf' output between 10 and 25 bytes into a destination of size 20
   37 |         sprintf(displayStr, "Sistema: %s", buffer);
      |         ^~~~~~~~~~~~~~~~~~~~~~~~~~~~~~~~~~~~~~~~~~
../Core/Src/display_ui.c: In function 'drawLevel1':
../Core/Src/display_ui.c:166:37: warning: '%s' directive writing up to 15 bytes into a region of size 10 [-Wformat-overflow=]
  166 |             sprintf(imagStr, "Imag j%s", buffer);
      |                                     ^~   ~~~~~~
../Core/Src/display_ui.c:166:13: note: 'sprintf' output between 7 and 22 bytes into a destination of size 16
  166 |             sprintf(imagStr, "Imag j%s", buffer);
      |             ^~~~~~~~~~~~~~~~~~~~~~~~~~~~~~~~~~~~
../Core/Src/display_ui.c:160:37: warning: '%s' directive writing up to 15 bytes into a region of size 10 [-Wformat-overflow=]
  160 |             sprintf(imagStr, "Imag j%s", buffer);
      |                                     ^~   ~~~~~~
../Core/Src/display_ui.c:160:13: note: 'sprintf' output between 7 and 22 bytes into a destination of size 16
  160 |             sprintf(imagStr, "Imag j%s", buffer);
      |             ^~~~~~~~~~~~~~~~~~~~~~~~~~~~~~~~~~~~
../Core/Src/display_ui.c:153:36: warning: '%s' directive writing up to 15 bytes into a region of size 11 [-Wformat-overflow=]
  153 |             sprintf(realStr, "Real %s", buffer);
      |                                    ^~   ~~~~~~
../Core/Src/display_ui.c:153:13: note: 'sprintf' output between 6 and 21 bytes into a destination of size 16
  153 |             sprintf(realStr, "Real %s", buffer);
      |             ^~~~~~~~~~~~~~~~~~~~~~~~~~~~~~~~~~~
arm-none-eabi-gcc -o "ComplexCalcProject.elf" @"objects.list"   -mcpu=cortex-m4 -T"C:\Users\dasre\Documents\Knowledge-db\ghFiles\pycodes\ComplexCalc\Py-ComplexCalc\OtherCalcs\HW Version\BlackPill STM32F411CE\04ComplexCalcProject\STM32F411CEUX_FLASH.ld" --specs=nosys.specs -Wl,-Map="ComplexCalcProject.map" -Wl,--gc-sections -static --specs=nano.specs -mfpu=fpv4-sp-d16 -mfloat-abi=hard -mthumb -u _printf_float -Wl,--start-group -lc -lm -Wl,--end-group
Finished building target: ComplexCalcProject.elf
 
arm-none-eabi-size  ComplexCalcProject.elf 
arm-none-eabi-objdump -h -S ComplexCalcProject.elf  > "ComplexCalcProject.list"
   text	   data	    bss	    dec	    hex	filename
  39240	    628	   2212	  42080	   a460	ComplexCalcProject.elf
Finished building: default.size.stdout
 
Finished building: ComplexCalcProject.list
 
23:05:00 **** Incremental Build of configuration Debug for project ComplexCalcProject ****
make -j8 all 
arm-none-eabi-gcc "../Core/Src/display_ui.c" -mcpu=cortex-m4 -std=gnu11 -g3 -DDEBUG -DUSE_HAL_DRIVER -DSTM32F411xE -c -I../Core/Inc -I../Drivers/STM32F4xx_HAL_Driver/Inc -I../Drivers/STM32F4xx_HAL_Driver/Inc/Legacy -I../Drivers/CMSIS/Device/ST/STM32F4xx/Include -I../Drivers/CMSIS/Include -O0 -ffunction-sections -fdata-sections -Wall -fstack-usage -fcyclomatic-complexity -MMD -MP -MF"Core/Src/display_ui.d" -MT"Core/Src/display_ui.o" --specs=nano.specs -mfpu=fpv4-sp-d16 -mfloat-abi=hard -mthumb -o "Core/Src/display_ui.o"
../Core/Src/display_ui.c: In function 'drawLevel1':
../Core/Src/display_ui.c:150:40: warning: format '%f' expects argument of type 'double', but argument 3 has type 'int' [-Wformat=]
  150 |             sprintf(imagStr, "Imag j%.4f", 0);
      |                                     ~~~^   ~
      |                                        |   |
      |                                        |   int
      |                                        double
      |                                     %.4d
../Core/Src/display_ui.c:156:40: warning: format '%f' expects argument of type 'double', but argument 3 has type 'int' [-Wformat=]
  156 |             sprintf(imagStr, "Imag j%.4f", 0);
      |                                     ~~~^   ~
      |                                        |   |
      |                                        |   int
      |                                        double
      |                                     %.4d
../Core/Src/display_ui.c: In function 'drawLevel2':
../Core/Src/display_ui.c:204:17: warning: unused variable 'idx' [-Wunused-variable]
  204 |             int idx = 0;
      |                 ^~~
../Core/Src/display_ui.c:203:18: warning: unused variable 'realStr' [-Wunused-variable]
  203 |             char realStr[20];
      |                  ^~~~~~~
../Core/Src/display_ui.c:200:21: warning: unused variable 'posy' [-Wunused-variable]
  200 |             uint8_t posy = 8;
      |                     ^~~~
../Core/Src/display_ui.c: In function 'drawLevel0':
../Core/Src/display_ui.c:37:39: warning: '%s' directive writing up to 15 bytes into a region of size 11 [-Wformat-overflow=]
   37 |         sprintf(displayStr, "Sistema: %s", buffer);
      |                                       ^~   ~~~~~~
../Core/Src/display_ui.c:37:9: note: 'sprintf' output between 10 and 25 bytes into a destination of size 20
   37 |         sprintf(displayStr, "Sistema: %s", buffer);
      |         ^~~~~~~~~~~~~~~~~~~~~~~~~~~~~~~~~~~~~~~~~~
../Core/Src/display_ui.c: In function 'drawLevel1':
../Core/Src/display_ui.c:166:37: warning: '%s' directive writing up to 15 bytes into a region of size 10 [-Wformat-overflow=]
  166 |             sprintf(imagStr, "Imag j%s", buffer);
      |                                     ^~   ~~~~~~
../Core/Src/display_ui.c:166:13: note: 'sprintf' output between 7 and 22 bytes into a destination of size 16
  166 |             sprintf(imagStr, "Imag j%s", buffer);
      |             ^~~~~~~~~~~~~~~~~~~~~~~~~~~~~~~~~~~~
../Core/Src/display_ui.c:160:37: warning: '%s' directive writing up to 15 bytes into a region of size 10 [-Wformat-overflow=]
  160 |             sprintf(imagStr, "Imag j%s", buffer);
      |                                     ^~   ~~~~~~
../Core/Src/display_ui.c:160:13: note: 'sprintf' output between 7 and 22 bytes into a destination of size 16
  160 |             sprintf(imagStr, "Imag j%s", buffer);
      |             ^~~~~~~~~~~~~~~~~~~~~~~~~~~~~~~~~~~~
../Core/Src/display_ui.c:153:36: warning: '%s' directive writing up to 15 bytes into a region of size 11 [-Wformat-overflow=]
  153 |             sprintf(realStr, "Real %s", buffer);
      |                                    ^~   ~~~~~~
../Core/Src/display_ui.c:153:13: note: 'sprintf' output between 6 and 21 bytes into a destination of size 16
  153 |             sprintf(realStr, "Real %s", buffer);
      |             ^~~~~~~~~~~~~~~~~~~~~~~~~~~~~~~~~~~
../Core/Src/display_ui.c: In function 'drawLevel2':
../Core/Src/display_ui.c:215:44: warning: '%.4f' directive writing between 3 and 315 bytes into a region of size between 0 and 10 [-Wformat-overflow=]
  215 |             sprintf(varStr, "x%d = %.4f %s %.4f", i + 1,x[i].r,imagStr,x[i].i);
      |                                            ^~~~
../Core/Src/display_ui.c:215:29: note: assuming directive output of 6 bytes
  215 |             sprintf(varStr, "x%d = %.4f %s %.4f", i + 1,x[i].r,imagStr,x[i].i);
      |                             ^~~~~~~~~~~~~~~~~~~~
../Core/Src/display_ui.c:215:13: note: 'sprintf' output between 14 and 642 bytes into a destination of size 20
  215 |             sprintf(varStr, "x%d = %.4f %s %.4f", i + 1,x[i].r,imagStr,x[i].i);
      |             ^~~~~~~~~~~~~~~~~~~~~~~~~~~~~~~~~~~~~~~~~~~~~~~~~~~~~~~~~~~~~~~~~~
arm-none-eabi-gcc -o "ComplexCalcProject.elf" @"objects.list"   -mcpu=cortex-m4 -T"C:\Users\dasre\Documents\Knowledge-db\ghFiles\pycodes\ComplexCalc\Py-ComplexCalc\OtherCalcs\HW Version\BlackPill STM32F411CE\04ComplexCalcProject\STM32F411CEUX_FLASH.ld" --specs=nosys.specs -Wl,-Map="ComplexCalcProject.map" -Wl,--gc-sections -static --specs=nano.specs -mfpu=fpv4-sp-d16 -mfloat-abi=hard -mthumb -u _printf_float -Wl,--start-group -lc -lm -Wl,--end-group
Finished building target: ComplexCalcProject.elf
 
arm-none-eabi-size  ComplexCalcProject.elf 
arm-none-eabi-objdump -h -S ComplexCalcProject.elf  > "ComplexCalcProject.list"
   text	   data	    bss	    dec	    hex	filename
  39192	    628	   2212	  42032	   a430	ComplexCalcProject.elf
Finished building: default.size.stdout
 
Finished building: ComplexCalcProject.list
 
23:10:58 **** Incremental Build of configuration Debug for project ComplexCalcProject ****
make -j8 all 
arm-none-eabi-gcc "../Core/Src/display_ui.c" -mcpu=cortex-m4 -std=gnu11 -g3 -DDEBUG -DUSE_HAL_DRIVER -DSTM32F411xE -c -I../Core/Inc -I../Drivers/STM32F4xx_HAL_Driver/Inc -I../Drivers/STM32F4xx_HAL_Driver/Inc/Legacy -I../Drivers/CMSIS/Device/ST/STM32F4xx/Include -I../Drivers/CMSIS/Include -O0 -ffunction-sections -fdata-sections -Wall -fstack-usage -fcyclomatic-complexity -MMD -MP -MF"Core/Src/display_ui.d" -MT"Core/Src/display_ui.o" --specs=nano.specs -mfpu=fpv4-sp-d16 -mfloat-abi=hard -mthumb -o "Core/Src/display_ui.o"
../Core/Src/display_ui.c: In function 'drawLevel1':
../Core/Src/display_ui.c:150:40: warning: format '%f' expects argument of type 'double', but argument 3 has type 'int' [-Wformat=]
  150 |             sprintf(imagStr, "Imag j%.4f", 0);
      |                                     ~~~^   ~
      |                                        |   |
      |                                        |   int
      |                                        double
      |                                     %.4d
../Core/Src/display_ui.c:156:40: warning: format '%f' expects argument of type 'double', but argument 3 has type 'int' [-Wformat=]
  156 |             sprintf(imagStr, "Imag j%.4f", 0);
      |                                     ~~~^   ~
      |                                        |   |
      |                                        |   int
      |                                        double
      |                                     %.4d
../Core/Src/display_ui.c: In function 'drawLevel2':
../Core/Src/display_ui.c:204:17: warning: unused variable 'idx' [-Wunused-variable]
  204 |             int idx = 0;
      |                 ^~~
../Core/Src/display_ui.c:203:18: warning: unused variable 'realStr' [-Wunused-variable]
  203 |             char realStr[20];
      |                  ^~~~~~~
../Core/Src/display_ui.c:200:21: warning: unused variable 'posy' [-Wunused-variable]
  200 |             uint8_t posy = 8;
      |                     ^~~~
../Core/Src/display_ui.c: In function 'drawLevel0':
../Core/Src/display_ui.c:37:39: warning: '%s' directive writing up to 15 bytes into a region of size 11 [-Wformat-overflow=]
   37 |         sprintf(displayStr, "Sistema: %s", buffer);
      |                                       ^~   ~~~~~~
../Core/Src/display_ui.c:37:9: note: 'sprintf' output between 10 and 25 bytes into a destination of size 20
   37 |         sprintf(displayStr, "Sistema: %s", buffer);
      |         ^~~~~~~~~~~~~~~~~~~~~~~~~~~~~~~~~~~~~~~~~~
../Core/Src/display_ui.c: In function 'drawLevel1':
../Core/Src/display_ui.c:166:37: warning: '%s' directive writing up to 15 bytes into a region of size 10 [-Wformat-overflow=]
  166 |             sprintf(imagStr, "Imag j%s", buffer);
      |                                     ^~   ~~~~~~
../Core/Src/display_ui.c:166:13: note: 'sprintf' output between 7 and 22 bytes into a destination of size 16
  166 |             sprintf(imagStr, "Imag j%s", buffer);
      |             ^~~~~~~~~~~~~~~~~~~~~~~~~~~~~~~~~~~~
../Core/Src/display_ui.c:160:37: warning: '%s' directive writing up to 15 bytes into a region of size 10 [-Wformat-overflow=]
  160 |             sprintf(imagStr, "Imag j%s", buffer);
      |                                     ^~   ~~~~~~
../Core/Src/display_ui.c:160:13: note: 'sprintf' output between 7 and 22 bytes into a destination of size 16
  160 |             sprintf(imagStr, "Imag j%s", buffer);
      |             ^~~~~~~~~~~~~~~~~~~~~~~~~~~~~~~~~~~~
../Core/Src/display_ui.c:153:36: warning: '%s' directive writing up to 15 bytes into a region of size 11 [-Wformat-overflow=]
  153 |             sprintf(realStr, "Real %s", buffer);
      |                                    ^~   ~~~~~~
../Core/Src/display_ui.c:153:13: note: 'sprintf' output between 6 and 21 bytes into a destination of size 16
  153 |             sprintf(realStr, "Real %s", buffer);
      |             ^~~~~~~~~~~~~~~~~~~~~~~~~~~~~~~~~~~
arm-none-eabi-gcc -o "ComplexCalcProject.elf" @"objects.list"   -mcpu=cortex-m4 -T"C:\Users\dasre\Documents\Knowledge-db\ghFiles\pycodes\ComplexCalc\Py-ComplexCalc\OtherCalcs\HW Version\BlackPill STM32F411CE\04ComplexCalcProject\STM32F411CEUX_FLASH.ld" --specs=nosys.specs -Wl,-Map="ComplexCalcProject.map" -Wl,--gc-sections -static --specs=nano.specs -mfpu=fpv4-sp-d16 -mfloat-abi=hard -mthumb -u _printf_float -Wl,--start-group -lc -lm -Wl,--end-group
Finished building target: ComplexCalcProject.elf
 
arm-none-eabi-size  ComplexCalcProject.elf 
arm-none-eabi-objdump -h -S ComplexCalcProject.elf  > "ComplexCalcProject.list"
   text	   data	    bss	    dec	    hex	filename
  39192	    628	   2212	  42032	   a430	ComplexCalcProject.elf
Finished building: default.size.stdout
 
Finished building: ComplexCalcProject.list
 
23:14:27 **** Incremental Build of configuration Debug for project ComplexCalcProject ****
make -j8 all 
arm-none-eabi-gcc "../Core/Src/display_ui.c" -mcpu=cortex-m4 -std=gnu11 -g3 -DDEBUG -DUSE_HAL_DRIVER -DSTM32F411xE -c -I../Core/Inc -I../Drivers/STM32F4xx_HAL_Driver/Inc -I../Drivers/STM32F4xx_HAL_Driver/Inc/Legacy -I../Drivers/CMSIS/Device/ST/STM32F4xx/Include -I../Drivers/CMSIS/Include -O0 -ffunction-sections -fdata-sections -Wall -fstack-usage -fcyclomatic-complexity -MMD -MP -MF"Core/Src/display_ui.d" -MT"Core/Src/display_ui.o" --specs=nano.specs -mfpu=fpv4-sp-d16 -mfloat-abi=hard -mthumb -o "Core/Src/display_ui.o"
../Core/Src/display_ui.c: In function 'drawLevel1':
../Core/Src/display_ui.c:150:40: warning: format '%f' expects argument of type 'double', but argument 3 has type 'int' [-Wformat=]
  150 |             sprintf(imagStr, "Imag j%.4f", 0);
      |                                     ~~~^   ~
      |                                        |   |
      |                                        |   int
      |                                        double
      |                                     %.4d
../Core/Src/display_ui.c:156:40: warning: format '%f' expects argument of type 'double', but argument 3 has type 'int' [-Wformat=]
  156 |             sprintf(imagStr, "Imag j%.4f", 0);
      |                                     ~~~^   ~
      |                                        |   |
      |                                        |   int
      |                                        double
      |                                     %.4d
../Core/Src/display_ui.c: In function 'drawLevel2':
../Core/Src/display_ui.c:204:17: warning: unused variable 'idx' [-Wunused-variable]
  204 |             int idx = 0;
      |                 ^~~
../Core/Src/display_ui.c:203:18: warning: unused variable 'realStr' [-Wunused-variable]
  203 |             char realStr[20];
      |                  ^~~~~~~
../Core/Src/display_ui.c:200:21: warning: unused variable 'posy' [-Wunused-variable]
  200 |             uint8_t posy = 8;
      |                     ^~~~
../Core/Src/display_ui.c: In function 'drawLevel0':
../Core/Src/display_ui.c:37:39: warning: '%s' directive writing up to 15 bytes into a region of size 11 [-Wformat-overflow=]
   37 |         sprintf(displayStr, "Sistema: %s", buffer);
      |                                       ^~   ~~~~~~
../Core/Src/display_ui.c:37:9: note: 'sprintf' output between 10 and 25 bytes into a destination of size 20
   37 |         sprintf(displayStr, "Sistema: %s", buffer);
      |         ^~~~~~~~~~~~~~~~~~~~~~~~~~~~~~~~~~~~~~~~~~
../Core/Src/display_ui.c: In function 'drawLevel1':
../Core/Src/display_ui.c:166:37: warning: '%s' directive writing up to 15 bytes into a region of size 10 [-Wformat-overflow=]
  166 |             sprintf(imagStr, "Imag j%s", buffer);
      |                                     ^~   ~~~~~~
../Core/Src/display_ui.c:166:13: note: 'sprintf' output between 7 and 22 bytes into a destination of size 16
  166 |             sprintf(imagStr, "Imag j%s", buffer);
      |             ^~~~~~~~~~~~~~~~~~~~~~~~~~~~~~~~~~~~
../Core/Src/display_ui.c:160:37: warning: '%s' directive writing up to 15 bytes into a region of size 10 [-Wformat-overflow=]
  160 |             sprintf(imagStr, "Imag j%s", buffer);
      |                                     ^~   ~~~~~~
../Core/Src/display_ui.c:160:13: note: 'sprintf' output between 7 and 22 bytes into a destination of size 16
  160 |             sprintf(imagStr, "Imag j%s", buffer);
      |             ^~~~~~~~~~~~~~~~~~~~~~~~~~~~~~~~~~~~
../Core/Src/display_ui.c:153:36: warning: '%s' directive writing up to 15 bytes into a region of size 11 [-Wformat-overflow=]
  153 |             sprintf(realStr, "Real %s", buffer);
      |                                    ^~   ~~~~~~
../Core/Src/display_ui.c:153:13: note: 'sprintf' output between 6 and 21 bytes into a destination of size 16
  153 |             sprintf(realStr, "Real %s", buffer);
      |             ^~~~~~~~~~~~~~~~~~~~~~~~~~~~~~~~~~~
arm-none-eabi-gcc -o "ComplexCalcProject.elf" @"objects.list"   -mcpu=cortex-m4 -T"C:\Users\dasre\Documents\Knowledge-db\ghFiles\pycodes\ComplexCalc\Py-ComplexCalc\OtherCalcs\HW Version\BlackPill STM32F411CE\04ComplexCalcProject\STM32F411CEUX_FLASH.ld" --specs=nosys.specs -Wl,-Map="ComplexCalcProject.map" -Wl,--gc-sections -static --specs=nano.specs -mfpu=fpv4-sp-d16 -mfloat-abi=hard -mthumb -u _printf_float -Wl,--start-group -lc -lm -Wl,--end-group
Finished building target: ComplexCalcProject.elf
 
arm-none-eabi-size  ComplexCalcProject.elf 
arm-none-eabi-objdump -h -S ComplexCalcProject.elf  > "ComplexCalcProject.list"
   text	   data	    bss	    dec	    hex	filename
  39192	    628	   2212	  42032	   a430	ComplexCalcProject.elf
Finished building: default.size.stdout
 
Finished building: ComplexCalcProject.list
 
